{
    "fasta with gtf": {
        "content": [
            "[]",
            null
        ],
        "meta": {
            "nf-test": "0.9.3",
            "nextflow": "25.10.2"
        },
        "timestamp": "2026-02-04T14:50:18.931902524"
    },
    "fasta no gtf - stub": {
        "content": [
            {
                "0": [
                    [
                        "Genome:md5,d41d8cd98f00b204e9800998ecf8427e",
                        "Log.out:md5,d41d8cd98f00b204e9800998ecf8427e",
                        "SA:md5,d41d8cd98f00b204e9800998ecf8427e",
                        "SAindex:md5,d41d8cd98f00b204e9800998ecf8427e",
                        "chrLength.txt:md5,d41d8cd98f00b204e9800998ecf8427e",
                        "chrName.txt:md5,d41d8cd98f00b204e9800998ecf8427e",
                        "chrNameLength.txt:md5,d41d8cd98f00b204e9800998ecf8427e",
                        "chrStart.txt:md5,d41d8cd98f00b204e9800998ecf8427e",
                        "genomeParameters.txt:md5,d41d8cd98f00b204e9800998ecf8427e"
                    ]
                ],
                "1": [
                    [
                        "STAR_GENOMEGENERATE_IGENOMES",
                        "star",
                        "2.6.1d"
                    ]
                ],
                "2": [
                    [
                        "STAR_GENOMEGENERATE_IGENOMES",
                        "samtools",
                        "1.21"
                    ]
                ],
                "3": [
                    [
                        "STAR_GENOMEGENERATE_IGENOMES",
                        "gawk",
                        "5.1.0\nCopyright (C) 1989\n\nThis program is free software; you can redistribute it and/or modify\nit under the terms of the GNU General Public License as published by\nthe Free Software Foundation; either version 3 of the License\n(at your option) any later version.\n\nThis program is distributed in the hope that it will be useful,\nbut WITHOUT ANY WARRANTY; without even the implied warranty of\nMERCHANTABILITY or FITNESS FOR A PARTICULAR PURPOSE.  See the\nGNU General Public License for more details.\n\nYou should have received a copy of the GNU General Public License\nalong with this program. If not"
                    ]
                ],
                "index": [
                    [
                        "Genome:md5,d41d8cd98f00b204e9800998ecf8427e",
                        "Log.out:md5,d41d8cd98f00b204e9800998ecf8427e",
                        "SA:md5,d41d8cd98f00b204e9800998ecf8427e",
                        "SAindex:md5,d41d8cd98f00b204e9800998ecf8427e",
                        "chrLength.txt:md5,d41d8cd98f00b204e9800998ecf8427e",
                        "chrName.txt:md5,d41d8cd98f00b204e9800998ecf8427e",
                        "chrNameLength.txt:md5,d41d8cd98f00b204e9800998ecf8427e",
                        "chrStart.txt:md5,d41d8cd98f00b204e9800998ecf8427e",
                        "genomeParameters.txt:md5,d41d8cd98f00b204e9800998ecf8427e"
                    ]
                ]
            }
        ],
        "meta": {
            "nf-test": "0.9.3",
            "nextflow": "25.10.2"
        },
        "timestamp": "2026-02-04T15:25:31.725926068"
    },
    "fasta no gtf": {
        "content": [
            "[]",
            null
        ],
        "meta": {
            "nf-test": "0.9.3",
            "nextflow": "25.10.2"
        },
        "timestamp": "2026-02-04T14:50:29.716915816"
    },
    "fasta with gtf - stub": {
        "content": [
            {
                "0": [
                    [
                        "Genome:md5,d41d8cd98f00b204e9800998ecf8427e",
                        "Log.out:md5,d41d8cd98f00b204e9800998ecf8427e",
                        "SA:md5,d41d8cd98f00b204e9800998ecf8427e",
                        "SAindex:md5,d41d8cd98f00b204e9800998ecf8427e",
                        "chrLength.txt:md5,d41d8cd98f00b204e9800998ecf8427e",
                        "chrName.txt:md5,d41d8cd98f00b204e9800998ecf8427e",
                        "chrNameLength.txt:md5,d41d8cd98f00b204e9800998ecf8427e",
                        "chrStart.txt:md5,d41d8cd98f00b204e9800998ecf8427e",
                        "exonGeTrInfo.tab:md5,d41d8cd98f00b204e9800998ecf8427e",
                        "exonInfo.tab:md5,d41d8cd98f00b204e9800998ecf8427e",
                        "geneInfo.tab:md5,d41d8cd98f00b204e9800998ecf8427e",
                        "genomeParameters.txt:md5,d41d8cd98f00b204e9800998ecf8427e",
                        "sjdbInfo.txt:md5,d41d8cd98f00b204e9800998ecf8427e",
                        "sjdbList.fromGTF.out.tab:md5,d41d8cd98f00b204e9800998ecf8427e",
                        "sjdbList.out.tab:md5,d41d8cd98f00b204e9800998ecf8427e",
                        "transcriptInfo.tab:md5,d41d8cd98f00b204e9800998ecf8427e"
                    ]
                ],
                "1": [
                    [
                        "STAR_GENOMEGENERATE_IGENOMES",
                        "star",
                        "2.6.1d"
                    ]
                ],
                "2": [
                    [
                        "STAR_GENOMEGENERATE_IGENOMES",
                        "samtools",
                        "1.21"
                    ]
                ],
                "3": [
                    [
                        "STAR_GENOMEGENERATE_IGENOMES",
                        "gawk",
                        "5.1.0\nCopyright (C) 1989\n\nThis program is free software; you can redistribute it and/or modify\nit under the terms of the GNU General Public License as published by\nthe Free Software Foundation; either version 3 of the License\n(at your option) any later version.\n\nThis program is distributed in the hope that it will be useful,\nbut WITHOUT ANY WARRANTY; without even the implied warranty of\nMERCHANTABILITY or FITNESS FOR A PARTICULAR PURPOSE.  See the\nGNU General Public License for more details.\n\nYou should have received a copy of the GNU General Public License\nalong with this program. If not"
                    ]
                ],
                "index": [
                    [
                        "Genome:md5,d41d8cd98f00b204e9800998ecf8427e",
                        "Log.out:md5,d41d8cd98f00b204e9800998ecf8427e",
                        "SA:md5,d41d8cd98f00b204e9800998ecf8427e",
                        "SAindex:md5,d41d8cd98f00b204e9800998ecf8427e",
                        "chrLength.txt:md5,d41d8cd98f00b204e9800998ecf8427e",
                        "chrName.txt:md5,d41d8cd98f00b204e9800998ecf8427e",
                        "chrNameLength.txt:md5,d41d8cd98f00b204e9800998ecf8427e",
                        "chrStart.txt:md5,d41d8cd98f00b204e9800998ecf8427e",
                        "exonGeTrInfo.tab:md5,d41d8cd98f00b204e9800998ecf8427e",
                        "exonInfo.tab:md5,d41d8cd98f00b204e9800998ecf8427e",
                        "geneInfo.tab:md5,d41d8cd98f00b204e9800998ecf8427e",
                        "genomeParameters.txt:md5,d41d8cd98f00b204e9800998ecf8427e",
                        "sjdbInfo.txt:md5,d41d8cd98f00b204e9800998ecf8427e",
                        "sjdbList.fromGTF.out.tab:md5,d41d8cd98f00b204e9800998ecf8427e",
                        "sjdbList.out.tab:md5,d41d8cd98f00b204e9800998ecf8427e",
                        "transcriptInfo.tab:md5,d41d8cd98f00b204e9800998ecf8427e"
                    ]
                ]
            }
        ],
        "meta": {
            "nf-test": "0.9.3",
            "nextflow": "25.10.2"
        },
        "timestamp": "2026-02-04T15:25:20.950024713"
    }
}