{
    "saccharomyces_cerevisiae - stub": {
        "content": [
            {
                "0": [
                    [
                        {
                            "id": "rsem_merged"
                        },
                        "rsem_merged.gene_counts.tsv:md5,d41d8cd98f00b204e9800998ecf8427e"
                    ]
                ],
                "1": [
                    [
                        {
                            "id": "rsem_merged"
                        },
                        "rsem_merged.gene_tpm.tsv:md5,d41d8cd98f00b204e9800998ecf8427e"
                    ]
                ],
                "2": [
                    [
                        {
                            "id": "rsem_merged"
                        },
                        "rsem_merged.transcript_counts.tsv:md5,d41d8cd98f00b204e9800998ecf8427e"
                    ]
                ],
                "3": [
                    [
                        {
                            "id": "rsem_merged"
                        },
                        "rsem_merged.transcript_tpm.tsv:md5,d41d8cd98f00b204e9800998ecf8427e"
                    ]
                ],
                "4": [
                    [
                        {
                            "id": "rsem_merged"
                        },
                        "rsem_merged.genes_long.tsv:md5,d41d8cd98f00b204e9800998ecf8427e"
                    ]
                ],
                "5": [
                    [
                        {
                            "id": "rsem_merged"
                        },
                        "rsem_merged.isoforms_long.tsv:md5,d41d8cd98f00b204e9800998ecf8427e"
                    ]
                ],
                "6": [
                    [
                        "CUSTOM_RSEMMERGECOUNTS",
                        "sed",
                        "4.7"
                    ]
                ],
                "counts_gene": [
                    [
                        {
                            "id": "rsem_merged"
                        },
                        "rsem_merged.gene_counts.tsv:md5,d41d8cd98f00b204e9800998ecf8427e"
                    ]
                ],
                "counts_transcript": [
                    [
                        {
                            "id": "rsem_merged"
                        },
                        "rsem_merged.transcript_counts.tsv:md5,d41d8cd98f00b204e9800998ecf8427e"
                    ]
                ],
                "genes_long": [
                    [
                        {
                            "id": "rsem_merged"
                        },
                        "rsem_merged.genes_long.tsv:md5,d41d8cd98f00b204e9800998ecf8427e"
                    ]
                ],
                "isoforms_long": [
                    [
                        {
                            "id": "rsem_merged"
                        },
                        "rsem_merged.isoforms_long.tsv:md5,d41d8cd98f00b204e9800998ecf8427e"
                    ]
                ],
                "tpm_gene": [
                    [
                        {
                            "id": "rsem_merged"
                        },
                        "rsem_merged.gene_tpm.tsv:md5,d41d8cd98f00b204e9800998ecf8427e"
                    ]
                ],
                "tpm_transcript": [
                    [
                        {
                            "id": "rsem_merged"
                        },
                        "rsem_merged.transcript_tpm.tsv:md5,d41d8cd98f00b204e9800998ecf8427e"
                    ]
                ],
                "versions_sed": [
                    [
                        "CUSTOM_RSEMMERGECOUNTS",
                        "sed",
                        "4.7"
                    ]
                ]
            }
        ],
        "meta": {
            "nf-test": "0.9.3",
            "nextflow": "25.10.3"
        },
        "timestamp": "2026-02-13T10:26:27.893114579"
    },
    "saccharomyces_cerevisiae": {
        "content": [
            [
                [
                    {
                        "id": "rsem_merged"
                    },
                    "rsem_merged.gene_counts.tsv:md5,0a100470da54fc96e19ae70f0afdfbf0"
                ]
            ],
            [
                [
                    {
                        "id": "rsem_merged"
                    },
                    "rsem_merged.gene_tpm.tsv:md5,338689117908cdd08fe10d6fd4b38f17"
                ]
            ],
            [
                [
                    {
                        "id": "rsem_merged"
                    },
                    "rsem_merged.transcript_counts.tsv:md5,d1c7e727f1d1da94def08a0d5e735fb1"
                ]
            ],
            [
                [
                    {
                        "id": "rsem_merged"
                    },
                    "rsem_merged.transcript_tpm.tsv:md5,bf07c9cba378995b3626ff60c0a2d6b9"
                ]
            ],
            [
                [
                    {
                        "id": "rsem_merged"
                    },
                    "rsem_merged.genes_long.tsv:md5,93c7d2e9d1f2d49bc367939f4f15ff1d"
                ]
            ],
            [
                [
                    {
                        "id": "rsem_merged"
                    },
                    "rsem_merged.isoforms_long.tsv:md5,17c5217b25bc42db6f9fce802d1dbe73"
                ]
            ],
            {
                "versions_sed": [
                    [
                        "CUSTOM_RSEMMERGECOUNTS",
                        "sed",
                        "4.7"
                    ]
                ]
            }
        ],
        "meta": {
            "nf-test": "0.9.3",
            "nextflow": "25.10.3"
        },
        "timestamp": "2026-02-13T10:26:22.463918579"
    }
}