{
    "Params: --min_mapped_reads 90": {
        "content": [
            152,
            {
                "BBMAP_BBSPLIT": {
                    "bbmap": 39.1
                },
                "BEDTOOLS_GENOMECOV_FW": {
                    "bedtools": "2.31.1"
                },
                "CAT_FASTQ": {
                    "cat": 9.5
                },
                "CUSTOM_CATADDITIONALFASTA": {
                    "python": "3.12.2"
                },
                "CUSTOM_GETCHROMSIZES": {
                    "getchromsizes": 1.21
                },
                "CUSTOM_TX2GENE": {
                    "python": "3.10.4"
                },
                "DESEQ2_QC_PSEUDO": {
                    "r-base": "4.0.3",
                    "bioconductor-deseq2": "1.28.0"
                },
                "DESEQ2_QC_STAR_SALMON": {
                    "r-base": "4.0.3",
                    "bioconductor-deseq2": "1.28.0"
                },
                "DUPRADAR": {
                    "bioconductor-dupradar": "1.32.0"
                },
                "FASTQC": {
                    "fastqc": "0.12.1"
                },
                "FQ_SUBSAMPLE": {
                    "fq": "0.12.0 (2024-07-08)"
                },
                "GTF2BED": {
                    "perl": "5.26.2"
                },
                "GTF_FILTER": {
                    "python": "3.9.5"
                },
                "GUNZIP_ADDITIONAL_FASTA": {
                    "gunzip": 1.1
                },
                "GUNZIP_GTF": {
                    "gunzip": 1.1
                },
                "MULTIQC_CUSTOM_BIOTYPE": {
                    "python": "3.9.5"
                },
                "PICARD_MARKDUPLICATES": {
                    "picard": "3.1.1"
                },
                "QUALIMAP_RNASEQ": {
                    "qualimap": 2.3
                },
                "RSEQC_BAMSTAT": {
                    "rseqc": "5.0.2"
                },
                "RSEQC_INFEREXPERIMENT": {
                    "rseqc": "5.0.2"
                },
                "RSEQC_INNERDISTANCE": {
                    "rseqc": "5.0.2"
                },
                "RSEQC_JUNCTIONANNOTATION": {
                    "rseqc": "5.0.2"
                },
                "RSEQC_JUNCTIONSATURATION": {
                    "rseqc": "5.0.2"
                },
                "RSEQC_READDISTRIBUTION": {
                    "rseqc": "5.0.2"
                },
                "RSEQC_READDUPLICATION": {
                    "rseqc": "5.0.2"
                },
                "SALMON_QUANT": {
                    "salmon": "1.10.3"
                },
                "SAMTOOLS_FLAGSTAT": {
                    "samtools": 1.21
                },
                "SAMTOOLS_IDXSTATS": {
                    "samtools": 1.21
                },
                "SAMTOOLS_INDEX": {
                    "samtools": 1.21
                },
                "SAMTOOLS_SORT": {
                    "samtools": 1.21
                },
                "SAMTOOLS_STATS": {
                    "samtools": 1.21
                },
                "SE_GENE": {
                    "bioconductor-summarizedexperiment": "1.32.0"
                },
                "STAR_ALIGN": {
                    "star": "2.7.11b",
                    "samtools": 1.2,
                    "gawk": "5.1.0"
                },
                "STAR_GENOMEGENERATE": {
                    "star": "2.7.11b",
                    "samtools": 1.2,
                    "gawk": "5.1.0"
                },
                "STRINGTIE_STRINGTIE": {
                    "stringtie": "2.2.3"
                },
                "SUBREAD_FEATURECOUNTS": {
                    "subread": "2.0.6"
                },
                "TRIMGALORE": {
                    "trimgalore": "0.6.10",
                    "cutadapt": 4.9
                },
                "TXIMETA_TXIMPORT": {
                    "bioconductor-tximeta": "1.20.1"
                },
                "UCSC_BEDCLIP": {
                    "ucsc": 377
                },
                "UCSC_BEDGRAPHTOBIGWIG": {
                    "ucsc": 469
                },
                "UNTAR_SALMON_INDEX": {
                    "untar": 1.34
                },
                "Workflow": {
                    "nf-core/rnaseq": "v3.17.0"
                }
            },
            [
                "bbsplit",
                "bbsplit/RAP1_IAA_30M_REP1.stats.txt",
                "bbsplit/RAP1_UNINDUCED_REP1.stats.txt",
                "bbsplit/RAP1_UNINDUCED_REP2.stats.txt",
                "bbsplit/WT_REP1.stats.txt",
                "bbsplit/WT_REP2.stats.txt",
                "custom",
                "custom/out",
                "custom/out/genome_gfp.fasta",
                "custom/out/genome_gfp.gtf",
                "fastqc",
                "fastqc/raw",
                "fastqc/raw/RAP1_IAA_30M_REP1_raw_1_fastqc.html",
                "fastqc/raw/RAP1_IAA_30M_REP1_raw_1_fastqc.zip",
                "fastqc/raw/RAP1_IAA_30M_REP1_raw_2_fastqc.html",
                "fastqc/raw/RAP1_IAA_30M_REP1_raw_2_fastqc.zip",
                "fastqc/raw/RAP1_UNINDUCED_REP1_raw_fastqc.html",
                "fastqc/raw/RAP1_UNINDUCED_REP1_raw_fastqc.zip",
                "fastqc/raw/RAP1_UNINDUCED_REP2_raw_fastqc.html",
                "fastqc/raw/RAP1_UNINDUCED_REP2_raw_fastqc.zip",
                "fastqc/raw/WT_REP1_raw_1_fastqc.html",
                "fastqc/raw/WT_REP1_raw_1_fastqc.zip",
                "fastqc/raw/WT_REP1_raw_2_fastqc.html",
                "fastqc/raw/WT_REP1_raw_2_fastqc.zip",
                "fastqc/raw/WT_REP2_raw_1_fastqc.html",
                "fastqc/raw/WT_REP2_raw_1_fastqc.zip",
                "fastqc/raw/WT_REP2_raw_2_fastqc.html",
                "fastqc/raw/WT_REP2_raw_2_fastqc.zip",
                "fastqc/trim",
                "fastqc/trim/RAP1_IAA_30M_REP1_trimmed_1_val_1_fastqc.html",
                "fastqc/trim/RAP1_IAA_30M_REP1_trimmed_1_val_1_fastqc.zip",
                "fastqc/trim/RAP1_IAA_30M_REP1_trimmed_2_val_2_fastqc.html",
                "fastqc/trim/RAP1_IAA_30M_REP1_trimmed_2_val_2_fastqc.zip",
                "fastqc/trim/RAP1_UNINDUCED_REP1_trimmed_trimmed_fastqc.html",
                "fastqc/trim/RAP1_UNINDUCED_REP1_trimmed_trimmed_fastqc.zip",
                "fastqc/trim/RAP1_UNINDUCED_REP2_trimmed_trimmed_fastqc.html",
                "fastqc/trim/RAP1_UNINDUCED_REP2_trimmed_trimmed_fastqc.zip",
                "fastqc/trim/WT_REP1_trimmed_1_val_1_fastqc.html",
                "fastqc/trim/WT_REP1_trimmed_1_val_1_fastqc.zip",
                "fastqc/trim/WT_REP1_trimmed_2_val_2_fastqc.html",
                "fastqc/trim/WT_REP1_trimmed_2_val_2_fastqc.zip",
                "fastqc/trim/WT_REP2_trimmed_1_val_1_fastqc.html",
                "fastqc/trim/WT_REP2_trimmed_1_val_1_fastqc.zip",
                "fastqc/trim/WT_REP2_trimmed_2_val_2_fastqc.html",
                "fastqc/trim/WT_REP2_trimmed_2_val_2_fastqc.zip",
                "multiqc",
                "multiqc/star_salmon",
                "multiqc/star_salmon/multiqc_report.html",
                "multiqc/star_salmon/multiqc_report_data",
                "multiqc/star_salmon/multiqc_report_data/cutadapt_filtered_reads_plot.txt",
                "multiqc/star_salmon/multiqc_report_data/cutadapt_trimmed_sequences_plot_3_Counts.txt",
                "multiqc/star_salmon/multiqc_report_data/cutadapt_trimmed_sequences_plot_3_Obs_Exp.txt",
                "multiqc/star_salmon/multiqc_report_data/fastqc_raw-status-check-heatmap.txt",
                "multiqc/star_salmon/multiqc_report_data/fastqc_raw_adapter_content_plot.txt",
                "multiqc/star_salmon/multiqc_report_data/fastqc_raw_overrepresented_sequences_plot.txt",
                "multiqc/star_salmon/multiqc_report_data/fastqc_raw_per_base_n_content_plot.txt",
                "multiqc/star_salmon/multiqc_report_data/fastqc_raw_per_base_sequence_quality_plot.txt",
                "multiqc/star_salmon/multiqc_report_data/fastqc_raw_per_sequence_gc_content_plot_Counts.txt",
                "multiqc/star_salmon/multiqc_report_data/fastqc_raw_per_sequence_gc_content_plot_Percentages.txt",
                "multiqc/star_salmon/multiqc_report_data/fastqc_raw_per_sequence_quality_scores_plot.txt",
                "multiqc/star_salmon/multiqc_report_data/fastqc_raw_sequence_counts_plot.txt",
                "multiqc/star_salmon/multiqc_report_data/fastqc_raw_sequence_duplication_levels_plot.txt",
                "multiqc/star_salmon/multiqc_report_data/fastqc_raw_top_overrepresented_sequences_table.txt",
                "multiqc/star_salmon/multiqc_report_data/fastqc_sequence_length_distribution_plot.txt",
                "multiqc/star_salmon/multiqc_report_data/fastqc_trimmed-status-check-heatmap.txt",
                "multiqc/star_salmon/multiqc_report_data/fastqc_trimmed_overrepresented_sequences_plot.txt",
                "multiqc/star_salmon/multiqc_report_data/fastqc_trimmed_per_base_n_content_plot.txt",
                "multiqc/star_salmon/multiqc_report_data/fastqc_trimmed_per_base_sequence_quality_plot.txt",
                "multiqc/star_salmon/multiqc_report_data/fastqc_trimmed_per_sequence_gc_content_plot_Counts.txt",
                "multiqc/star_salmon/multiqc_report_data/fastqc_trimmed_per_sequence_gc_content_plot_Percentages.txt",
                "multiqc/star_salmon/multiqc_report_data/fastqc_trimmed_per_sequence_quality_scores_plot.txt",
                "multiqc/star_salmon/multiqc_report_data/fastqc_trimmed_sequence_counts_plot.txt",
                "multiqc/star_salmon/multiqc_report_data/fastqc_trimmed_sequence_duplication_levels_plot.txt",
                "multiqc/star_salmon/multiqc_report_data/fastqc_trimmed_top_overrepresented_sequences_table.txt",
                "multiqc/star_salmon/multiqc_report_data/junction_saturation_known.txt",
                "multiqc/star_salmon/multiqc_report_data/junction_saturation_novel.txt",
                "multiqc/star_salmon/multiqc_report_data/multiqc.log",
                "multiqc/star_salmon/multiqc_report_data/multiqc_citations.txt",
                "multiqc/star_salmon/multiqc_report_data/multiqc_cutadapt.txt",
                "multiqc/star_salmon/multiqc_report_data/multiqc_data.json",
                "multiqc/star_salmon/multiqc_report_data/multiqc_dupradar.txt",
                "multiqc/star_salmon/multiqc_report_data/multiqc_fail_mapped_samples_table.txt",
                "multiqc/star_salmon/multiqc_report_data/multiqc_fail_strand_check_table.txt",
                "multiqc/star_salmon/multiqc_report_data/multiqc_fastqc_fastqc_raw.txt",
                "multiqc/star_salmon/multiqc_report_data/multiqc_fastqc_fastqc_trimmed.txt",
                "multiqc/star_salmon/multiqc_report_data/multiqc_featurecounts_biotype_plot.txt",
                "multiqc/star_salmon/multiqc_report_data/multiqc_general_stats.txt",
                "multiqc/star_salmon/multiqc_report_data/multiqc_picard_dups.txt",
                "multiqc/star_salmon/multiqc_report_data/multiqc_rseqc_bam_stat.txt",
                "multiqc/star_salmon/multiqc_report_data/multiqc_rseqc_infer_experiment.txt",
                "multiqc/star_salmon/multiqc_report_data/multiqc_rseqc_junction_annotation.txt",
                "multiqc/star_salmon/multiqc_report_data/multiqc_rseqc_read_distribution.txt",
                "multiqc/star_salmon/multiqc_report_data/multiqc_salmon.txt",
                "multiqc/star_salmon/multiqc_report_data/multiqc_sample-relationships.txt",
                "multiqc/star_salmon/multiqc_report_data/multiqc_sample-relationships_1.txt",
                "multiqc/star_salmon/multiqc_report_data/multiqc_sample-relationships_2.txt",
                "multiqc/star_salmon/multiqc_report_data/multiqc_sample-relationships_3.txt",
                "multiqc/star_salmon/multiqc_report_data/multiqc_samtools_flagstat.txt",
                "multiqc/star_salmon/multiqc_report_data/multiqc_samtools_idxstats.txt",
                "multiqc/star_salmon/multiqc_report_data/multiqc_samtools_stats.txt",
                "multiqc/star_salmon/multiqc_report_data/multiqc_software_versions.txt",
                "multiqc/star_salmon/multiqc_report_data/multiqc_sources.txt",
                "multiqc/star_salmon/multiqc_report_data/multiqc_star.txt",
                "multiqc/star_salmon/multiqc_report_data/picard_deduplication.txt",
                "multiqc/star_salmon/multiqc_report_data/picard_histogram.txt",
                "multiqc/star_salmon/multiqc_report_data/picard_histogram_1.txt",
                "multiqc/star_salmon/multiqc_report_data/picard_histogram_2.txt",
                "multiqc/star_salmon/multiqc_report_data/qualimap_gene_coverage_profile_Counts.txt",
                "multiqc/star_salmon/multiqc_report_data/qualimap_gene_coverage_profile_Normalised.txt",
                "multiqc/star_salmon/multiqc_report_data/qualimap_genomic_origin.txt",
                "multiqc/star_salmon/multiqc_report_data/qualimap_rnaseq_cov_hist.txt",
                "multiqc/star_salmon/multiqc_report_data/qualimap_rnaseq_genome_results.txt",
                "multiqc/star_salmon/multiqc_report_data/rseqc_bam_stat.txt",
                "multiqc/star_salmon/multiqc_report_data/rseqc_infer_experiment_plot.txt",
                "multiqc/star_salmon/multiqc_report_data/rseqc_inner_distance.txt",
                "multiqc/star_salmon/multiqc_report_data/rseqc_inner_distance_plot_Counts.txt",
                "multiqc/star_salmon/multiqc_report_data/rseqc_inner_distance_plot_Percentages.txt",
                "multiqc/star_salmon/multiqc_report_data/rseqc_junction_annotation_junctions_plot_Events.txt",
                "multiqc/star_salmon/multiqc_report_data/rseqc_junction_annotation_junctions_plot_Junctions.txt",
                "multiqc/star_salmon/multiqc_report_data/rseqc_junction_saturation_all.txt",
                "multiqc/star_salmon/multiqc_report_data/rseqc_junction_saturation_plot_All_Junctions.txt",
                "multiqc/star_salmon/multiqc_report_data/rseqc_junction_saturation_plot_Known_Junctions.txt",
                "multiqc/star_salmon/multiqc_report_data/rseqc_junction_saturation_plot_Novel_Junctions.txt",
                "multiqc/star_salmon/multiqc_report_data/rseqc_read_distribution_plot.txt",
                "multiqc/star_salmon/multiqc_report_data/rseqc_read_dups.txt",
                "multiqc/star_salmon/multiqc_report_data/rseqc_read_dups_plot.txt",
                "multiqc/star_salmon/multiqc_report_data/salmon_plot.txt",
                "multiqc/star_salmon/multiqc_report_data/samtools-flagstat-dp_Percentage_of_total.txt",
                "multiqc/star_salmon/multiqc_report_data/samtools-flagstat-dp_Read_counts.txt",
                "multiqc/star_salmon/multiqc_report_data/samtools-idxstats-mapped-reads-plot_Normalised_Counts.txt",
                "multiqc/star_salmon/multiqc_report_data/samtools-idxstats-mapped-reads-plot_Observed_over_Expected_Counts.txt",
                "multiqc/star_salmon/multiqc_report_data/samtools-idxstats-mapped-reads-plot_Raw_Counts.txt",
                "multiqc/star_salmon/multiqc_report_data/samtools-stats-dp.txt",
                "multiqc/star_salmon/multiqc_report_data/samtools_alignment_plot.txt",
                "multiqc/star_salmon/multiqc_report_data/star_alignment_plot.txt",
                "multiqc/star_salmon/multiqc_report_data/star_summary_table.txt",
                "multiqc/star_salmon/multiqc_report_plots",
                "multiqc/star_salmon/multiqc_report_plots/pdf",
                "multiqc/star_salmon/multiqc_report_plots/pdf/cutadapt_filtered_reads_plot-cnt.pdf",
                "multiqc/star_salmon/multiqc_report_plots/pdf/cutadapt_filtered_reads_plot-pct.pdf",
                "multiqc/star_salmon/multiqc_report_plots/pdf/cutadapt_trimmed_sequences_plot_3_Counts.pdf",
                "multiqc/star_salmon/multiqc_report_plots/pdf/cutadapt_trimmed_sequences_plot_3_Obs_Exp.pdf",
                "multiqc/star_salmon/multiqc_report_plots/pdf/dupradar.pdf",
                "multiqc/star_salmon/multiqc_report_plots/pdf/fail_mapped_samples_table.pdf",
                "multiqc/star_salmon/multiqc_report_plots/pdf/fail_strand_check_table.pdf",
                "multiqc/star_salmon/multiqc_report_plots/pdf/fastqc_raw-status-check-heatmap.pdf",
                "multiqc/star_salmon/multiqc_report_plots/pdf/fastqc_raw_adapter_content_plot.pdf",
                "multiqc/star_salmon/multiqc_report_plots/pdf/fastqc_raw_overrepresented_sequences_plot.pdf",
                "multiqc/star_salmon/multiqc_report_plots/pdf/fastqc_raw_per_base_n_content_plot.pdf",
                "multiqc/star_salmon/multiqc_report_plots/pdf/fastqc_raw_per_base_sequence_quality_plot.pdf",
                "multiqc/star_salmon/multiqc_report_plots/pdf/fastqc_raw_per_sequence_gc_content_plot_Counts.pdf",
                "multiqc/star_salmon/multiqc_report_plots/pdf/fastqc_raw_per_sequence_gc_content_plot_Percentages.pdf",
                "multiqc/star_salmon/multiqc_report_plots/pdf/fastqc_raw_per_sequence_quality_scores_plot.pdf",
                "multiqc/star_salmon/multiqc_report_plots/pdf/fastqc_raw_sequence_counts_plot-cnt.pdf",
                "multiqc/star_salmon/multiqc_report_plots/pdf/fastqc_raw_sequence_counts_plot-pct.pdf",
                "multiqc/star_salmon/multiqc_report_plots/pdf/fastqc_raw_sequence_duplication_levels_plot.pdf",
                "multiqc/star_salmon/multiqc_report_plots/pdf/fastqc_raw_top_overrepresented_sequences_table.pdf",
                "multiqc/star_salmon/multiqc_report_plots/pdf/fastqc_sequence_length_distribution_plot.pdf",
                "multiqc/star_salmon/multiqc_report_plots/pdf/fastqc_trimmed-status-check-heatmap.pdf",
                "multiqc/star_salmon/multiqc_report_plots/pdf/fastqc_trimmed_overrepresented_sequences_plot.pdf",
                "multiqc/star_salmon/multiqc_report_plots/pdf/fastqc_trimmed_per_base_n_content_plot.pdf",
                "multiqc/star_salmon/multiqc_report_plots/pdf/fastqc_trimmed_per_base_sequence_quality_plot.pdf",
                "multiqc/star_salmon/multiqc_report_plots/pdf/fastqc_trimmed_per_sequence_gc_content_plot_Counts.pdf",
                "multiqc/star_salmon/multiqc_report_plots/pdf/fastqc_trimmed_per_sequence_gc_content_plot_Percentages.pdf",
                "multiqc/star_salmon/multiqc_report_plots/pdf/fastqc_trimmed_per_sequence_quality_scores_plot.pdf",
                "multiqc/star_salmon/multiqc_report_plots/pdf/fastqc_trimmed_sequence_counts_plot-cnt.pdf",
                "multiqc/star_salmon/multiqc_report_plots/pdf/fastqc_trimmed_sequence_counts_plot-pct.pdf",
                "multiqc/star_salmon/multiqc_report_plots/pdf/fastqc_trimmed_sequence_duplication_levels_plot.pdf",
                "multiqc/star_salmon/multiqc_report_plots/pdf/fastqc_trimmed_top_overrepresented_sequences_table.pdf",
                "multiqc/star_salmon/multiqc_report_plots/pdf/featurecounts_biotype_plot-cnt.pdf",
                "multiqc/star_salmon/multiqc_report_plots/pdf/featurecounts_biotype_plot-pct.pdf",
                "multiqc/star_salmon/multiqc_report_plots/pdf/general_stats_table.pdf",
                "multiqc/star_salmon/multiqc_report_plots/pdf/picard_deduplication-cnt.pdf",
                "multiqc/star_salmon/multiqc_report_plots/pdf/picard_deduplication-pct.pdf",
                "multiqc/star_salmon/multiqc_report_plots/pdf/qualimap_gene_coverage_profile_Counts.pdf",
                "multiqc/star_salmon/multiqc_report_plots/pdf/qualimap_gene_coverage_profile_Normalised.pdf",
                "multiqc/star_salmon/multiqc_report_plots/pdf/qualimap_genomic_origin-cnt.pdf",
                "multiqc/star_salmon/multiqc_report_plots/pdf/qualimap_genomic_origin-pct.pdf",
                "multiqc/star_salmon/multiqc_report_plots/pdf/rseqc_bam_stat.pdf",
                "multiqc/star_salmon/multiqc_report_plots/pdf/rseqc_infer_experiment_plot.pdf",
                "multiqc/star_salmon/multiqc_report_plots/pdf/rseqc_inner_distance_plot_Counts.pdf",
                "multiqc/star_salmon/multiqc_report_plots/pdf/rseqc_inner_distance_plot_Percentages.pdf",
                "multiqc/star_salmon/multiqc_report_plots/pdf/rseqc_junction_annotation_junctions_plot_Events-cnt.pdf",
                "multiqc/star_salmon/multiqc_report_plots/pdf/rseqc_junction_annotation_junctions_plot_Events-pct.pdf",
                "multiqc/star_salmon/multiqc_report_plots/pdf/rseqc_junction_annotation_junctions_plot_Junctions-cnt.pdf",
                "multiqc/star_salmon/multiqc_report_plots/pdf/rseqc_junction_annotation_junctions_plot_Junctions-pct.pdf",
                "multiqc/star_salmon/multiqc_report_plots/pdf/rseqc_junction_saturation_plot_All_Junctions.pdf",
                "multiqc/star_salmon/multiqc_report_plots/pdf/rseqc_junction_saturation_plot_Known_Junctions.pdf",
                "multiqc/star_salmon/multiqc_report_plots/pdf/rseqc_junction_saturation_plot_Novel_Junctions.pdf",
                "multiqc/star_salmon/multiqc_report_plots/pdf/rseqc_read_distribution_plot-cnt.pdf",
                "multiqc/star_salmon/multiqc_report_plots/pdf/rseqc_read_distribution_plot-pct.pdf",
                "multiqc/star_salmon/multiqc_report_plots/pdf/rseqc_read_dups_plot.pdf",
                "multiqc/star_salmon/multiqc_report_plots/pdf/salmon_plot.pdf",
                "multiqc/star_salmon/multiqc_report_plots/pdf/sample-relationships.pdf",
                "multiqc/star_salmon/multiqc_report_plots/pdf/samtools-flagstat-dp_Percentage_of_total.pdf",
                "multiqc/star_salmon/multiqc_report_plots/pdf/samtools-flagstat-dp_Read_counts.pdf",
                "multiqc/star_salmon/multiqc_report_plots/pdf/samtools-idxstats-mapped-reads-plot_Normalised_Counts-cnt.pdf",
                "multiqc/star_salmon/multiqc_report_plots/pdf/samtools-idxstats-mapped-reads-plot_Normalised_Counts-log.pdf",
                "multiqc/star_salmon/multiqc_report_plots/pdf/samtools-idxstats-mapped-reads-plot_Observed_over_Expected_Counts-cnt.pdf",
                "multiqc/star_salmon/multiqc_report_plots/pdf/samtools-idxstats-mapped-reads-plot_Observed_over_Expected_Counts-log.pdf",
                "multiqc/star_salmon/multiqc_report_plots/pdf/samtools-idxstats-mapped-reads-plot_Raw_Counts-cnt.pdf",
                "multiqc/star_salmon/multiqc_report_plots/pdf/samtools-idxstats-mapped-reads-plot_Raw_Counts-log.pdf",
                "multiqc/star_salmon/multiqc_report_plots/pdf/samtools-stats-dp.pdf",
                "multiqc/star_salmon/multiqc_report_plots/pdf/samtools_alignment_plot-cnt.pdf",
                "multiqc/star_salmon/multiqc_report_plots/pdf/samtools_alignment_plot-pct.pdf",
                "multiqc/star_salmon/multiqc_report_plots/pdf/star_alignment_plot-cnt.pdf",
                "multiqc/star_salmon/multiqc_report_plots/pdf/star_alignment_plot-pct.pdf",
                "multiqc/star_salmon/multiqc_report_plots/pdf/star_summary_table.pdf",
                "multiqc/star_salmon/multiqc_report_plots/png",
                "multiqc/star_salmon/multiqc_report_plots/png/cutadapt_filtered_reads_plot-cnt.png",
                "multiqc/star_salmon/multiqc_report_plots/png/cutadapt_filtered_reads_plot-pct.png",
                "multiqc/star_salmon/multiqc_report_plots/png/cutadapt_trimmed_sequences_plot_3_Counts.png",
                "multiqc/star_salmon/multiqc_report_plots/png/cutadapt_trimmed_sequences_plot_3_Obs_Exp.png",
                "multiqc/star_salmon/multiqc_report_plots/png/dupradar.png",
                "multiqc/star_salmon/multiqc_report_plots/png/fail_mapped_samples_table.png",
                "multiqc/star_salmon/multiqc_report_plots/png/fail_strand_check_table.png",
                "multiqc/star_salmon/multiqc_report_plots/png/fastqc_raw-status-check-heatmap.png",
                "multiqc/star_salmon/multiqc_report_plots/png/fastqc_raw_adapter_content_plot.png",
                "multiqc/star_salmon/multiqc_report_plots/png/fastqc_raw_overrepresented_sequences_plot.png",
                "multiqc/star_salmon/multiqc_report_plots/png/fastqc_raw_per_base_n_content_plot.png",
                "multiqc/star_salmon/multiqc_report_plots/png/fastqc_raw_per_base_sequence_quality_plot.png",
                "multiqc/star_salmon/multiqc_report_plots/png/fastqc_raw_per_sequence_gc_content_plot_Counts.png",
                "multiqc/star_salmon/multiqc_report_plots/png/fastqc_raw_per_sequence_gc_content_plot_Percentages.png",
                "multiqc/star_salmon/multiqc_report_plots/png/fastqc_raw_per_sequence_quality_scores_plot.png",
                "multiqc/star_salmon/multiqc_report_plots/png/fastqc_raw_sequence_counts_plot-cnt.png",
                "multiqc/star_salmon/multiqc_report_plots/png/fastqc_raw_sequence_counts_plot-pct.png",
                "multiqc/star_salmon/multiqc_report_plots/png/fastqc_raw_sequence_duplication_levels_plot.png",
                "multiqc/star_salmon/multiqc_report_plots/png/fastqc_raw_top_overrepresented_sequences_table.png",
                "multiqc/star_salmon/multiqc_report_plots/png/fastqc_sequence_length_distribution_plot.png",
                "multiqc/star_salmon/multiqc_report_plots/png/fastqc_trimmed-status-check-heatmap.png",
                "multiqc/star_salmon/multiqc_report_plots/png/fastqc_trimmed_overrepresented_sequences_plot.png",
                "multiqc/star_salmon/multiqc_report_plots/png/fastqc_trimmed_per_base_n_content_plot.png",
                "multiqc/star_salmon/multiqc_report_plots/png/fastqc_trimmed_per_base_sequence_quality_plot.png",
                "multiqc/star_salmon/multiqc_report_plots/png/fastqc_trimmed_per_sequence_gc_content_plot_Counts.png",
                "multiqc/star_salmon/multiqc_report_plots/png/fastqc_trimmed_per_sequence_gc_content_plot_Percentages.png",
                "multiqc/star_salmon/multiqc_report_plots/png/fastqc_trimmed_per_sequence_quality_scores_plot.png",
                "multiqc/star_salmon/multiqc_report_plots/png/fastqc_trimmed_sequence_counts_plot-cnt.png",
                "multiqc/star_salmon/multiqc_report_plots/png/fastqc_trimmed_sequence_counts_plot-pct.png",
                "multiqc/star_salmon/multiqc_report_plots/png/fastqc_trimmed_sequence_duplication_levels_plot.png",
                "multiqc/star_salmon/multiqc_report_plots/png/fastqc_trimmed_top_overrepresented_sequences_table.png",
                "multiqc/star_salmon/multiqc_report_plots/png/featurecounts_biotype_plot-cnt.png",
                "multiqc/star_salmon/multiqc_report_plots/png/featurecounts_biotype_plot-pct.png",
                "multiqc/star_salmon/multiqc_report_plots/png/general_stats_table.png",
                "multiqc/star_salmon/multiqc_report_plots/png/picard_deduplication-cnt.png",
                "multiqc/star_salmon/multiqc_report_plots/png/picard_deduplication-pct.png",
                "multiqc/star_salmon/multiqc_report_plots/png/qualimap_gene_coverage_profile_Counts.png",
                "multiqc/star_salmon/multiqc_report_plots/png/qualimap_gene_coverage_profile_Normalised.png",
                "multiqc/star_salmon/multiqc_report_plots/png/qualimap_genomic_origin-cnt.png",
                "multiqc/star_salmon/multiqc_report_plots/png/qualimap_genomic_origin-pct.png",
                "multiqc/star_salmon/multiqc_report_plots/png/rseqc_bam_stat.png",
                "multiqc/star_salmon/multiqc_report_plots/png/rseqc_infer_experiment_plot.png",
                "multiqc/star_salmon/multiqc_report_plots/png/rseqc_inner_distance_plot_Counts.png",
                "multiqc/star_salmon/multiqc_report_plots/png/rseqc_inner_distance_plot_Percentages.png",
                "multiqc/star_salmon/multiqc_report_plots/png/rseqc_junction_annotation_junctions_plot_Events-cnt.png",
                "multiqc/star_salmon/multiqc_report_plots/png/rseqc_junction_annotation_junctions_plot_Events-pct.png",
                "multiqc/star_salmon/multiqc_report_plots/png/rseqc_junction_annotation_junctions_plot_Junctions-cnt.png",
                "multiqc/star_salmon/multiqc_report_plots/png/rseqc_junction_annotation_junctions_plot_Junctions-pct.png",
                "multiqc/star_salmon/multiqc_report_plots/png/rseqc_junction_saturation_plot_All_Junctions.png",
                "multiqc/star_salmon/multiqc_report_plots/png/rseqc_junction_saturation_plot_Known_Junctions.png",
                "multiqc/star_salmon/multiqc_report_plots/png/rseqc_junction_saturation_plot_Novel_Junctions.png",
                "multiqc/star_salmon/multiqc_report_plots/png/rseqc_read_distribution_plot-cnt.png",
                "multiqc/star_salmon/multiqc_report_plots/png/rseqc_read_distribution_plot-pct.png",
                "multiqc/star_salmon/multiqc_report_plots/png/rseqc_read_dups_plot.png",
                "multiqc/star_salmon/multiqc_report_plots/png/salmon_plot.png",
                "multiqc/star_salmon/multiqc_report_plots/png/sample-relationships.png",
                "multiqc/star_salmon/multiqc_report_plots/png/samtools-flagstat-dp_Percentage_of_total.png",
                "multiqc/star_salmon/multiqc_report_plots/png/samtools-flagstat-dp_Read_counts.png",
                "multiqc/star_salmon/multiqc_report_plots/png/samtools-idxstats-mapped-reads-plot_Normalised_Counts-cnt.png",
                "multiqc/star_salmon/multiqc_report_plots/png/samtools-idxstats-mapped-reads-plot_Normalised_Counts-log.png",
                "multiqc/star_salmon/multiqc_report_plots/png/samtools-idxstats-mapped-reads-plot_Observed_over_Expected_Counts-cnt.png",
                "multiqc/star_salmon/multiqc_report_plots/png/samtools-idxstats-mapped-reads-plot_Observed_over_Expected_Counts-log.png",
                "multiqc/star_salmon/multiqc_report_plots/png/samtools-idxstats-mapped-reads-plot_Raw_Counts-cnt.png",
                "multiqc/star_salmon/multiqc_report_plots/png/samtools-idxstats-mapped-reads-plot_Raw_Counts-log.png",
                "multiqc/star_salmon/multiqc_report_plots/png/samtools-stats-dp.png",
                "multiqc/star_salmon/multiqc_report_plots/png/samtools_alignment_plot-cnt.png",
                "multiqc/star_salmon/multiqc_report_plots/png/samtools_alignment_plot-pct.png",
                "multiqc/star_salmon/multiqc_report_plots/png/star_alignment_plot-cnt.png",
                "multiqc/star_salmon/multiqc_report_plots/png/star_alignment_plot-pct.png",
                "multiqc/star_salmon/multiqc_report_plots/png/star_summary_table.png",
                "multiqc/star_salmon/multiqc_report_plots/svg",
                "multiqc/star_salmon/multiqc_report_plots/svg/cutadapt_filtered_reads_plot-cnt.svg",
                "multiqc/star_salmon/multiqc_report_plots/svg/cutadapt_filtered_reads_plot-pct.svg",
                "multiqc/star_salmon/multiqc_report_plots/svg/cutadapt_trimmed_sequences_plot_3_Counts.svg",
                "multiqc/star_salmon/multiqc_report_plots/svg/cutadapt_trimmed_sequences_plot_3_Obs_Exp.svg",
                "multiqc/star_salmon/multiqc_report_plots/svg/dupradar.svg",
                "multiqc/star_salmon/multiqc_report_plots/svg/fail_mapped_samples_table.svg",
                "multiqc/star_salmon/multiqc_report_plots/svg/fail_strand_check_table.svg",
                "multiqc/star_salmon/multiqc_report_plots/svg/fastqc_raw-status-check-heatmap.svg",
                "multiqc/star_salmon/multiqc_report_plots/svg/fastqc_raw_adapter_content_plot.svg",
                "multiqc/star_salmon/multiqc_report_plots/svg/fastqc_raw_overrepresented_sequences_plot.svg",
                "multiqc/star_salmon/multiqc_report_plots/svg/fastqc_raw_per_base_n_content_plot.svg",
                "multiqc/star_salmon/multiqc_report_plots/svg/fastqc_raw_per_base_sequence_quality_plot.svg",
                "multiqc/star_salmon/multiqc_report_plots/svg/fastqc_raw_per_sequence_gc_content_plot_Counts.svg",
                "multiqc/star_salmon/multiqc_report_plots/svg/fastqc_raw_per_sequence_gc_content_plot_Percentages.svg",
                "multiqc/star_salmon/multiqc_report_plots/svg/fastqc_raw_per_sequence_quality_scores_plot.svg",
                "multiqc/star_salmon/multiqc_report_plots/svg/fastqc_raw_sequence_counts_plot-cnt.svg",
                "multiqc/star_salmon/multiqc_report_plots/svg/fastqc_raw_sequence_counts_plot-pct.svg",
                "multiqc/star_salmon/multiqc_report_plots/svg/fastqc_raw_sequence_duplication_levels_plot.svg",
                "multiqc/star_salmon/multiqc_report_plots/svg/fastqc_raw_top_overrepresented_sequences_table.svg",
                "multiqc/star_salmon/multiqc_report_plots/svg/fastqc_sequence_length_distribution_plot.svg",
                "multiqc/star_salmon/multiqc_report_plots/svg/fastqc_trimmed-status-check-heatmap.svg",
                "multiqc/star_salmon/multiqc_report_plots/svg/fastqc_trimmed_overrepresented_sequences_plot.svg",
                "multiqc/star_salmon/multiqc_report_plots/svg/fastqc_trimmed_per_base_n_content_plot.svg",
                "multiqc/star_salmon/multiqc_report_plots/svg/fastqc_trimmed_per_base_sequence_quality_plot.svg",
                "multiqc/star_salmon/multiqc_report_plots/svg/fastqc_trimmed_per_sequence_gc_content_plot_Counts.svg",
                "multiqc/star_salmon/multiqc_report_plots/svg/fastqc_trimmed_per_sequence_gc_content_plot_Percentages.svg",
                "multiqc/star_salmon/multiqc_report_plots/svg/fastqc_trimmed_per_sequence_quality_scores_plot.svg",
                "multiqc/star_salmon/multiqc_report_plots/svg/fastqc_trimmed_sequence_counts_plot-cnt.svg",
                "multiqc/star_salmon/multiqc_report_plots/svg/fastqc_trimmed_sequence_counts_plot-pct.svg",
                "multiqc/star_salmon/multiqc_report_plots/svg/fastqc_trimmed_sequence_duplication_levels_plot.svg",
                "multiqc/star_salmon/multiqc_report_plots/svg/fastqc_trimmed_top_overrepresented_sequences_table.svg",
                "multiqc/star_salmon/multiqc_report_plots/svg/featurecounts_biotype_plot-cnt.svg",
                "multiqc/star_salmon/multiqc_report_plots/svg/featurecounts_biotype_plot-pct.svg",
                "multiqc/star_salmon/multiqc_report_plots/svg/general_stats_table.svg",
                "multiqc/star_salmon/multiqc_report_plots/svg/picard_deduplication-cnt.svg",
                "multiqc/star_salmon/multiqc_report_plots/svg/picard_deduplication-pct.svg",
                "multiqc/star_salmon/multiqc_report_plots/svg/qualimap_gene_coverage_profile_Counts.svg",
                "multiqc/star_salmon/multiqc_report_plots/svg/qualimap_gene_coverage_profile_Normalised.svg",
                "multiqc/star_salmon/multiqc_report_plots/svg/qualimap_genomic_origin-cnt.svg",
                "multiqc/star_salmon/multiqc_report_plots/svg/qualimap_genomic_origin-pct.svg",
                "multiqc/star_salmon/multiqc_report_plots/svg/rseqc_bam_stat.svg",
                "multiqc/star_salmon/multiqc_report_plots/svg/rseqc_infer_experiment_plot.svg",
                "multiqc/star_salmon/multiqc_report_plots/svg/rseqc_inner_distance_plot_Counts.svg",
                "multiqc/star_salmon/multiqc_report_plots/svg/rseqc_inner_distance_plot_Percentages.svg",
                "multiqc/star_salmon/multiqc_report_plots/svg/rseqc_junction_annotation_junctions_plot_Events-cnt.svg",
                "multiqc/star_salmon/multiqc_report_plots/svg/rseqc_junction_annotation_junctions_plot_Events-pct.svg",
                "multiqc/star_salmon/multiqc_report_plots/svg/rseqc_junction_annotation_junctions_plot_Junctions-cnt.svg",
                "multiqc/star_salmon/multiqc_report_plots/svg/rseqc_junction_annotation_junctions_plot_Junctions-pct.svg",
                "multiqc/star_salmon/multiqc_report_plots/svg/rseqc_junction_saturation_plot_All_Junctions.svg",
                "multiqc/star_salmon/multiqc_report_plots/svg/rseqc_junction_saturation_plot_Known_Junctions.svg",
                "multiqc/star_salmon/multiqc_report_plots/svg/rseqc_junction_saturation_plot_Novel_Junctions.svg",
                "multiqc/star_salmon/multiqc_report_plots/svg/rseqc_read_distribution_plot-cnt.svg",
                "multiqc/star_salmon/multiqc_report_plots/svg/rseqc_read_distribution_plot-pct.svg",
                "multiqc/star_salmon/multiqc_report_plots/svg/rseqc_read_dups_plot.svg",
                "multiqc/star_salmon/multiqc_report_plots/svg/salmon_plot.svg",
                "multiqc/star_salmon/multiqc_report_plots/svg/sample-relationships.svg",
                "multiqc/star_salmon/multiqc_report_plots/svg/samtools-flagstat-dp_Percentage_of_total.svg",
                "multiqc/star_salmon/multiqc_report_plots/svg/samtools-flagstat-dp_Read_counts.svg",
                "multiqc/star_salmon/multiqc_report_plots/svg/samtools-idxstats-mapped-reads-plot_Normalised_Counts-cnt.svg",
                "multiqc/star_salmon/multiqc_report_plots/svg/samtools-idxstats-mapped-reads-plot_Normalised_Counts-log.svg",
                "multiqc/star_salmon/multiqc_report_plots/svg/samtools-idxstats-mapped-reads-plot_Observed_over_Expected_Counts-cnt.svg",
                "multiqc/star_salmon/multiqc_report_plots/svg/samtools-idxstats-mapped-reads-plot_Observed_over_Expected_Counts-log.svg",
                "multiqc/star_salmon/multiqc_report_plots/svg/samtools-idxstats-mapped-reads-plot_Raw_Counts-cnt.svg",
                "multiqc/star_salmon/multiqc_report_plots/svg/samtools-idxstats-mapped-reads-plot_Raw_Counts-log.svg",
                "multiqc/star_salmon/multiqc_report_plots/svg/samtools-stats-dp.svg",
                "multiqc/star_salmon/multiqc_report_plots/svg/samtools_alignment_plot-cnt.svg",
                "multiqc/star_salmon/multiqc_report_plots/svg/samtools_alignment_plot-pct.svg",
                "multiqc/star_salmon/multiqc_report_plots/svg/star_alignment_plot-cnt.svg",
                "multiqc/star_salmon/multiqc_report_plots/svg/star_alignment_plot-pct.svg",
                "multiqc/star_salmon/multiqc_report_plots/svg/star_summary_table.svg",
                "pipeline_info",
                "pipeline_info/nf_core_rnaseq_software_mqc_versions.yml",
                "salmon",
                "salmon/RAP1_IAA_30M_REP1",
                "salmon/RAP1_IAA_30M_REP1/aux_info",
                "salmon/RAP1_IAA_30M_REP1/aux_info/ambig_info.tsv",
                "salmon/RAP1_IAA_30M_REP1/aux_info/expected_bias.gz",
                "salmon/RAP1_IAA_30M_REP1/aux_info/fld.gz",
                "salmon/RAP1_IAA_30M_REP1/aux_info/meta_info.json",
                "salmon/RAP1_IAA_30M_REP1/aux_info/observed_bias.gz",
                "salmon/RAP1_IAA_30M_REP1/aux_info/observed_bias_3p.gz",
                "salmon/RAP1_IAA_30M_REP1/cmd_info.json",
                "salmon/RAP1_IAA_30M_REP1/libParams",
                "salmon/RAP1_IAA_30M_REP1/libParams/flenDist.txt",
                "salmon/RAP1_IAA_30M_REP1/lib_format_counts.json",
                "salmon/RAP1_IAA_30M_REP1/logs",
                "salmon/RAP1_IAA_30M_REP1/logs/salmon_quant.log",
                "salmon/RAP1_IAA_30M_REP1/quant.genes.sf",
                "salmon/RAP1_IAA_30M_REP1/quant.sf",
                "salmon/RAP1_UNINDUCED_REP1",
                "salmon/RAP1_UNINDUCED_REP1/aux_info",
                "salmon/RAP1_UNINDUCED_REP1/aux_info/ambig_info.tsv",
                "salmon/RAP1_UNINDUCED_REP1/aux_info/expected_bias.gz",
                "salmon/RAP1_UNINDUCED_REP1/aux_info/fld.gz",
                "salmon/RAP1_UNINDUCED_REP1/aux_info/meta_info.json",
                "salmon/RAP1_UNINDUCED_REP1/aux_info/observed_bias.gz",
                "salmon/RAP1_UNINDUCED_REP1/aux_info/observed_bias_3p.gz",
                "salmon/RAP1_UNINDUCED_REP1/cmd_info.json",
                "salmon/RAP1_UNINDUCED_REP1/libParams",
                "salmon/RAP1_UNINDUCED_REP1/libParams/flenDist.txt",
                "salmon/RAP1_UNINDUCED_REP1/lib_format_counts.json",
                "salmon/RAP1_UNINDUCED_REP1/logs",
                "salmon/RAP1_UNINDUCED_REP1/logs/salmon_quant.log",
                "salmon/RAP1_UNINDUCED_REP1/quant.genes.sf",
                "salmon/RAP1_UNINDUCED_REP1/quant.sf",
                "salmon/RAP1_UNINDUCED_REP2",
                "salmon/RAP1_UNINDUCED_REP2/aux_info",
                "salmon/RAP1_UNINDUCED_REP2/aux_info/ambig_info.tsv",
                "salmon/RAP1_UNINDUCED_REP2/aux_info/expected_bias.gz",
                "salmon/RAP1_UNINDUCED_REP2/aux_info/fld.gz",
                "salmon/RAP1_UNINDUCED_REP2/aux_info/meta_info.json",
                "salmon/RAP1_UNINDUCED_REP2/aux_info/observed_bias.gz",
                "salmon/RAP1_UNINDUCED_REP2/aux_info/observed_bias_3p.gz",
                "salmon/RAP1_UNINDUCED_REP2/cmd_info.json",
                "salmon/RAP1_UNINDUCED_REP2/libParams",
                "salmon/RAP1_UNINDUCED_REP2/libParams/flenDist.txt",
                "salmon/RAP1_UNINDUCED_REP2/lib_format_counts.json",
                "salmon/RAP1_UNINDUCED_REP2/logs",
                "salmon/RAP1_UNINDUCED_REP2/logs/salmon_quant.log",
                "salmon/RAP1_UNINDUCED_REP2/quant.genes.sf",
                "salmon/RAP1_UNINDUCED_REP2/quant.sf",
                "salmon/WT_REP1",
                "salmon/WT_REP1/aux_info",
                "salmon/WT_REP1/aux_info/ambig_info.tsv",
                "salmon/WT_REP1/aux_info/expected_bias.gz",
                "salmon/WT_REP1/aux_info/fld.gz",
                "salmon/WT_REP1/aux_info/meta_info.json",
                "salmon/WT_REP1/aux_info/observed_bias.gz",
                "salmon/WT_REP1/aux_info/observed_bias_3p.gz",
                "salmon/WT_REP1/cmd_info.json",
                "salmon/WT_REP1/libParams",
                "salmon/WT_REP1/libParams/flenDist.txt",
                "salmon/WT_REP1/lib_format_counts.json",
                "salmon/WT_REP1/logs",
                "salmon/WT_REP1/logs/salmon_quant.log",
                "salmon/WT_REP1/quant.genes.sf",
                "salmon/WT_REP1/quant.sf",
                "salmon/WT_REP2",
                "salmon/WT_REP2/aux_info",
                "salmon/WT_REP2/aux_info/ambig_info.tsv",
                "salmon/WT_REP2/aux_info/expected_bias.gz",
                "salmon/WT_REP2/aux_info/fld.gz",
                "salmon/WT_REP2/aux_info/meta_info.json",
                "salmon/WT_REP2/aux_info/observed_bias.gz",
                "salmon/WT_REP2/aux_info/observed_bias_3p.gz",
                "salmon/WT_REP2/cmd_info.json",
                "salmon/WT_REP2/libParams",
                "salmon/WT_REP2/libParams/flenDist.txt",
                "salmon/WT_REP2/lib_format_counts.json",
                "salmon/WT_REP2/logs",
                "salmon/WT_REP2/logs/salmon_quant.log",
                "salmon/WT_REP2/quant.genes.sf",
                "salmon/WT_REP2/quant.sf",
                "salmon/deseq2_qc",
                "salmon/deseq2_qc/R_sessionInfo.log",
                "salmon/deseq2_qc/deseq2.dds.RData",
                "salmon/deseq2_qc/deseq2.pca.vals.txt",
                "salmon/deseq2_qc/deseq2.plots.pdf",
                "salmon/deseq2_qc/deseq2.sample.dists.txt",
                "salmon/deseq2_qc/size_factors",
                "salmon/deseq2_qc/size_factors/RAP1_IAA_30M_REP1.txt",
                "salmon/deseq2_qc/size_factors/RAP1_UNINDUCED_REP1.txt",
                "salmon/deseq2_qc/size_factors/RAP1_UNINDUCED_REP2.txt",
                "salmon/deseq2_qc/size_factors/WT_REP1.txt",
                "salmon/deseq2_qc/size_factors/WT_REP2.txt",
                "salmon/deseq2_qc/size_factors/deseq2.size_factors.RData",
                "salmon/salmon.merged.gene_counts.SummarizedExperiment.rds",
                "salmon/salmon.merged.gene_counts.tsv",
                "salmon/salmon.merged.gene_counts_length_scaled.SummarizedExperiment.rds",
                "salmon/salmon.merged.gene_counts_length_scaled.tsv",
                "salmon/salmon.merged.gene_counts_scaled.SummarizedExperiment.rds",
                "salmon/salmon.merged.gene_counts_scaled.tsv",
                "salmon/salmon.merged.gene_lengths.tsv",
                "salmon/salmon.merged.gene_tpm.tsv",
                "salmon/salmon.merged.transcript_counts.SummarizedExperiment.rds",
                "salmon/salmon.merged.transcript_counts.tsv",
                "salmon/salmon.merged.transcript_lengths.tsv",
                "salmon/salmon.merged.transcript_tpm.tsv",
                "salmon/tx2gene.tsv",
                "star_salmon",
                "star_salmon/RAP1_IAA_30M_REP1",
                "star_salmon/RAP1_IAA_30M_REP1.markdup.sorted.bam",
                "star_salmon/RAP1_IAA_30M_REP1.markdup.sorted.bam.bai",
                "star_salmon/RAP1_IAA_30M_REP1/aux_info",
                "star_salmon/RAP1_IAA_30M_REP1/aux_info/ambig_info.tsv",
                "star_salmon/RAP1_IAA_30M_REP1/aux_info/expected_bias.gz",
                "star_salmon/RAP1_IAA_30M_REP1/aux_info/fld.gz",
                "star_salmon/RAP1_IAA_30M_REP1/aux_info/meta_info.json",
                "star_salmon/RAP1_IAA_30M_REP1/aux_info/observed_bias.gz",
                "star_salmon/RAP1_IAA_30M_REP1/aux_info/observed_bias_3p.gz",
                "star_salmon/RAP1_IAA_30M_REP1/cmd_info.json",
                "star_salmon/RAP1_IAA_30M_REP1/libParams",
                "star_salmon/RAP1_IAA_30M_REP1/libParams/flenDist.txt",
                "star_salmon/RAP1_IAA_30M_REP1/logs",
                "star_salmon/RAP1_IAA_30M_REP1/logs/salmon_quant.log",
                "star_salmon/RAP1_IAA_30M_REP1/quant.genes.sf",
                "star_salmon/RAP1_IAA_30M_REP1/quant.sf",
                "star_salmon/RAP1_UNINDUCED_REP1",
                "star_salmon/RAP1_UNINDUCED_REP1.markdup.sorted.bam",
                "star_salmon/RAP1_UNINDUCED_REP1.markdup.sorted.bam.bai",
                "star_salmon/RAP1_UNINDUCED_REP1/aux_info",
                "star_salmon/RAP1_UNINDUCED_REP1/aux_info/ambig_info.tsv",
                "star_salmon/RAP1_UNINDUCED_REP1/aux_info/expected_bias.gz",
                "star_salmon/RAP1_UNINDUCED_REP1/aux_info/fld.gz",
                "star_salmon/RAP1_UNINDUCED_REP1/aux_info/meta_info.json",
                "star_salmon/RAP1_UNINDUCED_REP1/aux_info/observed_bias.gz",
                "star_salmon/RAP1_UNINDUCED_REP1/aux_info/observed_bias_3p.gz",
                "star_salmon/RAP1_UNINDUCED_REP1/cmd_info.json",
                "star_salmon/RAP1_UNINDUCED_REP1/libParams",
                "star_salmon/RAP1_UNINDUCED_REP1/libParams/flenDist.txt",
                "star_salmon/RAP1_UNINDUCED_REP1/logs",
                "star_salmon/RAP1_UNINDUCED_REP1/logs/salmon_quant.log",
                "star_salmon/RAP1_UNINDUCED_REP1/quant.genes.sf",
                "star_salmon/RAP1_UNINDUCED_REP1/quant.sf",
                "star_salmon/RAP1_UNINDUCED_REP2",
                "star_salmon/RAP1_UNINDUCED_REP2.markdup.sorted.bam",
                "star_salmon/RAP1_UNINDUCED_REP2.markdup.sorted.bam.bai",
                "star_salmon/RAP1_UNINDUCED_REP2/aux_info",
                "star_salmon/RAP1_UNINDUCED_REP2/aux_info/ambig_info.tsv",
                "star_salmon/RAP1_UNINDUCED_REP2/aux_info/expected_bias.gz",
                "star_salmon/RAP1_UNINDUCED_REP2/aux_info/fld.gz",
                "star_salmon/RAP1_UNINDUCED_REP2/aux_info/meta_info.json",
                "star_salmon/RAP1_UNINDUCED_REP2/aux_info/observed_bias.gz",
                "star_salmon/RAP1_UNINDUCED_REP2/aux_info/observed_bias_3p.gz",
                "star_salmon/RAP1_UNINDUCED_REP2/cmd_info.json",
                "star_salmon/RAP1_UNINDUCED_REP2/libParams",
                "star_salmon/RAP1_UNINDUCED_REP2/libParams/flenDist.txt",
                "star_salmon/RAP1_UNINDUCED_REP2/logs",
                "star_salmon/RAP1_UNINDUCED_REP2/logs/salmon_quant.log",
                "star_salmon/RAP1_UNINDUCED_REP2/quant.genes.sf",
                "star_salmon/RAP1_UNINDUCED_REP2/quant.sf",
                "star_salmon/WT_REP1",
                "star_salmon/WT_REP1/aux_info",
                "star_salmon/WT_REP1/aux_info/ambig_info.tsv",
                "star_salmon/WT_REP1/aux_info/expected_bias.gz",
                "star_salmon/WT_REP1/aux_info/fld.gz",
                "star_salmon/WT_REP1/aux_info/meta_info.json",
                "star_salmon/WT_REP1/aux_info/observed_bias.gz",
                "star_salmon/WT_REP1/aux_info/observed_bias_3p.gz",
                "star_salmon/WT_REP1/cmd_info.json",
                "star_salmon/WT_REP1/libParams",
                "star_salmon/WT_REP1/libParams/flenDist.txt",
                "star_salmon/WT_REP1/logs",
                "star_salmon/WT_REP1/logs/salmon_quant.log",
                "star_salmon/WT_REP1/quant.genes.sf",
                "star_salmon/WT_REP1/quant.sf",
                "star_salmon/WT_REP2",
                "star_salmon/WT_REP2/aux_info",
                "star_salmon/WT_REP2/aux_info/ambig_info.tsv",
                "star_salmon/WT_REP2/aux_info/expected_bias.gz",
                "star_salmon/WT_REP2/aux_info/fld.gz",
                "star_salmon/WT_REP2/aux_info/meta_info.json",
                "star_salmon/WT_REP2/aux_info/observed_bias.gz",
                "star_salmon/WT_REP2/aux_info/observed_bias_3p.gz",
                "star_salmon/WT_REP2/cmd_info.json",
                "star_salmon/WT_REP2/libParams",
                "star_salmon/WT_REP2/libParams/flenDist.txt",
                "star_salmon/WT_REP2/logs",
                "star_salmon/WT_REP2/logs/salmon_quant.log",
                "star_salmon/WT_REP2/quant.genes.sf",
                "star_salmon/WT_REP2/quant.sf",
                "star_salmon/bigwig",
                "star_salmon/bigwig/RAP1_IAA_30M_REP1.forward.bigWig",
                "star_salmon/bigwig/RAP1_IAA_30M_REP1.reverse.bigWig",
                "star_salmon/bigwig/RAP1_UNINDUCED_REP1.forward.bigWig",
                "star_salmon/bigwig/RAP1_UNINDUCED_REP1.reverse.bigWig",
                "star_salmon/bigwig/RAP1_UNINDUCED_REP2.forward.bigWig",
                "star_salmon/bigwig/RAP1_UNINDUCED_REP2.reverse.bigWig",
                "star_salmon/deseq2_qc",
                "star_salmon/deseq2_qc/R_sessionInfo.log",
                "star_salmon/deseq2_qc/deseq2.dds.RData",
                "star_salmon/deseq2_qc/deseq2.pca.vals.txt",
                "star_salmon/deseq2_qc/deseq2.plots.pdf",
                "star_salmon/deseq2_qc/deseq2.sample.dists.txt",
                "star_salmon/deseq2_qc/size_factors",
                "star_salmon/deseq2_qc/size_factors/RAP1_IAA_30M_REP1.txt",
                "star_salmon/deseq2_qc/size_factors/RAP1_UNINDUCED_REP1.txt",
                "star_salmon/deseq2_qc/size_factors/RAP1_UNINDUCED_REP2.txt",
                "star_salmon/deseq2_qc/size_factors/WT_REP1.txt",
                "star_salmon/deseq2_qc/size_factors/WT_REP2.txt",
                "star_salmon/deseq2_qc/size_factors/deseq2.size_factors.RData",
                "star_salmon/dupradar",
                "star_salmon/dupradar/box_plot",
                "star_salmon/dupradar/box_plot/RAP1_IAA_30M_REP1_duprateExpBoxplot.pdf",
                "star_salmon/dupradar/box_plot/RAP1_UNINDUCED_REP1_duprateExpBoxplot.pdf",
                "star_salmon/dupradar/box_plot/RAP1_UNINDUCED_REP2_duprateExpBoxplot.pdf",
                "star_salmon/dupradar/gene_data",
                "star_salmon/dupradar/gene_data/RAP1_IAA_30M_REP1_dupMatrix.txt",
                "star_salmon/dupradar/gene_data/RAP1_UNINDUCED_REP1_dupMatrix.txt",
                "star_salmon/dupradar/gene_data/RAP1_UNINDUCED_REP2_dupMatrix.txt",
                "star_salmon/dupradar/histogram",
                "star_salmon/dupradar/histogram/RAP1_IAA_30M_REP1_expressionHist.pdf",
                "star_salmon/dupradar/histogram/RAP1_UNINDUCED_REP1_expressionHist.pdf",
                "star_salmon/dupradar/histogram/RAP1_UNINDUCED_REP2_expressionHist.pdf",
                "star_salmon/dupradar/intercepts_slope",
                "star_salmon/dupradar/intercepts_slope/RAP1_IAA_30M_REP1_intercept_slope.txt",
                "star_salmon/dupradar/intercepts_slope/RAP1_UNINDUCED_REP1_intercept_slope.txt",
                "star_salmon/dupradar/intercepts_slope/RAP1_UNINDUCED_REP2_intercept_slope.txt",
                "star_salmon/dupradar/scatter_plot",
                "star_salmon/dupradar/scatter_plot/RAP1_IAA_30M_REP1_duprateExpDens.pdf",
                "star_salmon/dupradar/scatter_plot/RAP1_UNINDUCED_REP1_duprateExpDens.pdf",
                "star_salmon/dupradar/scatter_plot/RAP1_UNINDUCED_REP2_duprateExpDens.pdf",
                "star_salmon/featurecounts",
                "star_salmon/featurecounts/RAP1_IAA_30M_REP1.biotype_counts_mqc.tsv",
                "star_salmon/featurecounts/RAP1_IAA_30M_REP1.biotype_counts_rrna_mqc.tsv",
                "star_salmon/featurecounts/RAP1_IAA_30M_REP1.featureCounts.txt",
                "star_salmon/featurecounts/RAP1_IAA_30M_REP1.featureCounts.txt.summary",
                "star_salmon/featurecounts/RAP1_UNINDUCED_REP1.biotype_counts_mqc.tsv",
                "star_salmon/featurecounts/RAP1_UNINDUCED_REP1.biotype_counts_rrna_mqc.tsv",
                "star_salmon/featurecounts/RAP1_UNINDUCED_REP1.featureCounts.txt",
                "star_salmon/featurecounts/RAP1_UNINDUCED_REP1.featureCounts.txt.summary",
                "star_salmon/featurecounts/RAP1_UNINDUCED_REP2.biotype_counts_mqc.tsv",
                "star_salmon/featurecounts/RAP1_UNINDUCED_REP2.biotype_counts_rrna_mqc.tsv",
                "star_salmon/featurecounts/RAP1_UNINDUCED_REP2.featureCounts.txt",
                "star_salmon/featurecounts/RAP1_UNINDUCED_REP2.featureCounts.txt.summary",
                "star_salmon/log",
                "star_salmon/log/RAP1_IAA_30M_REP1.Log.final.out",
                "star_salmon/log/RAP1_IAA_30M_REP1.Log.out",
                "star_salmon/log/RAP1_IAA_30M_REP1.Log.progress.out",
                "star_salmon/log/RAP1_IAA_30M_REP1.SJ.out.tab",
                "star_salmon/log/RAP1_UNINDUCED_REP1.Log.final.out",
                "star_salmon/log/RAP1_UNINDUCED_REP1.Log.out",
                "star_salmon/log/RAP1_UNINDUCED_REP1.Log.progress.out",
                "star_salmon/log/RAP1_UNINDUCED_REP1.SJ.out.tab",
                "star_salmon/log/RAP1_UNINDUCED_REP2.Log.final.out",
                "star_salmon/log/RAP1_UNINDUCED_REP2.Log.out",
                "star_salmon/log/RAP1_UNINDUCED_REP2.Log.progress.out",
                "star_salmon/log/RAP1_UNINDUCED_REP2.SJ.out.tab",
                "star_salmon/log/WT_REP1.Log.final.out",
                "star_salmon/log/WT_REP1.Log.out",
                "star_salmon/log/WT_REP1.Log.progress.out",
                "star_salmon/log/WT_REP1.SJ.out.tab",
                "star_salmon/log/WT_REP2.Log.final.out",
                "star_salmon/log/WT_REP2.Log.out",
                "star_salmon/log/WT_REP2.Log.progress.out",
                "star_salmon/log/WT_REP2.SJ.out.tab",
                "star_salmon/picard_metrics",
                "star_salmon/picard_metrics/RAP1_IAA_30M_REP1.markdup.sorted.MarkDuplicates.metrics.txt",
                "star_salmon/picard_metrics/RAP1_UNINDUCED_REP1.markdup.sorted.MarkDuplicates.metrics.txt",
                "star_salmon/picard_metrics/RAP1_UNINDUCED_REP2.markdup.sorted.MarkDuplicates.metrics.txt",
                "star_salmon/qualimap",
                "star_salmon/qualimap/RAP1_IAA_30M_REP1",
                "star_salmon/qualimap/RAP1_IAA_30M_REP1/css",
                "star_salmon/qualimap/RAP1_IAA_30M_REP1/css/agogo.css",
                "star_salmon/qualimap/RAP1_IAA_30M_REP1/css/ajax-loader.gif",
                "star_salmon/qualimap/RAP1_IAA_30M_REP1/css/basic.css",
                "star_salmon/qualimap/RAP1_IAA_30M_REP1/css/bgfooter.png",
                "star_salmon/qualimap/RAP1_IAA_30M_REP1/css/bgtop.png",
                "star_salmon/qualimap/RAP1_IAA_30M_REP1/css/comment-bright.png",
                "star_salmon/qualimap/RAP1_IAA_30M_REP1/css/comment-close.png",
                "star_salmon/qualimap/RAP1_IAA_30M_REP1/css/comment.png",
                "star_salmon/qualimap/RAP1_IAA_30M_REP1/css/doctools.js",
                "star_salmon/qualimap/RAP1_IAA_30M_REP1/css/down-pressed.png",
                "star_salmon/qualimap/RAP1_IAA_30M_REP1/css/down.png",
                "star_salmon/qualimap/RAP1_IAA_30M_REP1/css/file.png",
                "star_salmon/qualimap/RAP1_IAA_30M_REP1/css/jquery.js",
                "star_salmon/qualimap/RAP1_IAA_30M_REP1/css/minus.png",
                "star_salmon/qualimap/RAP1_IAA_30M_REP1/css/plus.png",
                "star_salmon/qualimap/RAP1_IAA_30M_REP1/css/pygments.css",
                "star_salmon/qualimap/RAP1_IAA_30M_REP1/css/qualimap_logo_small.png",
                "star_salmon/qualimap/RAP1_IAA_30M_REP1/css/report.css",
                "star_salmon/qualimap/RAP1_IAA_30M_REP1/css/searchtools.js",
                "star_salmon/qualimap/RAP1_IAA_30M_REP1/css/underscore.js",
                "star_salmon/qualimap/RAP1_IAA_30M_REP1/css/up-pressed.png",
                "star_salmon/qualimap/RAP1_IAA_30M_REP1/css/up.png",
                "star_salmon/qualimap/RAP1_IAA_30M_REP1/css/websupport.js",
                "star_salmon/qualimap/RAP1_IAA_30M_REP1/images_qualimapReport",
                "star_salmon/qualimap/RAP1_IAA_30M_REP1/images_qualimapReport/Coverage Profile Along Genes (High).png",
                "star_salmon/qualimap/RAP1_IAA_30M_REP1/images_qualimapReport/Coverage Profile Along Genes (Low).png",
                "star_salmon/qualimap/RAP1_IAA_30M_REP1/images_qualimapReport/Coverage Profile Along Genes (Total).png",
                "star_salmon/qualimap/RAP1_IAA_30M_REP1/images_qualimapReport/Junction Analysis.png",
                "star_salmon/qualimap/RAP1_IAA_30M_REP1/images_qualimapReport/Reads Genomic Origin.png",
                "star_salmon/qualimap/RAP1_IAA_30M_REP1/images_qualimapReport/Transcript coverage histogram.png",
                "star_salmon/qualimap/RAP1_IAA_30M_REP1/qualimapReport.html",
                "star_salmon/qualimap/RAP1_IAA_30M_REP1/raw_data_qualimapReport",
                "star_salmon/qualimap/RAP1_IAA_30M_REP1/raw_data_qualimapReport/coverage_profile_along_genes_(high).txt",
                "star_salmon/qualimap/RAP1_IAA_30M_REP1/raw_data_qualimapReport/coverage_profile_along_genes_(low).txt",
                "star_salmon/qualimap/RAP1_IAA_30M_REP1/raw_data_qualimapReport/coverage_profile_along_genes_(total).txt",
                "star_salmon/qualimap/RAP1_IAA_30M_REP1/rnaseq_qc_results.txt",
                "star_salmon/qualimap/RAP1_UNINDUCED_REP1",
                "star_salmon/qualimap/RAP1_UNINDUCED_REP1/css",
                "star_salmon/qualimap/RAP1_UNINDUCED_REP1/css/agogo.css",
                "star_salmon/qualimap/RAP1_UNINDUCED_REP1/css/ajax-loader.gif",
                "star_salmon/qualimap/RAP1_UNINDUCED_REP1/css/basic.css",
                "star_salmon/qualimap/RAP1_UNINDUCED_REP1/css/bgfooter.png",
                "star_salmon/qualimap/RAP1_UNINDUCED_REP1/css/bgtop.png",
                "star_salmon/qualimap/RAP1_UNINDUCED_REP1/css/comment-bright.png",
                "star_salmon/qualimap/RAP1_UNINDUCED_REP1/css/comment-close.png",
                "star_salmon/qualimap/RAP1_UNINDUCED_REP1/css/comment.png",
                "star_salmon/qualimap/RAP1_UNINDUCED_REP1/css/doctools.js",
                "star_salmon/qualimap/RAP1_UNINDUCED_REP1/css/down-pressed.png",
                "star_salmon/qualimap/RAP1_UNINDUCED_REP1/css/down.png",
                "star_salmon/qualimap/RAP1_UNINDUCED_REP1/css/file.png",
                "star_salmon/qualimap/RAP1_UNINDUCED_REP1/css/jquery.js",
                "star_salmon/qualimap/RAP1_UNINDUCED_REP1/css/minus.png",
                "star_salmon/qualimap/RAP1_UNINDUCED_REP1/css/plus.png",
                "star_salmon/qualimap/RAP1_UNINDUCED_REP1/css/pygments.css",
                "star_salmon/qualimap/RAP1_UNINDUCED_REP1/css/qualimap_logo_small.png",
                "star_salmon/qualimap/RAP1_UNINDUCED_REP1/css/report.css",
                "star_salmon/qualimap/RAP1_UNINDUCED_REP1/css/searchtools.js",
                "star_salmon/qualimap/RAP1_UNINDUCED_REP1/css/underscore.js",
                "star_salmon/qualimap/RAP1_UNINDUCED_REP1/css/up-pressed.png",
                "star_salmon/qualimap/RAP1_UNINDUCED_REP1/css/up.png",
                "star_salmon/qualimap/RAP1_UNINDUCED_REP1/css/websupport.js",
                "star_salmon/qualimap/RAP1_UNINDUCED_REP1/images_qualimapReport",
                "star_salmon/qualimap/RAP1_UNINDUCED_REP1/images_qualimapReport/Coverage Profile Along Genes (High).png",
                "star_salmon/qualimap/RAP1_UNINDUCED_REP1/images_qualimapReport/Coverage Profile Along Genes (Low).png",
                "star_salmon/qualimap/RAP1_UNINDUCED_REP1/images_qualimapReport/Coverage Profile Along Genes (Total).png",
                "star_salmon/qualimap/RAP1_UNINDUCED_REP1/images_qualimapReport/Junction Analysis.png",
                "star_salmon/qualimap/RAP1_UNINDUCED_REP1/images_qualimapReport/Reads Genomic Origin.png",
                "star_salmon/qualimap/RAP1_UNINDUCED_REP1/images_qualimapReport/Transcript coverage histogram.png",
                "star_salmon/qualimap/RAP1_UNINDUCED_REP1/qualimapReport.html",
                "star_salmon/qualimap/RAP1_UNINDUCED_REP1/raw_data_qualimapReport",
                "star_salmon/qualimap/RAP1_UNINDUCED_REP1/raw_data_qualimapReport/coverage_profile_along_genes_(high).txt",
                "star_salmon/qualimap/RAP1_UNINDUCED_REP1/raw_data_qualimapReport/coverage_profile_along_genes_(low).txt",
                "star_salmon/qualimap/RAP1_UNINDUCED_REP1/raw_data_qualimapReport/coverage_profile_along_genes_(total).txt",
                "star_salmon/qualimap/RAP1_UNINDUCED_REP1/rnaseq_qc_results.txt",
                "star_salmon/qualimap/RAP1_UNINDUCED_REP2",
                "star_salmon/qualimap/RAP1_UNINDUCED_REP2/css",
                "star_salmon/qualimap/RAP1_UNINDUCED_REP2/css/agogo.css",
                "star_salmon/qualimap/RAP1_UNINDUCED_REP2/css/ajax-loader.gif",
                "star_salmon/qualimap/RAP1_UNINDUCED_REP2/css/basic.css",
                "star_salmon/qualimap/RAP1_UNINDUCED_REP2/css/bgfooter.png",
                "star_salmon/qualimap/RAP1_UNINDUCED_REP2/css/bgtop.png",
                "star_salmon/qualimap/RAP1_UNINDUCED_REP2/css/comment-bright.png",
                "star_salmon/qualimap/RAP1_UNINDUCED_REP2/css/comment-close.png",
                "star_salmon/qualimap/RAP1_UNINDUCED_REP2/css/comment.png",
                "star_salmon/qualimap/RAP1_UNINDUCED_REP2/css/doctools.js",
                "star_salmon/qualimap/RAP1_UNINDUCED_REP2/css/down-pressed.png",
                "star_salmon/qualimap/RAP1_UNINDUCED_REP2/css/down.png",
                "star_salmon/qualimap/RAP1_UNINDUCED_REP2/css/file.png",
                "star_salmon/qualimap/RAP1_UNINDUCED_REP2/css/jquery.js",
                "star_salmon/qualimap/RAP1_UNINDUCED_REP2/css/minus.png",
                "star_salmon/qualimap/RAP1_UNINDUCED_REP2/css/plus.png",
                "star_salmon/qualimap/RAP1_UNINDUCED_REP2/css/pygments.css",
                "star_salmon/qualimap/RAP1_UNINDUCED_REP2/css/qualimap_logo_small.png",
                "star_salmon/qualimap/RAP1_UNINDUCED_REP2/css/report.css",
                "star_salmon/qualimap/RAP1_UNINDUCED_REP2/css/searchtools.js",
                "star_salmon/qualimap/RAP1_UNINDUCED_REP2/css/underscore.js",
                "star_salmon/qualimap/RAP1_UNINDUCED_REP2/css/up-pressed.png",
                "star_salmon/qualimap/RAP1_UNINDUCED_REP2/css/up.png",
                "star_salmon/qualimap/RAP1_UNINDUCED_REP2/css/websupport.js",
                "star_salmon/qualimap/RAP1_UNINDUCED_REP2/images_qualimapReport",
                "star_salmon/qualimap/RAP1_UNINDUCED_REP2/images_qualimapReport/Coverage Profile Along Genes (High).png",
                "star_salmon/qualimap/RAP1_UNINDUCED_REP2/images_qualimapReport/Coverage Profile Along Genes (Low).png",
                "star_salmon/qualimap/RAP1_UNINDUCED_REP2/images_qualimapReport/Coverage Profile Along Genes (Total).png",
                "star_salmon/qualimap/RAP1_UNINDUCED_REP2/images_qualimapReport/Junction Analysis.png",
                "star_salmon/qualimap/RAP1_UNINDUCED_REP2/images_qualimapReport/Reads Genomic Origin.png",
                "star_salmon/qualimap/RAP1_UNINDUCED_REP2/images_qualimapReport/Transcript coverage histogram.png",
                "star_salmon/qualimap/RAP1_UNINDUCED_REP2/qualimapReport.html",
                "star_salmon/qualimap/RAP1_UNINDUCED_REP2/raw_data_qualimapReport",
                "star_salmon/qualimap/RAP1_UNINDUCED_REP2/raw_data_qualimapReport/coverage_profile_along_genes_(high).txt",
                "star_salmon/qualimap/RAP1_UNINDUCED_REP2/raw_data_qualimapReport/coverage_profile_along_genes_(low).txt",
                "star_salmon/qualimap/RAP1_UNINDUCED_REP2/raw_data_qualimapReport/coverage_profile_along_genes_(total).txt",
                "star_salmon/qualimap/RAP1_UNINDUCED_REP2/rnaseq_qc_results.txt",
                "star_salmon/rseqc",
                "star_salmon/rseqc/bam_stat",
                "star_salmon/rseqc/bam_stat/RAP1_IAA_30M_REP1.bam_stat.txt",
                "star_salmon/rseqc/bam_stat/RAP1_UNINDUCED_REP1.bam_stat.txt",
                "star_salmon/rseqc/bam_stat/RAP1_UNINDUCED_REP2.bam_stat.txt",
                "star_salmon/rseqc/infer_experiment",
                "star_salmon/rseqc/infer_experiment/RAP1_IAA_30M_REP1.infer_experiment.txt",
                "star_salmon/rseqc/infer_experiment/RAP1_UNINDUCED_REP1.infer_experiment.txt",
                "star_salmon/rseqc/infer_experiment/RAP1_UNINDUCED_REP2.infer_experiment.txt",
                "star_salmon/rseqc/inner_distance",
                "star_salmon/rseqc/inner_distance/pdf",
                "star_salmon/rseqc/inner_distance/pdf/RAP1_IAA_30M_REP1.inner_distance_plot.pdf",
                "star_salmon/rseqc/inner_distance/rscript",
                "star_salmon/rseqc/inner_distance/rscript/RAP1_IAA_30M_REP1.inner_distance_plot.r",
                "star_salmon/rseqc/inner_distance/txt",
                "star_salmon/rseqc/inner_distance/txt/RAP1_IAA_30M_REP1.inner_distance.txt",
                "star_salmon/rseqc/inner_distance/txt/RAP1_IAA_30M_REP1.inner_distance_freq.txt",
                "star_salmon/rseqc/inner_distance/txt/RAP1_IAA_30M_REP1.inner_distance_mean.txt",
                "star_salmon/rseqc/junction_annotation",
                "star_salmon/rseqc/junction_annotation/bed",
                "star_salmon/rseqc/junction_annotation/bed/RAP1_IAA_30M_REP1.junction.Interact.bed",
                "star_salmon/rseqc/junction_annotation/bed/RAP1_IAA_30M_REP1.junction.bed",
                "star_salmon/rseqc/junction_annotation/bed/RAP1_UNINDUCED_REP1.junction.Interact.bed",
                "star_salmon/rseqc/junction_annotation/bed/RAP1_UNINDUCED_REP1.junction.bed",
                "star_salmon/rseqc/junction_annotation/bed/RAP1_UNINDUCED_REP2.junction.Interact.bed",
                "star_salmon/rseqc/junction_annotation/bed/RAP1_UNINDUCED_REP2.junction.bed",
                "star_salmon/rseqc/junction_annotation/log",
                "star_salmon/rseqc/junction_annotation/log/RAP1_IAA_30M_REP1.junction_annotation.log",
                "star_salmon/rseqc/junction_annotation/log/RAP1_UNINDUCED_REP1.junction_annotation.log",
                "star_salmon/rseqc/junction_annotation/log/RAP1_UNINDUCED_REP2.junction_annotation.log",
                "star_salmon/rseqc/junction_annotation/pdf",
                "star_salmon/rseqc/junction_annotation/pdf/RAP1_IAA_30M_REP1.splice_events.pdf",
                "star_salmon/rseqc/junction_annotation/pdf/RAP1_IAA_30M_REP1.splice_junction.pdf",
                "star_salmon/rseqc/junction_annotation/pdf/RAP1_UNINDUCED_REP1.splice_events.pdf",
                "star_salmon/rseqc/junction_annotation/pdf/RAP1_UNINDUCED_REP1.splice_junction.pdf",
                "star_salmon/rseqc/junction_annotation/pdf/RAP1_UNINDUCED_REP2.splice_events.pdf",
                "star_salmon/rseqc/junction_annotation/pdf/RAP1_UNINDUCED_REP2.splice_junction.pdf",
                "star_salmon/rseqc/junction_annotation/rscript",
                "star_salmon/rseqc/junction_annotation/rscript/RAP1_IAA_30M_REP1.junction_plot.r",
                "star_salmon/rseqc/junction_annotation/rscript/RAP1_UNINDUCED_REP1.junction_plot.r",
                "star_salmon/rseqc/junction_annotation/rscript/RAP1_UNINDUCED_REP2.junction_plot.r",
                "star_salmon/rseqc/junction_annotation/xls",
                "star_salmon/rseqc/junction_annotation/xls/RAP1_IAA_30M_REP1.junction.xls",
                "star_salmon/rseqc/junction_annotation/xls/RAP1_UNINDUCED_REP1.junction.xls",
                "star_salmon/rseqc/junction_annotation/xls/RAP1_UNINDUCED_REP2.junction.xls",
                "star_salmon/rseqc/junction_saturation",
                "star_salmon/rseqc/junction_saturation/pdf",
                "star_salmon/rseqc/junction_saturation/pdf/RAP1_IAA_30M_REP1.junctionSaturation_plot.pdf",
                "star_salmon/rseqc/junction_saturation/pdf/RAP1_UNINDUCED_REP1.junctionSaturation_plot.pdf",
                "star_salmon/rseqc/junction_saturation/pdf/RAP1_UNINDUCED_REP2.junctionSaturation_plot.pdf",
                "star_salmon/rseqc/junction_saturation/rscript",
                "star_salmon/rseqc/junction_saturation/rscript/RAP1_IAA_30M_REP1.junctionSaturation_plot.r",
                "star_salmon/rseqc/junction_saturation/rscript/RAP1_UNINDUCED_REP1.junctionSaturation_plot.r",
                "star_salmon/rseqc/junction_saturation/rscript/RAP1_UNINDUCED_REP2.junctionSaturation_plot.r",
                "star_salmon/rseqc/read_distribution",
                "star_salmon/rseqc/read_distribution/RAP1_IAA_30M_REP1.read_distribution.txt",
                "star_salmon/rseqc/read_distribution/RAP1_UNINDUCED_REP1.read_distribution.txt",
                "star_salmon/rseqc/read_distribution/RAP1_UNINDUCED_REP2.read_distribution.txt",
                "star_salmon/rseqc/read_duplication",
                "star_salmon/rseqc/read_duplication/pdf",
                "star_salmon/rseqc/read_duplication/pdf/RAP1_IAA_30M_REP1.DupRate_plot.pdf",
                "star_salmon/rseqc/read_duplication/pdf/RAP1_UNINDUCED_REP1.DupRate_plot.pdf",
                "star_salmon/rseqc/read_duplication/pdf/RAP1_UNINDUCED_REP2.DupRate_plot.pdf",
                "star_salmon/rseqc/read_duplication/rscript",
                "star_salmon/rseqc/read_duplication/rscript/RAP1_IAA_30M_REP1.DupRate_plot.r",
                "star_salmon/rseqc/read_duplication/rscript/RAP1_UNINDUCED_REP1.DupRate_plot.r",
                "star_salmon/rseqc/read_duplication/rscript/RAP1_UNINDUCED_REP2.DupRate_plot.r",
                "star_salmon/rseqc/read_duplication/xls",
                "star_salmon/rseqc/read_duplication/xls/RAP1_IAA_30M_REP1.pos.DupRate.xls",
                "star_salmon/rseqc/read_duplication/xls/RAP1_IAA_30M_REP1.seq.DupRate.xls",
                "star_salmon/rseqc/read_duplication/xls/RAP1_UNINDUCED_REP1.pos.DupRate.xls",
                "star_salmon/rseqc/read_duplication/xls/RAP1_UNINDUCED_REP1.seq.DupRate.xls",
                "star_salmon/rseqc/read_duplication/xls/RAP1_UNINDUCED_REP2.pos.DupRate.xls",
                "star_salmon/rseqc/read_duplication/xls/RAP1_UNINDUCED_REP2.seq.DupRate.xls",
                "star_salmon/salmon.merged.gene_counts.SummarizedExperiment.rds",
                "star_salmon/salmon.merged.gene_counts.tsv",
                "star_salmon/salmon.merged.gene_counts_length_scaled.SummarizedExperiment.rds",
                "star_salmon/salmon.merged.gene_counts_length_scaled.tsv",
                "star_salmon/salmon.merged.gene_counts_scaled.SummarizedExperiment.rds",
                "star_salmon/salmon.merged.gene_counts_scaled.tsv",
                "star_salmon/salmon.merged.gene_lengths.tsv",
                "star_salmon/salmon.merged.gene_tpm.tsv",
                "star_salmon/salmon.merged.transcript_counts.SummarizedExperiment.rds",
                "star_salmon/salmon.merged.transcript_counts.tsv",
                "star_salmon/salmon.merged.transcript_lengths.tsv",
                "star_salmon/salmon.merged.transcript_tpm.tsv",
                "star_salmon/samtools_stats",
                "star_salmon/samtools_stats/RAP1_IAA_30M_REP1.markdup.sorted.bam.flagstat",
                "star_salmon/samtools_stats/RAP1_IAA_30M_REP1.markdup.sorted.bam.idxstats",
                "star_salmon/samtools_stats/RAP1_IAA_30M_REP1.markdup.sorted.bam.stats",
                "star_salmon/samtools_stats/RAP1_IAA_30M_REP1.sorted.bam.flagstat",
                "star_salmon/samtools_stats/RAP1_IAA_30M_REP1.sorted.bam.idxstats",
                "star_salmon/samtools_stats/RAP1_IAA_30M_REP1.sorted.bam.stats",
                "star_salmon/samtools_stats/RAP1_UNINDUCED_REP1.markdup.sorted.bam.flagstat",
                "star_salmon/samtools_stats/RAP1_UNINDUCED_REP1.markdup.sorted.bam.idxstats",
                "star_salmon/samtools_stats/RAP1_UNINDUCED_REP1.markdup.sorted.bam.stats",
                "star_salmon/samtools_stats/RAP1_UNINDUCED_REP1.sorted.bam.flagstat",
                "star_salmon/samtools_stats/RAP1_UNINDUCED_REP1.sorted.bam.idxstats",
                "star_salmon/samtools_stats/RAP1_UNINDUCED_REP1.sorted.bam.stats",
                "star_salmon/samtools_stats/RAP1_UNINDUCED_REP2.markdup.sorted.bam.flagstat",
                "star_salmon/samtools_stats/RAP1_UNINDUCED_REP2.markdup.sorted.bam.idxstats",
                "star_salmon/samtools_stats/RAP1_UNINDUCED_REP2.markdup.sorted.bam.stats",
                "star_salmon/samtools_stats/RAP1_UNINDUCED_REP2.sorted.bam.flagstat",
                "star_salmon/samtools_stats/RAP1_UNINDUCED_REP2.sorted.bam.idxstats",
                "star_salmon/samtools_stats/RAP1_UNINDUCED_REP2.sorted.bam.stats",
                "star_salmon/samtools_stats/WT_REP1.sorted.bam.flagstat",
                "star_salmon/samtools_stats/WT_REP1.sorted.bam.idxstats",
                "star_salmon/samtools_stats/WT_REP1.sorted.bam.stats",
                "star_salmon/samtools_stats/WT_REP2.sorted.bam.flagstat",
                "star_salmon/samtools_stats/WT_REP2.sorted.bam.idxstats",
                "star_salmon/samtools_stats/WT_REP2.sorted.bam.stats",
                "star_salmon/stringtie",
                "star_salmon/stringtie/RAP1_IAA_30M_REP1.ballgown",
                "star_salmon/stringtie/RAP1_IAA_30M_REP1.ballgown/e2t.ctab",
                "star_salmon/stringtie/RAP1_IAA_30M_REP1.ballgown/e_data.ctab",
                "star_salmon/stringtie/RAP1_IAA_30M_REP1.ballgown/i2t.ctab",
                "star_salmon/stringtie/RAP1_IAA_30M_REP1.ballgown/i_data.ctab",
                "star_salmon/stringtie/RAP1_IAA_30M_REP1.ballgown/t_data.ctab",
                "star_salmon/stringtie/RAP1_IAA_30M_REP1.coverage.gtf",
                "star_salmon/stringtie/RAP1_IAA_30M_REP1.gene.abundance.txt",
                "star_salmon/stringtie/RAP1_IAA_30M_REP1.transcripts.gtf",
                "star_salmon/stringtie/RAP1_UNINDUCED_REP1.ballgown",
                "star_salmon/stringtie/RAP1_UNINDUCED_REP1.ballgown/e2t.ctab",
                "star_salmon/stringtie/RAP1_UNINDUCED_REP1.ballgown/e_data.ctab",
                "star_salmon/stringtie/RAP1_UNINDUCED_REP1.ballgown/i2t.ctab",
                "star_salmon/stringtie/RAP1_UNINDUCED_REP1.ballgown/i_data.ctab",
                "star_salmon/stringtie/RAP1_UNINDUCED_REP1.ballgown/t_data.ctab",
                "star_salmon/stringtie/RAP1_UNINDUCED_REP1.coverage.gtf",
                "star_salmon/stringtie/RAP1_UNINDUCED_REP1.gene.abundance.txt",
                "star_salmon/stringtie/RAP1_UNINDUCED_REP1.transcripts.gtf",
                "star_salmon/stringtie/RAP1_UNINDUCED_REP2.ballgown",
                "star_salmon/stringtie/RAP1_UNINDUCED_REP2.ballgown/e2t.ctab",
                "star_salmon/stringtie/RAP1_UNINDUCED_REP2.ballgown/e_data.ctab",
                "star_salmon/stringtie/RAP1_UNINDUCED_REP2.ballgown/i2t.ctab",
                "star_salmon/stringtie/RAP1_UNINDUCED_REP2.ballgown/i_data.ctab",
                "star_salmon/stringtie/RAP1_UNINDUCED_REP2.ballgown/t_data.ctab",
                "star_salmon/stringtie/RAP1_UNINDUCED_REP2.coverage.gtf",
                "star_salmon/stringtie/RAP1_UNINDUCED_REP2.gene.abundance.txt",
                "star_salmon/stringtie/RAP1_UNINDUCED_REP2.transcripts.gtf",
                "star_salmon/tx2gene.tsv",
                "trimgalore",
                "trimgalore/RAP1_IAA_30M_REP1_trimmed_1.fastq.gz_trimming_report.txt",
                "trimgalore/RAP1_IAA_30M_REP1_trimmed_2.fastq.gz_trimming_report.txt",
                "trimgalore/RAP1_UNINDUCED_REP1_trimmed.fastq.gz_trimming_report.txt",
                "trimgalore/RAP1_UNINDUCED_REP2_trimmed.fastq.gz_trimming_report.txt",
                "trimgalore/WT_REP1_trimmed_1.fastq.gz_trimming_report.txt",
                "trimgalore/WT_REP1_trimmed_2.fastq.gz_trimming_report.txt",
                "trimgalore/WT_REP2_trimmed_1.fastq.gz_trimming_report.txt",
                "trimgalore/WT_REP2_trimmed_2.fastq.gz_trimming_report.txt"
            ],
            [
                "genome_gfp.fasta:md5,e23e302af63736a199985a169fdac055",
                "genome_gfp.gtf:md5,c98b12c302f15731bfc36bcf297cfe28",
                "cutadapt_filtered_reads_plot.txt:md5,6fa381627f7c1f664f3d4b2cb79cce90",
                "cutadapt_trimmed_sequences_plot_3_Counts.txt:md5,13dfa866fd91dbb072689efe9aa83b1f",
                "cutadapt_trimmed_sequences_plot_3_Obs_Exp.txt:md5,07145dd8dd3db654859b18eb0389046c",
                "fastqc_raw-status-check-heatmap.txt:md5,5a89b0d8d162f6b1dbdaf39457bbc03b",
                "fastqc_raw_adapter_content_plot.txt:md5,da0389be84cfdd189b1d045212eb2974",
                "fastqc_raw_overrepresented_sequences_plot.txt:md5,25d88ea8a72f55e8a374ae802bc7f0b1",
                "fastqc_raw_per_base_n_content_plot.txt:md5,d368d7e36ca2f73dcde61f2b486d8213",
                "fastqc_raw_per_base_sequence_quality_plot.txt:md5,5c3065b549129702b185ea1b817da420",
                "fastqc_raw_per_sequence_gc_content_plot_Counts.txt:md5,9ddaa50167117d3c9188ccf015427704",
                "fastqc_raw_per_sequence_gc_content_plot_Percentages.txt:md5,f10ee2881b61308af35f304aa3d810a3",
                "fastqc_raw_per_sequence_quality_scores_plot.txt:md5,b5f9a02933e3065952237afd2ec9ce82",
                "fastqc_raw_sequence_counts_plot.txt:md5,cbae4979d5db66d3b894abcf8d1c453c",
                "fastqc_raw_sequence_duplication_levels_plot.txt:md5,8812cee16f6ca65e2c33635754de1772",
                "fastqc_sequence_length_distribution_plot.txt:md5,6fe2c985606abad947bcca99b015ae33",
                "fastqc_trimmed-status-check-heatmap.txt:md5,22a03548736b88b23be6bc0c9ef1b4a6",
                "fastqc_trimmed_overrepresented_sequences_plot.txt:md5,c755e9d044ea1a82b2c8edde867b4878",
                "fastqc_trimmed_per_base_n_content_plot.txt:md5,418610c1ce119cb786ad434db75d366e",
                "fastqc_trimmed_per_base_sequence_quality_plot.txt:md5,bd22e06e41c096ad4f745d40fe96a1e5",
                "fastqc_trimmed_per_sequence_gc_content_plot_Counts.txt:md5,004c60768ceb6197765154e3eaa37b7a",
                "fastqc_trimmed_per_sequence_gc_content_plot_Percentages.txt:md5,95d29060b687f745288ad1ec47750037",
                "fastqc_trimmed_per_sequence_quality_scores_plot.txt:md5,0f9834cc19f76dd5c87cf8cba7435a7c",
                "fastqc_trimmed_sequence_counts_plot.txt:md5,9fd642bdd1da354f296bb8092205608f",
                "fastqc_trimmed_sequence_duplication_levels_plot.txt:md5,0758257b497283b1ef28171e694db6db",
                "multiqc_citations.txt:md5,2d2ab6df367e36e98e081c33dec187a0",
                "multiqc_cutadapt.txt:md5,583b7b9ba76b26162bb9610ed746454b",
                "multiqc_fail_mapped_samples_table.txt:md5,5dd9b06f326b1a55d78878343af89927",
                "multiqc_fastqc_fastqc_raw.txt:md5,81c3c1a2575a1891a7f2a9637a0f2cc0",
                "multiqc_fastqc_fastqc_trimmed.txt:md5,54743154d0e8858980acffeb5b6f6a97",
                "multiqc_featurecounts_biotype_plot.txt:md5,d0e3792631b78e393de8e6bbbb49d476",
                "multiqc_samtools_idxstats.txt:md5,8b8f6cb092004918c18319a8cd64eb4c",
                "picard_histogram.txt:md5,d41d8cd98f00b204e9800998ecf8427e",
                "picard_histogram_1.txt:md5,d41d8cd98f00b204e9800998ecf8427e",
                "picard_histogram_2.txt:md5,d41d8cd98f00b204e9800998ecf8427e",
                "qualimap_gene_coverage_profile_Counts.txt:md5,6d377444d29c3d4135980982ab1df2fb",
                "qualimap_gene_coverage_profile_Normalised.txt:md5,dc8b4f9fddc08e06668f9ee87faac008",
                "qualimap_rnaseq_cov_hist.txt:md5,a409821701f60811027daef4e7f3ebee",
                "rseqc_infer_experiment_plot.txt:md5,749a802379ada3ec9d2083ecbe6aef7e",
                "samtools-idxstats-mapped-reads-plot_Normalised_Counts.txt:md5,75acd04232d1804b5f960ee4c5db4722",
                "samtools-idxstats-mapped-reads-plot_Observed_over_Expected_Counts.txt:md5,ae45731d8d4595f77e6b271004f3a070",
                "samtools-idxstats-mapped-reads-plot_Raw_Counts.txt:md5,3e57c1686c863035b6e6569210dfd4a8",
                "ambig_info.tsv:md5,de973a4b22a4457217ae3dc04caf9401",
                "expected_bias.gz:md5,3407f87245d0003e0ffbfdf6d8c04f20",
                "observed_bias.gz:md5,92bcd0592d22a6a58d0360fc76103e56",
                "observed_bias_3p.gz:md5,92bcd0592d22a6a58d0360fc76103e56",
                "cmd_info.json:md5,138b27764a97d468418b3dac5e7f1cef",
                "lib_format_counts.json:md5,c24ffe28d70476b5ccdd8bc2d22c0ac1",
                "ambig_info.tsv:md5,45f252b4f0e11e6730cf0c29f800fdbb",
                "expected_bias.gz:md5,3407f87245d0003e0ffbfdf6d8c04f20",
                "observed_bias.gz:md5,92bcd0592d22a6a58d0360fc76103e56",
                "observed_bias_3p.gz:md5,92bcd0592d22a6a58d0360fc76103e56",
                "cmd_info.json:md5,87bcf1e84fc31a794e3c8f8b227d11c3",
                "lib_format_counts.json:md5,f6d44c0221f7fd559f11a9afe04c9935",
                "ambig_info.tsv:md5,6dcc2891ea572e9b8d1ba52cd434ab84",
                "expected_bias.gz:md5,3407f87245d0003e0ffbfdf6d8c04f20",
                "observed_bias.gz:md5,92bcd0592d22a6a58d0360fc76103e56",
                "observed_bias_3p.gz:md5,92bcd0592d22a6a58d0360fc76103e56",
                "cmd_info.json:md5,ec504469f9b0e33c94f85846f1486d7f",
                "lib_format_counts.json:md5,7c562bf2f70e42f3a7292687dfd328c3",
                "ambig_info.tsv:md5,194f574e0586416155e3f33d42e2b167",
                "expected_bias.gz:md5,3407f87245d0003e0ffbfdf6d8c04f20",
                "observed_bias.gz:md5,92bcd0592d22a6a58d0360fc76103e56",
                "observed_bias_3p.gz:md5,92bcd0592d22a6a58d0360fc76103e56",
                "cmd_info.json:md5,591436d401b6df6f3c6a8b16913158f4",
                "lib_format_counts.json:md5,d46250bb3677d72feeefc435fe6395a6",
                "ambig_info.tsv:md5,a26e3f936e65d7da66392603c2f91f6f",
                "expected_bias.gz:md5,3407f87245d0003e0ffbfdf6d8c04f20",
                "observed_bias.gz:md5,92bcd0592d22a6a58d0360fc76103e56",
                "observed_bias_3p.gz:md5,92bcd0592d22a6a58d0360fc76103e56",
                "cmd_info.json:md5,fe66c9d876645b9260d8c2488157d4d4",
                "lib_format_counts.json:md5,088fd51db07022ffde47033bbd029400",
                "R_sessionInfo.log:md5,fb0da0d7ad6994ed66a8e68348b19676",
                "tx2gene.tsv:md5,0e2418a69d2eba45097ebffc2f700bfe",
                "ambig_info.tsv:md5,f9a605d54a0a103566f7a9b8e0867a73",
                "expected_bias.gz:md5,3407f87245d0003e0ffbfdf6d8c04f20",
                "observed_bias.gz:md5,92bcd0592d22a6a58d0360fc76103e56",
                "observed_bias_3p.gz:md5,92bcd0592d22a6a58d0360fc76103e56",
                "cmd_info.json:md5,21395500c85658c70ce5fa0ac05b339a",
                "ambig_info.tsv:md5,8f97be8af4e47cc48650c62227a40203",
                "expected_bias.gz:md5,3407f87245d0003e0ffbfdf6d8c04f20",
                "observed_bias.gz:md5,92bcd0592d22a6a58d0360fc76103e56",
                "observed_bias_3p.gz:md5,92bcd0592d22a6a58d0360fc76103e56",
                "cmd_info.json:md5,faf70330c73fdce087631bb06de8a12f",
                "ambig_info.tsv:md5,a044fe7a3ad445c9a91a0d54ab5015d1",
                "expected_bias.gz:md5,3407f87245d0003e0ffbfdf6d8c04f20",
                "observed_bias.gz:md5,92bcd0592d22a6a58d0360fc76103e56",
                "observed_bias_3p.gz:md5,92bcd0592d22a6a58d0360fc76103e56",
                "cmd_info.json:md5,563fd8191cc965524621c2afea7983ff",
                "ambig_info.tsv:md5,7a8ea02d74058efb801e8c62bca96fd4",
                "expected_bias.gz:md5,3407f87245d0003e0ffbfdf6d8c04f20",
                "observed_bias.gz:md5,92bcd0592d22a6a58d0360fc76103e56",
                "observed_bias_3p.gz:md5,92bcd0592d22a6a58d0360fc76103e56",
                "cmd_info.json:md5,867de0b90aeccb5f9627e821a973aea7",
                "ambig_info.tsv:md5,543a047a549437026a1363ea8ddf5b03",
                "expected_bias.gz:md5,3407f87245d0003e0ffbfdf6d8c04f20",
                "observed_bias.gz:md5,92bcd0592d22a6a58d0360fc76103e56",
                "observed_bias_3p.gz:md5,92bcd0592d22a6a58d0360fc76103e56",
                "cmd_info.json:md5,3a51e7db950cee84bed0b13e329f1934",
                "R_sessionInfo.log:md5,fb0da0d7ad6994ed66a8e68348b19676",
                "RAP1_IAA_30M_REP1_dupMatrix.txt:md5,2e0d518a450bb57801cdd075d4e9c217",
                "RAP1_UNINDUCED_REP1_dupMatrix.txt:md5,96e2f9e1fc5a22a7d468e6fb4a613370",
                "RAP1_UNINDUCED_REP2_dupMatrix.txt:md5,28c30ce734d78d53b1c47c3f87414e4b",
                "RAP1_IAA_30M_REP1_intercept_slope.txt:md5,c677048855caf5190f29fa5f7137cd79",
                "RAP1_UNINDUCED_REP1_intercept_slope.txt:md5,ea1b4323d3bc83759e8a026416bca32b",
                "RAP1_UNINDUCED_REP2_intercept_slope.txt:md5,b062f49a5223a3452075062cdd308043",
                "RAP1_IAA_30M_REP1.biotype_counts_mqc.tsv:md5,6940e190bb388be56f282aa01e916466",
                "RAP1_IAA_30M_REP1.biotype_counts_rrna_mqc.tsv:md5,dde2de0cb90e10d0195c726f768e9941",
                "RAP1_IAA_30M_REP1.featureCounts.txt:md5,2a5c8c10f4371048d7d459411b58b087",
                "RAP1_UNINDUCED_REP1.biotype_counts_mqc.tsv:md5,d241d50e582ceb97e6f16b3556f5f5a9",
                "RAP1_UNINDUCED_REP1.biotype_counts_rrna_mqc.tsv:md5,845ff9059c72bc6722a8de69776e22bb",
                "RAP1_UNINDUCED_REP1.featureCounts.txt:md5,a8ad2573b09fbef181d2d5792a74dbd4",
                "RAP1_UNINDUCED_REP2.biotype_counts_mqc.tsv:md5,b621ce1e803d8670ece6c66391c33ba4",
                "RAP1_UNINDUCED_REP2.biotype_counts_rrna_mqc.tsv:md5,6d3fa4c88c7fe61f638e4624ad5e22f0",
                "RAP1_UNINDUCED_REP2.featureCounts.txt:md5,c97046671b304b69811872854c361450",
                "RAP1_IAA_30M_REP1.SJ.out.tab:md5,ea95e243278af55534f2c52eb5fff7ee",
                "RAP1_UNINDUCED_REP1.SJ.out.tab:md5,e548d13942535dc0821f3ec6d9743ec8",
                "RAP1_UNINDUCED_REP2.SJ.out.tab:md5,1f294365343a1a5e95682792fdb77033",
                "WT_REP1.SJ.out.tab:md5,1350c2fa6a675bf107386c6cd3fc5204",
                "WT_REP2.SJ.out.tab:md5,f6cc03643a5e3c1025a5b4754eb1be23",
                "coverage_profile_along_genes_(high).txt:md5,fcb06d460810c0555de5396b9dae05e8",
                "coverage_profile_along_genes_(low).txt:md5,e3c9a1ddfdb89f8534ff7548b70fce32",
                "coverage_profile_along_genes_(total).txt:md5,e3c9a1ddfdb89f8534ff7548b70fce32",
                "coverage_profile_along_genes_(high).txt:md5,9f1e29a4d6eec52e8796b080daaedca3",
                "coverage_profile_along_genes_(low).txt:md5,353f42a84ff34167646fc83909eac2ff",
                "coverage_profile_along_genes_(total).txt:md5,353f42a84ff34167646fc83909eac2ff",
                "coverage_profile_along_genes_(high).txt:md5,3b20a736708df02ea8c86dc5829ae67e",
                "coverage_profile_along_genes_(low).txt:md5,02b314b76ef1317f20e129412340755d",
                "coverage_profile_along_genes_(total).txt:md5,02b314b76ef1317f20e129412340755d",
                "RAP1_IAA_30M_REP1.infer_experiment.txt:md5,169d25b95c008bebe9ce886fea6a4e33",
                "RAP1_UNINDUCED_REP1.infer_experiment.txt:md5,2ca0ce0fd3204bd2cc4812c4655b1f1f",
                "RAP1_UNINDUCED_REP2.infer_experiment.txt:md5,7d5705880188f9beab1939e08d6b8f40",
                "e2t.ctab:md5,54dd6de2daa90e973f47524a738a3d69",
                "e_data.ctab:md5,3f149502efe2a9d4bac98b1dd18c15e7",
                "i2t.ctab:md5,dda3d3ccd7d4184d947c654ae73efb7b",
                "i_data.ctab:md5,a052ab04070e72cc318fb7680b0764e3",
                "e2t.ctab:md5,54dd6de2daa90e973f47524a738a3d69",
                "e_data.ctab:md5,e82329a443b9ff50a86e42aff91bd704",
                "i2t.ctab:md5,dda3d3ccd7d4184d947c654ae73efb7b",
                "i_data.ctab:md5,d279003d92f7feef9adb31203f84474a",
                "e2t.ctab:md5,54dd6de2daa90e973f47524a738a3d69",
                "e_data.ctab:md5,10e2d00f93f9e74f224bd3c1bfbeb29b",
                "i2t.ctab:md5,dda3d3ccd7d4184d947c654ae73efb7b",
                "i_data.ctab:md5,525413b70bcf62c24c8f96182e09883e",
                "tx2gene.tsv:md5,0e2418a69d2eba45097ebffc2f700bfe"
            ]
        ],
        "meta": {
            "nf-test": "0.9.0",
            "nextflow": "24.04.4"
        },
        "timestamp": "2024-10-23T11:18:04.553985917"
    },
    "Params: --min_mapped_reads 90 - stub": {
        "content": [
            22,
            {
                "BBMAP_BBSPLIT": {
                    "bbmap": 39.1
                },
                "CAT_FASTQ": {
                    "cat": 9.5
                },
                "CUSTOM_CATADDITIONALFASTA": {
                    "python": null
                },
                "CUSTOM_GETCHROMSIZES": {
                    "getchromsizes": 1.21
                },
                "FASTQC": {
                    "fastqc": "0.12.1"
                },
                "GTF2BED": {
                    "perl": "5.26.2"
                },
                "GTF_FILTER": {
                    "python": "3.9.5"
                },
                "GUNZIP_ADDITIONAL_FASTA": {
                    "gunzip": 1.1
                },
                "GUNZIP_GTF": {
                    "gunzip": 1.1
                },
                "STAR_GENOMEGENERATE": {
                    "star": "2.7.11b",
                    "samtools": 1.2,
                    "gawk": "5.1.0"
                },
                "TRIMGALORE": {
                    "trimgalore": "0.6.10",
                    "cutadapt": 4.9
                },
                "UNTAR_SALMON_INDEX": {
                    "untar": 1.34
                },
                "Workflow": {
                    "nf-core/rnaseq": "v3.17.0"
                }
            },
            [
                "custom",
                "custom/out",
                "custom/out/genome_transcriptome.fasta",
                "custom/out/genome_transcriptome.gtf",
                "fastqc",
                "fastqc/raw",
                "fastqc/raw/RAP1_IAA_30M_REP1_raw.html",
                "fastqc/raw/RAP1_IAA_30M_REP1_raw.zip",
                "fastqc/raw/RAP1_UNINDUCED_REP1_raw.html",
                "fastqc/raw/RAP1_UNINDUCED_REP1_raw.zip",
                "fastqc/raw/RAP1_UNINDUCED_REP2_raw.html",
                "fastqc/raw/RAP1_UNINDUCED_REP2_raw.zip",
                "fastqc/raw/WT_REP1_raw.html",
                "fastqc/raw/WT_REP1_raw.zip",
                "fastqc/raw/WT_REP2_raw.html",
                "fastqc/raw/WT_REP2_raw.zip",
                "fastqc/trim",
                "multiqc",
                "multiqc/star_salmon",
                "multiqc/star_salmon/multiqc_data",
                "multiqc/star_salmon/multiqc_plots",
                "multiqc/star_salmon/multiqc_report.html",
                "pipeline_info",
                "pipeline_info/nf_core_rnaseq_software_mqc_versions.yml",
                "trimgalore",
                "trimgalore/RAP1_IAA_30M_REP1_trimmed_1.fastq.gz_trimming_report.txt",
                "trimgalore/RAP1_IAA_30M_REP1_trimmed_2.fastq.gz_trimming_report.txt",
                "trimgalore/RAP1_UNINDUCED_REP1_trimmed.fastq.gz_trimming_report.txt",
                "trimgalore/RAP1_UNINDUCED_REP2_trimmed.fastq.gz_trimming_report.txt",
                "trimgalore/WT_REP1_trimmed_1.fastq.gz_trimming_report.txt",
                "trimgalore/WT_REP1_trimmed_2.fastq.gz_trimming_report.txt",
                "trimgalore/WT_REP2_trimmed_1.fastq.gz_trimming_report.txt",
                "trimgalore/WT_REP2_trimmed_2.fastq.gz_trimming_report.txt"
            ],
            [
                "genome_transcriptome.fasta:md5,d41d8cd98f00b204e9800998ecf8427e",
                "genome_transcriptome.gtf:md5,d41d8cd98f00b204e9800998ecf8427e"
            ]
        ],
        "meta": {
            "nf-test": "0.9.0",
            "nextflow": "24.04.4"
        },
        "timestamp": "2024-10-23T11:19:22.443482528"
    }
}