{
    "without igenomes - log_progress": {
        "content": [
            [
                [
                    {
                        "id": "test",
                        "single_end": false
                    },
                    "test.Log.progress.out:md5,b2bd061d6cbaaf3d6d3b1fed547f69b8"
                ]
            ]
        ],
        "meta": {
            "nf-test": "0.8.4",
            "nextflow": "24.01.0"
        },
        "timestamp": "2024-03-07T11:59:42.476234"
    },
    "with igenomes - stats": {
        "content": [
            [
                [
                    {
                        "id": "test",
                        "single_end": false
                    },
                    "test.stats:md5,202e2f234f93b347b6a72d0163773054"
                ]
            ]
        ],
        "meta": {
            "nf-test": "0.8.4",
            "nextflow": "24.04.2"
        },
        "timestamp": "2024-07-02T16:51:25.527796"
    },
    "with igenomes - flagstat": {
        "content": [
            [
                [
                    {
                        "id": "test",
                        "single_end": false
                    },
                    "test.flagstat:md5,db0e25cd0b37d3030e807846c022199e"
                ]
            ]
        ],
        "meta": {
            "nf-test": "0.8.4",
            "nextflow": "24.01.0"
        },
        "timestamp": "2024-03-07T12:00:35.063991"
    },
    "without igenomes - flagstat": {
        "content": [
            [
                [
                    {
                        "id": "test",
                        "single_end": false
                    },
                    "test.flagstat:md5,db0e25cd0b37d3030e807846c022199e"
                ]
            ]
        ],
        "meta": {
            "nf-test": "0.8.4",
            "nextflow": "24.01.0"
        },
        "timestamp": "2024-03-07T11:59:42.500434"
    },
    "with igenomes - csi": {
        "content": [
            [
                
            ]
        ],
        "meta": {
            "nf-test": "0.8.4",
            "nextflow": "24.01.0"
        },
        "timestamp": "2024-03-07T12:00:35.008879"
    },
    "without igenomes - stats": {
        "content": [
            [
                [
                    {
                        "id": "test",
                        "single_end": false
                    },
                    "test.stats:md5,202e2f234f93b347b6a72d0163773054"
                ]
            ]
        ],
        "meta": {
            "nf-test": "0.8.4",
            "nextflow": "24.04.2"
        },
        "timestamp": "2024-07-02T16:50:30.406405"
    },
    "with igenomes - bam_sorted": {
        "content": [
            [
                [
                    {
                        "id": "test",
                        "single_end": false
                    },
                    "test.Aligned.sortedByCoord.out.bam:md5,b6cec9bba6b04b9b92eddbef128bdfbb"
                ]
            ]
        ],
        "meta": {
            "nf-test": "0.8.4",
            "nextflow": "24.01.0"
        },
        "timestamp": "2024-03-07T12:00:34.968826"
    },
    "without igenomes - versions": {
        "content": [
            [
                "versions.yml:md5,06693106908e6f8f38a2c30accf7067d",
                "versions.yml:md5,35c1cc21d26d9d8f00e6ec87e97fb634",
                "versions.yml:md5,369619588c8c294b74dca9058a151b11",
                "versions.yml:md5,78069d4515b04251f758ac52a49d9971",
                "versions.yml:md5,b6a22ef369a375445a8f9313721b8092",
                "versions.yml:md5,feaf798d368c662a7a1cea87a24a7434"
            ]
        ],
        "meta": {
            "nf-test": "0.8.4",
            "nextflow": "24.04.2"
        },
        "timestamp": "2024-07-02T16:50:30.464346"
    },
    "without igenomes - bam_transcript": {
        "content": [
            [
                
            ]
        ],
        "meta": {
            "nf-test": "0.8.4",
            "nextflow": "24.01.0"
        },
        "timestamp": "2024-03-07T11:59:42.453855"
    },
    "without igenomes - idxstats": {
        "content": [
            [
                [
                    {
                        "id": "test",
                        "single_end": false
                    },
                    "test.idxstats:md5,107ca94dd426cc44db316f0d402307c5"
                ]
            ]
        ],
        "meta": {
            "nf-test": "0.8.4",
            "nextflow": "24.01.0"
        },
        "timestamp": "2024-03-07T11:59:42.511992"
    },
    "with igenomes - fastq": {
        "content": [
            [
                
            ]
        ],
        "meta": {
            "nf-test": "0.8.4",
            "nextflow": "24.01.0"
        },
        "timestamp": "2024-03-07T12:00:35.046516"
    },
    "without igenomes - log_out": {
        "content": [
            "test.Log.out"
        ],
        "meta": {
            "nf-test": "0.8.4",
            "nextflow": "24.01.0"
        },
        "timestamp": "2024-03-07T12:07:26.212398"
    },
    "without igenomes - fastq": {
        "content": [
            [
                
            ]
        ],
        "meta": {
            "nf-test": "0.8.4",
            "nextflow": "24.01.0"
        },
        "timestamp": "2024-03-07T11:59:42.488954"
    },
    "without igenomes - csi": {
        "content": [
            [
                
            ]
        ],
        "meta": {
            "nf-test": "0.8.4",
            "nextflow": "24.01.0"
        },
        "timestamp": "2024-03-07T11:59:42.464985"
    },
    "with igenomes - versions": {
        "content": [
            [
                "versions.yml:md5,06693106908e6f8f38a2c30accf7067d",
                "versions.yml:md5,369619588c8c294b74dca9058a151b11",
                "versions.yml:md5,78069d4515b04251f758ac52a49d9971",
                "versions.yml:md5,b6a22ef369a375445a8f9313721b8092",
                "versions.yml:md5,e3b043ba840d5bddde92f0bf1c91a5fc",
                "versions.yml:md5,feaf798d368c662a7a1cea87a24a7434"
            ]
        ],
        "meta": {
            "nf-test": "0.8.4",
            "nextflow": "24.04.2"
        },
        "timestamp": "2024-07-02T16:51:25.579874"
    },
    "with igenomes - log_progress": {
        "content": [
            [
                [
                    {
                        "id": "test",
                        "single_end": false
                    },
                    "test.Log.progress.out:md5,b2bd061d6cbaaf3d6d3b1fed547f69b8"
                ]
            ]
        ],
        "meta": {
            "nf-test": "0.8.4",
            "nextflow": "24.01.0"
        },
        "timestamp": "2024-03-07T12:00:35.028932"
    },
    "with igenomes - bam_transcript": {
        "content": [
            [
                
            ]
        ],
        "meta": {
            "nf-test": "0.8.4",
            "nextflow": "24.01.0"
        },
        "timestamp": "2024-03-07T12:00:34.989058"
    },
    "with igenomes - log_out": {
        "content": [
            "test.Log.out"
        ],
        "meta": {
            "nf-test": "0.8.4",
            "nextflow": "24.01.0"
        },
        "timestamp": "2024-03-07T12:04:22.59113"
    },
    "without igenomes - tab": {
        "content": [
            [
                [
                    {
                        "id": "test",
                        "single_end": false
                    },
                    "test.SJ.out.tab:md5,844af19ab0fc8cd9a3f75228445aca0d"
                ]
            ]
        ],
        "meta": {
            "nf-test": "0.8.4",
            "nextflow": "24.01.0"
        },
        "timestamp": "2024-03-07T11:59:42.557135"
    },
    "without igenomes - bai": {
        "content": [
            [
                [
                    {
                        "id": "test",
                        "single_end": false
                    },
                    "test.bam.bai:md5,8bfbd4094a92ac0de8492d98a471d1b0"
                ]
            ]
        ],
        "meta": {
            "nf-test": "0.8.4",
            "nextflow": "24.04.2"
        },
        "timestamp": "2024-07-02T16:50:30.294108"
    },
    "without igenomes - orig_bam": {
        "content": [
            [
                [
                    {
                        "id": "test",
                        "single_end": false
                    },
                    "test.Aligned.sortedByCoord.out.bam:md5,b9ee1c607e07323bc1652ef3babb543f"
                ]
            ]
        ],
        "meta": {
            "nf-test": "0.8.4",
            "nextflow": "24.01.0"
        },
        "timestamp": "2024-03-07T11:59:42.523368"
    },
    "without igenomes - log_final": {
        "content": [
            "test.Log.final.out"
        ],
        "meta": {
            "nf-test": "0.8.4",
            "nextflow": "24.01.0"
        },
        "timestamp": "2024-03-07T12:07:26.199"
    },
    "without igenomes - bam": {
        "content": [
            [
                [
                    {
                        "id": "test",
                        "single_end": false
                    },
                    "test.bam:md5,e6573d093da6ec95f99c1669eb86bbd6"
                ]
            ]
        ],
        "meta": {
            "nf-test": "0.8.4",
            "nextflow": "24.04.2"
        },
        "timestamp": "2024-07-02T16:50:30.348908"
    },
    "with igenomes - orig_bam": {
        "content": [
            [
                [
                    {
                        "id": "test",
                        "single_end": false
                    },
                    "test.Aligned.sortedByCoord.out.bam:md5,b6cec9bba6b04b9b92eddbef128bdfbb"
                ]
            ]
        ],
        "meta": {
            "nf-test": "0.8.4",
            "nextflow": "24.01.0"
        },
        "timestamp": "2024-03-07T12:00:35.100886"
    },
    "with igenomes - idxstats": {
        "content": [
            [
                [
                    {
                        "id": "test",
                        "single_end": false
                    },
                    "test.idxstats:md5,107ca94dd426cc44db316f0d402307c5"
                ]
            ]
        ],
        "meta": {
            "nf-test": "0.8.4",
            "nextflow": "24.01.0"
        },
        "timestamp": "2024-03-07T12:00:35.080603"
    },
    "with igenomes - tab": {
        "content": [
            [
                [
                    {
                        "id": "test",
                        "single_end": false
                    },
                    "test.SJ.out.tab:md5,844af19ab0fc8cd9a3f75228445aca0d"
                ]
            ]
        ],
        "meta": {
            "nf-test": "0.8.4",
            "nextflow": "24.01.0"
        },
        "timestamp": "2024-03-07T12:00:35.148353"
    },
    "with igenomes - bam": {
        "content": [
            [
                [
                    {
                        "id": "test",
                        "single_end": false
                    },
                    "test.bam:md5,fc154c31eb4d034ebdb6b1d17c6b45eb"
                ]
            ]
        ],
        "meta": {
            "nf-test": "0.8.4",
            "nextflow": "24.04.2"
        },
        "timestamp": "2024-07-02T16:51:25.474137"
    },
    "without igenomes - bam_sorted": {
        "content": [
            [
                [
                    {
                        "id": "test",
                        "single_end": false
                    },
                    "test.Aligned.sortedByCoord.out.bam:md5,b9ee1c607e07323bc1652ef3babb543f"
                ]
            ]
        ],
        "meta": {
            "nf-test": "0.8.4",
            "nextflow": "24.01.0"
        },
        "timestamp": "2024-03-07T11:59:42.442171"
    },
    "with igenomes - bai": {
        "content": [
            [
                [
                    {
                        "id": "test",
                        "single_end": false
                    },
                    "test.bam.bai:md5,8bfbd4094a92ac0de8492d98a471d1b0"
                ]
            ]
        ],
        "meta": {
            "nf-test": "0.8.4",
            "nextflow": "24.04.2"
        },
        "timestamp": "2024-07-02T16:51:25.407812"
    },
    "with igenomes - log_final": {
        "content": [
            "test.Log.final.out"
        ],
        "meta": {
            "nf-test": "0.8.4",
            "nextflow": "24.01.0"
        },
        "timestamp": "2024-03-07T12:04:22.57863"
    }
}