{
    "test - stub": {
        "content": [
            {
                "0": [
                    [
                        {
                            "id": "genome"
                        },
                        "genome.splice_sites.txt:md5,d41d8cd98f00b204e9800998ecf8427e"
                    ]
                ],
                "1": [
                    [
                        "HISAT2_EXTRACTSPLICESITES",
                        "hisat2",
                        "2.2.1"
                    ]
                ],
                "txt": [
                    [
                        {
                            "id": "genome"
                        },
                        "genome.splice_sites.txt:md5,d41d8cd98f00b204e9800998ecf8427e"
                    ]
                ],
                "versions_hisat2": [
                    [
                        "HISAT2_EXTRACTSPLICESITES",
                        "hisat2",
                        "2.2.1"
                    ]
                ]
            }
        ],
        "meta": {
            "nf-test": "0.9.3",
            "nextflow": "25.10.2"
        },
        "timestamp": "2026-01-19T13:53:18.228211649"
    },
    "Should run without failures": {
        "content": [
            {
                "versions_hisat2": [
                    [
                        "HISAT2_EXTRACTSPLICESITES",
                        "hisat2",
                        "2.2.1"
                    ]
                ]
            }
        ],
        "meta": {
            "nf-test": "0.9.3",
            "nextflow": "25.10.2"
        },
        "timestamp": "2026-01-19T13:53:12.997365366"
    }
}