{
    "test_fq_lint_fail": {
        "content": [
            {
                "0": [
                    
                ],
                "1": [
                    
                ],
                "lint": [
                    
                ],
                "versions": [
                    
                ]
            }
        ],
        "meta": {
            "nf-test": "0.9.0",
            "nextflow": "24.04.4"
        },
        "timestamp": "2024-10-19T16:37:02.133847389"
    }
}