{
    "test_samtools_faidx_fasta - stub": {
        "content": [
            {
                "fa": "extract.fa:md5,d41d8cd98f00b204e9800998ecf8427e",
                "fai": null,
                "gzi": null,
                "id": "test",
                "meta": {
                    "id": "test"
                },
                "sizes": null
            }
        ],
        "timestamp": "2026-09-30T18:17:29.585953828",
        "meta": {
            "nf-test": "0.9.5",
            "nextflow": "26.09.1"
        }
    },
    "test_samtools_faidx": {
        "content": [
            {
                "fa": null,
                "fai": "genome.fasta.fai:md5,9da2a56e2853dc8c0b86a9e7229c9fe5",
                "gzi": null,
                "id": "test",
                "meta": {
                    "id": "test"
                },
                "sizes": null
            }
        ],
        "timestamp": "2026-09-30T18:17:31.750573929",
        "meta": {
            "nf-test": "0.9.5",
            "nextflow": "26.09.1"
        }
    },
    "test_samtools_faidx_get_sizes_bgzip - stub": {
        "content": [
            {
                "fa": null,
                "fai": "genome.fasta.gz.fai:md5,d41d8cd98f00b204e9800998ecf8427e",
                "gzi": "genome.fasta.gz.gzi:md5,d41d8cd98f00b204e9800998ecf8427e",
                "id": "test",
                "meta": {
                    "id": "test"
                },
                "sizes": "genome.fasta.gz.sizes:md5,d41d8cd98f00b204e9800998ecf8427e"
            }
        ],
        "timestamp": "2026-09-30T18:16:52.415134956",
        "meta": {
            "nf-test": "0.9.5",
            "nextflow": "26.09.1"
        }
    },
    "test_samtools_faidx_get_sizes": {
        "content": [
            {
                "fa": null,
                "fai": "genome.fasta.fai:md5,9da2a56e2853dc8c0b86a9e7229c9fe5",
                "gzi": null,
                "id": "test",
                "meta": {
                    "id": "test"
                },
                "sizes": "genome.fasta.sizes:md5,a57c401f27ae5133823fb09fb21c8a3c"
            }
        ],
        "timestamp": "2026-09-30T18:17:16.850869472",
        "meta": {
            "nf-test": "0.9.5",
            "nextflow": "26.09.1"
        }
    },
    "test_samtools_faidx_bgzip": {
        "content": [
            {
                "fa": null,
                "fai": "genome.fasta.gz.fai:md5,9da2a56e2853dc8c0b86a9e7229c9fe5",
                "gzi": "genome.fasta.gz.gzi:md5,7dea362b3fac8e00956a4952a3d4f474",
                "id": "test",
                "meta": {
                    "id": "test"
                },
                "sizes": null
            }
        ],
        "timestamp": "2026-09-30T18:18:46.302298543",
        "meta": {
            "nf-test": "0.9.5",
            "nextflow": "26.09.1"
        }
    },
    "test_samtools_faidx_fasta": {
        "content": [
            {
                "fa": "extract.fa:md5,6a0774a0ad937ba0bfd2ac7457d90f36",
                "fai": null,
                "gzi": null,
                "id": "test",
                "meta": {
                    "id": "test"
                },
                "sizes": null
            }
        ],
        "timestamp": "2026-09-30T18:21:22.319718086",
        "meta": {
            "nf-test": "0.9.5",
            "nextflow": "26.09.1"
        }
    },
    "test_samtools_faidx_get_sizes - stub": {
        "content": [
            {
                "fa": null,
                "fai": "genome.fasta.fai:md5,d41d8cd98f00b204e9800998ecf8427e",
                "gzi": null,
                "id": "test",
                "meta": {
                    "id": "test"
                },
                "sizes": "genome.fasta.sizes:md5,d41d8cd98f00b204e9800998ecf8427e"
            }
        ],
        "timestamp": "2026-09-30T18:16:14.519817839",
        "meta": {
            "nf-test": "0.9.5",
            "nextflow": "26.09.1"
        }
    },
    "test_samtools_faidx_fai - stub": {
        "content": [
            {
                "fa": null,
                "fai": "genome.fasta.fai:md5,d41d8cd98f00b204e9800998ecf8427e",
                "gzi": null,
                "id": "test",
                "meta": {
                    "id": "test"
                },
                "sizes": null
            }
        ],
        "timestamp": "2026-09-30T18:17:39.915554101",
        "meta": {
            "nf-test": "0.9.5",
            "nextflow": "26.09.1"
        }
    },
    "test_samtools_faidx_get_sizes_bgzip": {
        "content": [
            {
                "fa": null,
                "fai": "genome.fasta.gz.fai:md5,9da2a56e2853dc8c0b86a9e7229c9fe5",
                "gzi": "genome.fasta.gz.gzi:md5,7dea362b3fac8e00956a4952a3d4f474",
                "id": "test",
                "meta": {
                    "id": "test"
                },
                "sizes": "genome.fasta.gz.sizes:md5,a57c401f27ae5133823fb09fb21c8a3c"
            }
        ],
        "timestamp": "2026-09-30T18:18:01.066682333",
        "meta": {
            "nf-test": "0.9.5",
            "nextflow": "26.09.1"
        }
    }
}