{
    "skip_gtf_filter = true - stub": {
        "content": [
            [
                "genome_transcriptome.fasta.sizes:md5,d41d8cd98f00b204e9800998ecf8427e"
            ],
            [
                "genome_transcriptome.fasta.fai:md5,d41d8cd98f00b204e9800998ecf8427e"
            ],
            [
                "genome_transcriptome.fasta:md5,d41d8cd98f00b204e9800998ecf8427e"
            ],
            [
                "genome_transcriptome.bed:md5,d41d8cd98f00b204e9800998ecf8427e"
            ],
            [
                "genome_transcriptome.gtf:md5,d41d8cd98f00b204e9800998ecf8427e"
            ],
            [
                
            ],
            [
                
            ],
            [
                
            ],
            [
                "[]"
            ],
            [
                
            ],
            [
                
            ],
            [
                "[Genome, Log.out, SA, SAindex, chrLength.txt, chrName.txt, chrNameLength.txt, chrStart.txt, exonGeTrInfo.tab, exonInfo.tab, geneInfo.tab, genomeParameters.txt, sjdbInfo.txt, sjdbList.fromGTF.out.tab, sjdbList.out.tab, transcriptInfo.tab]"
            ],
            [
                "/ngi-igenomes/testdata/nf-core/pipelines/rnaseq/3.15/reference/transcriptome.fasta"
            ],
            [
                "versions.yml:md5,1b71d037313dd6cfb54f9f1914cc3601",
                "versions.yml:md5,71252f1a221be05593361acccb99506b",
                "versions.yml:md5,d475dace58c4e9b4911e8a60bda85041",
                "versions.yml:md5,fd6b20eb9694865490d59c0ca57e04fb"
            ]
        ],
        "meta": {
            "nf-test": "0.9.3",
            "nextflow": "25.10.2"
        },
        "timestamp": "2026-01-30T19:06:01.626778537"
    },
    "skip_pseudo_alignment - stub": {
        "content": [
            [
                "genome_transcriptome.fasta.sizes:md5,d41d8cd98f00b204e9800998ecf8427e"
            ],
            [
                "genome_transcriptome.fasta.fai:md5,d41d8cd98f00b204e9800998ecf8427e"
            ],
            [
                "genome_transcriptome.fasta:md5,d41d8cd98f00b204e9800998ecf8427e"
            ],
            [
                "genome_transcriptome.bed:md5,d41d8cd98f00b204e9800998ecf8427e"
            ],
            [
                "genome_transcriptome.gtf:md5,d41d8cd98f00b204e9800998ecf8427e"
            ],
            [
                
            ],
            [
                
            ],
            [
                
            ],
            [
                "[]"
            ],
            [
                
            ],
            [
                
            ],
            [
                "[Genome, Log.out, SA, SAindex, chrLength.txt, chrName.txt, chrNameLength.txt, chrStart.txt, exonGeTrInfo.tab, exonInfo.tab, geneInfo.tab, genomeParameters.txt, sjdbInfo.txt, sjdbList.fromGTF.out.tab, sjdbList.out.tab, transcriptInfo.tab]"
            ],
            [
                "/ngi-igenomes/testdata/nf-core/pipelines/rnaseq/3.15/reference/transcriptome.fasta"
            ],
            [
                "versions.yml:md5,1b71d037313dd6cfb54f9f1914cc3601",
                "versions.yml:md5,71252f1a221be05593361acccb99506b",
                "versions.yml:md5,80e9dd350be8cd4c11909d75c914757a",
                "versions.yml:md5,d475dace58c4e9b4911e8a60bda85041",
                "versions.yml:md5,fd6b20eb9694865490d59c0ca57e04fb"
            ]
        ],
        "meta": {
            "nf-test": "0.9.3",
            "nextflow": "25.10.2"
        },
        "timestamp": "2026-01-30T19:03:01.422935959"
    },
    "skip_gtf_filter": {
        "content": [
            [
                "/ngi-igenomes/testdata/nf-core/pipelines/rnaseq/3.15/reference/transcriptome.fasta"
            ],
            [
                "[]"
            ],
            [
                "genome_gfp.fasta:md5,e23e302af63736a199985a169fdac055"
            ],
            [
                "genome_gfp.gtf:md5,5e63cda3dcafc0d6ad0a738133af9d54"
            ],
            [
                "genome_gfp.fasta.fai:md5,8fa54c6bd2ea6a369efbb8ab4f30156a"
            ],
            [
                "genome_gfp.bed:md5,991993ebef1def1d5823632c21177ec3"
            ],
            [
                "genome_gfp.fasta.sizes:md5,9b755f8f349b14accefb4d859f84de26"
            ],
            [
                
            ],
            [
                
            ],
            [
                "[Genome, Log.out, SA, SAindex, chrLength.txt, chrName.txt, chrNameLength.txt, chrStart.txt, exonGeTrInfo.tab, exonInfo.tab, geneInfo.tab, genomeParameters.txt, sjdbInfo.txt, sjdbList.fromGTF.out.tab, sjdbList.out.tab, transcriptInfo.tab]"
            ],
            [
                
            ],
            [
                
            ],
            [
                
            ],
            [
                "versions.yml:md5,04400316552e6253e0008f052b20d866",
                "versions.yml:md5,2ed4fadc0038a6a8f46063219d23d3ef",
                "versions.yml:md5,71252f1a221be05593361acccb99506b",
                "versions.yml:md5,fd6b20eb9694865490d59c0ca57e04fb"
            ]
        ],
        "meta": {
            "nf-test": "0.9.3",
            "nextflow": "25.10.2"
        },
        "timestamp": "2026-01-30T18:49:49.605678545"
    },
    "gencode = false - stub": {
        "content": [
            [
                "genome_transcriptome.fasta.sizes:md5,d41d8cd98f00b204e9800998ecf8427e"
            ],
            [
                "genome_transcriptome.fasta.fai:md5,d41d8cd98f00b204e9800998ecf8427e"
            ],
            [
                "genome_transcriptome.fasta:md5,d41d8cd98f00b204e9800998ecf8427e"
            ],
            [
                "genome_transcriptome.bed:md5,d41d8cd98f00b204e9800998ecf8427e"
            ],
            [
                "genome_transcriptome.gtf:md5,d41d8cd98f00b204e9800998ecf8427e"
            ],
            [
                
            ],
            [
                
            ],
            [
                
            ],
            [
                "[]"
            ],
            [
                
            ],
            [
                
            ],
            [
                "[Genome, Log.out, SA, SAindex, chrLength.txt, chrName.txt, chrNameLength.txt, chrStart.txt, exonGeTrInfo.tab, exonInfo.tab, geneInfo.tab, genomeParameters.txt, sjdbInfo.txt, sjdbList.fromGTF.out.tab, sjdbList.out.tab, transcriptInfo.tab]"
            ],
            [
                "/ngi-igenomes/testdata/nf-core/pipelines/rnaseq/3.15/reference/transcriptome.fasta"
            ],
            [
                "versions.yml:md5,1b71d037313dd6cfb54f9f1914cc3601",
                "versions.yml:md5,71252f1a221be05593361acccb99506b",
                "versions.yml:md5,80e9dd350be8cd4c11909d75c914757a",
                "versions.yml:md5,d475dace58c4e9b4911e8a60bda85041",
                "versions.yml:md5,fd6b20eb9694865490d59c0ca57e04fb"
            ]
        ],
        "meta": {
            "nf-test": "0.9.3",
            "nextflow": "25.10.2"
        },
        "timestamp": "2026-01-30T18:55:03.020416516"
    },
    "gff = false - stub": {
        "content": [
            [
                "genome_transcriptome.fasta.sizes:md5,d41d8cd98f00b204e9800998ecf8427e"
            ],
            [
                "genome_transcriptome.fasta.fai:md5,d41d8cd98f00b204e9800998ecf8427e"
            ],
            [
                "genome_transcriptome.fasta:md5,d41d8cd98f00b204e9800998ecf8427e"
            ],
            [
                "genome_transcriptome.bed:md5,d41d8cd98f00b204e9800998ecf8427e"
            ],
            [
                "genome_transcriptome.gtf:md5,d41d8cd98f00b204e9800998ecf8427e"
            ],
            [
                
            ],
            [
                
            ],
            [
                
            ],
            [
                "[]"
            ],
            [
                
            ],
            [
                
            ],
            [
                "[Genome, Log.out, SA, SAindex, chrLength.txt, chrName.txt, chrNameLength.txt, chrStart.txt, exonGeTrInfo.tab, exonInfo.tab, geneInfo.tab, genomeParameters.txt, sjdbInfo.txt, sjdbList.fromGTF.out.tab, sjdbList.out.tab, transcriptInfo.tab]"
            ],
            [
                "/ngi-igenomes/testdata/nf-core/pipelines/rnaseq/3.15/reference/transcriptome.fasta"
            ],
            [
                "versions.yml:md5,1b71d037313dd6cfb54f9f1914cc3601",
                "versions.yml:md5,71252f1a221be05593361acccb99506b",
                "versions.yml:md5,80e9dd350be8cd4c11909d75c914757a",
                "versions.yml:md5,d475dace58c4e9b4911e8a60bda85041",
                "versions.yml:md5,fd6b20eb9694865490d59c0ca57e04fb"
            ]
        ],
        "meta": {
            "nf-test": "0.9.3",
            "nextflow": "25.10.2"
        },
        "timestamp": "2026-01-30T19:03:32.201950309"
    },
    "skip_pseudoalignment = true - stub": {
        "content": [
            [
                "genome_transcriptome.fasta.sizes:md5,d41d8cd98f00b204e9800998ecf8427e"
            ],
            [
                "genome_transcriptome.fasta.fai:md5,d41d8cd98f00b204e9800998ecf8427e"
            ],
            [
                "genome_transcriptome.fasta:md5,d41d8cd98f00b204e9800998ecf8427e"
            ],
            [
                "genome_transcriptome.bed:md5,d41d8cd98f00b204e9800998ecf8427e"
            ],
            [
                "genome_transcriptome.gtf:md5,d41d8cd98f00b204e9800998ecf8427e"
            ],
            [
                
            ],
            [
                
            ],
            [
                
            ],
            [
                "[]"
            ],
            [
                
            ],
            [
                
            ],
            [
                "[Genome, Log.out, SA, SAindex, chrLength.txt, chrName.txt, chrNameLength.txt, chrStart.txt, exonGeTrInfo.tab, exonInfo.tab, geneInfo.tab, genomeParameters.txt, sjdbInfo.txt, sjdbList.fromGTF.out.tab, sjdbList.out.tab, transcriptInfo.tab]"
            ],
            [
                "/ngi-igenomes/testdata/nf-core/pipelines/rnaseq/3.15/reference/transcriptome.fasta"
            ],
            [
                "versions.yml:md5,1b71d037313dd6cfb54f9f1914cc3601",
                "versions.yml:md5,71252f1a221be05593361acccb99506b",
                "versions.yml:md5,80e9dd350be8cd4c11909d75c914757a",
                "versions.yml:md5,d475dace58c4e9b4911e8a60bda85041",
                "versions.yml:md5,fd6b20eb9694865490d59c0ca57e04fb"
            ]
        ],
        "meta": {
            "nf-test": "0.9.3",
            "nextflow": "25.10.2"
        },
        "timestamp": "2026-01-30T19:06:46.602007988"
    },
    "featurecounts_group_type = 'gene_type' - stub": {
        "content": [
            [
                "genome_transcriptome.fasta.sizes:md5,d41d8cd98f00b204e9800998ecf8427e"
            ],
            [
                "genome_transcriptome.fasta.fai:md5,d41d8cd98f00b204e9800998ecf8427e"
            ],
            [
                "genome_transcriptome.fasta:md5,d41d8cd98f00b204e9800998ecf8427e"
            ],
            [
                "genome_transcriptome.bed:md5,d41d8cd98f00b204e9800998ecf8427e"
            ],
            [
                "genome_transcriptome.gtf:md5,d41d8cd98f00b204e9800998ecf8427e"
            ],
            [
                
            ],
            [
                
            ],
            [
                
            ],
            [
                "[]"
            ],
            [
                
            ],
            [
                
            ],
            [
                "[Genome, Log.out, SA, SAindex, chrLength.txt, chrName.txt, chrNameLength.txt, chrStart.txt, exonGeTrInfo.tab, exonInfo.tab, geneInfo.tab, genomeParameters.txt, sjdbInfo.txt, sjdbList.fromGTF.out.tab, sjdbList.out.tab, transcriptInfo.tab]"
            ],
            [
                "/ngi-igenomes/testdata/nf-core/pipelines/rnaseq/3.15/reference/transcriptome.fasta"
            ],
            [
                "versions.yml:md5,1b71d037313dd6cfb54f9f1914cc3601",
                "versions.yml:md5,71252f1a221be05593361acccb99506b",
                "versions.yml:md5,80e9dd350be8cd4c11909d75c914757a",
                "versions.yml:md5,d475dace58c4e9b4911e8a60bda85041",
                "versions.yml:md5,fd6b20eb9694865490d59c0ca57e04fb"
            ]
        ],
        "meta": {
            "nf-test": "0.9.3",
            "nextflow": "25.10.2"
        },
        "timestamp": "2026-01-30T19:05:47.140964254"
    },
    "gtf = false": {
        "content": [
            [
                "transcriptome.fixed.fa:md5,faf3a64453ae73983bbf2743387fbdf2"
            ],
            [
                "[]"
            ],
            [
                "genome_gfp.fasta:md5,e23e302af63736a199985a169fdac055"
            ],
            [
                "genome_gfp.gtf:md5,68b68c059ba170af3f9d0a5dc1e0c8b8"
            ],
            [
                "genome_gfp.fasta.fai:md5,8fa54c6bd2ea6a369efbb8ab4f30156a"
            ],
            [
                "genome_gfp.bed:md5,991993ebef1def1d5823632c21177ec3"
            ],
            [
                "genome_gfp.fasta.sizes:md5,9b755f8f349b14accefb4d859f84de26"
            ],
            [
                
            ],
            [
                
            ],
            [
                "[Genome, Log.out, SA, SAindex, chrLength.txt, chrName.txt, chrNameLength.txt, chrStart.txt, exonGeTrInfo.tab, exonInfo.tab, geneInfo.tab, genomeParameters.txt, sjdbInfo.txt, sjdbList.fromGTF.out.tab, sjdbList.out.tab, transcriptInfo.tab]"
            ],
            [
                
            ],
            [
                
            ],
            [
                
            ],
            [
                "versions.yml:md5,04400316552e6253e0008f052b20d866",
                "versions.yml:md5,2ed4fadc0038a6a8f46063219d23d3ef",
                "versions.yml:md5,71252f1a221be05593361acccb99506b",
                "versions.yml:md5,80e9dd350be8cd4c11909d75c914757a",
                "versions.yml:md5,961ab91198c4e6ec9d795b95e3f61fda",
                "versions.yml:md5,fd6b20eb9694865490d59c0ca57e04fb"
            ]
        ],
        "meta": {
            "nf-test": "0.9.3",
            "nextflow": "25.10.2"
        },
        "timestamp": "2026-01-30T18:50:52.584932073"
    },
    "gfp = false": {
        "content": [
            [
                "/ngi-igenomes/testdata/nf-core/pipelines/rnaseq/3.15/reference/transcriptome.fasta"
            ],
            [
                "[]"
            ],
            [
                "/ngi-igenomes/testdata/nf-core/pipelines/rnaseq/3.15/reference/genome.fasta"
            ],
            [
                "genes_with_empty_tid.filtered.gtf:md5,ef6fccd153a21c329670462d602ed2d0"
            ],
            [
                "genome.fasta.fai:md5,2cd76d936cbfa386b14154506c2041b2"
            ],
            [
                "genes_with_empty_tid.filtered.bed:md5,e507dc33673e76c32abe344f4dc07952"
            ],
            [
                "genome.fasta.sizes:md5,29218009212157c49dbc6596621ec780"
            ],
            [
                
            ],
            [
                
            ],
            [
                "[Genome, Log.out, SA, SAindex, chrLength.txt, chrName.txt, chrNameLength.txt, chrStart.txt, exonGeTrInfo.tab, exonInfo.tab, geneInfo.tab, genomeParameters.txt, sjdbInfo.txt, sjdbList.fromGTF.out.tab, sjdbList.out.tab, transcriptInfo.tab]"
            ],
            [
                
            ],
            [
                
            ],
            [
                
            ],
            [
                "versions.yml:md5,2ed4fadc0038a6a8f46063219d23d3ef",
                "versions.yml:md5,71252f1a221be05593361acccb99506b",
                "versions.yml:md5,80e9dd350be8cd4c11909d75c914757a",
                "versions.yml:md5,fd6b20eb9694865490d59c0ca57e04fb"
            ]
        ],
        "meta": {
            "nf-test": "0.9.3",
            "nextflow": "25.10.2"
        },
        "timestamp": "2026-01-30T18:51:22.824418589"
    },
    "skip_bbsplit = true": {
        "content": [
            [
                "/ngi-igenomes/testdata/nf-core/pipelines/rnaseq/3.15/reference/transcriptome.fasta"
            ],
            [
                "[]"
            ],
            [
                "genome_gfp.fasta:md5,e23e302af63736a199985a169fdac055"
            ],
            [
                "genome_gfp.gtf:md5,c98b12c302f15731bfc36bcf297cfe28"
            ],
            [
                "genome_gfp.fasta.fai:md5,8fa54c6bd2ea6a369efbb8ab4f30156a"
            ],
            [
                "genome_gfp.bed:md5,991993ebef1def1d5823632c21177ec3"
            ],
            [
                "genome_gfp.fasta.sizes:md5,9b755f8f349b14accefb4d859f84de26"
            ],
            [
                
            ],
            [
                
            ],
            [
                "[Genome, Log.out, SA, SAindex, chrLength.txt, chrName.txt, chrNameLength.txt, chrStart.txt, exonGeTrInfo.tab, exonInfo.tab, geneInfo.tab, genomeParameters.txt, sjdbInfo.txt, sjdbList.fromGTF.out.tab, sjdbList.out.tab, transcriptInfo.tab]"
            ],
            [
                
            ],
            [
                
            ],
            [
                
            ],
            [
                "versions.yml:md5,04400316552e6253e0008f052b20d866",
                "versions.yml:md5,2ed4fadc0038a6a8f46063219d23d3ef",
                "versions.yml:md5,71252f1a221be05593361acccb99506b",
                "versions.yml:md5,80e9dd350be8cd4c11909d75c914757a",
                "versions.yml:md5,fd6b20eb9694865490d59c0ca57e04fb"
            ]
        ],
        "meta": {
            "nf-test": "0.9.3",
            "nextflow": "25.10.2"
        },
        "timestamp": "2026-01-30T18:54:01.12522658"
    },
    "salmon_index = false - stub": {
        "content": [
            [
                "genome_transcriptome.fasta.sizes:md5,d41d8cd98f00b204e9800998ecf8427e"
            ],
            [
                "genome_transcriptome.fasta.fai:md5,d41d8cd98f00b204e9800998ecf8427e"
            ],
            [
                "genome_transcriptome.fasta:md5,d41d8cd98f00b204e9800998ecf8427e"
            ],
            [
                "genome_transcriptome.bed:md5,d41d8cd98f00b204e9800998ecf8427e"
            ],
            [
                "genome_transcriptome.gtf:md5,d41d8cd98f00b204e9800998ecf8427e"
            ],
            [
                
            ],
            [
                
            ],
            [
                
            ],
            [
                "[complete_ref_lens.bin, ctable.bin, ctg_offsets.bin, duplicate_clusters.tsv, info.json, mphf.bin, pos.bin, pre_indexing.log, rank.bin, refAccumLengths.bin, ref_indexing.log, reflengths.bin, refseq.bin, seq.bin, versionInfo.json]"
            ],
            [
                
            ],
            [
                
            ],
            [
                "[Genome, Log.out, SA, SAindex, chrLength.txt, chrName.txt, chrNameLength.txt, chrStart.txt, exonGeTrInfo.tab, exonInfo.tab, geneInfo.tab, genomeParameters.txt, sjdbInfo.txt, sjdbList.fromGTF.out.tab, sjdbList.out.tab, transcriptInfo.tab]"
            ],
            [
                "/ngi-igenomes/testdata/nf-core/pipelines/rnaseq/3.15/reference/transcriptome.fasta"
            ],
            [
                "versions.yml:md5,1b71d037313dd6cfb54f9f1914cc3601",
                "versions.yml:md5,71252f1a221be05593361acccb99506b",
                "versions.yml:md5,80b70172974f819687dc8e3a1bea2b9f",
                "versions.yml:md5,80e9dd350be8cd4c11909d75c914757a",
                "versions.yml:md5,d475dace58c4e9b4911e8a60bda85041",
                "versions.yml:md5,fd6b20eb9694865490d59c0ca57e04fb"
            ]
        ],
        "meta": {
            "nf-test": "0.9.3",
            "nextflow": "25.10.2"
        },
        "timestamp": "2026-01-30T19:04:46.767046084"
    },
    "skip_alignment": {
        "content": [
            [
                "/ngi-igenomes/testdata/nf-core/pipelines/rnaseq/3.15/reference/transcriptome.fasta"
            ],
            [
                "[]"
            ],
            [
                "genome_gfp.fasta:md5,e23e302af63736a199985a169fdac055"
            ],
            [
                "genome_gfp.gtf:md5,c98b12c302f15731bfc36bcf297cfe28"
            ],
            [
                "genome_gfp.fasta.fai:md5,8fa54c6bd2ea6a369efbb8ab4f30156a"
            ],
            [
                "genome_gfp.bed:md5,991993ebef1def1d5823632c21177ec3"
            ],
            [
                "genome_gfp.fasta.sizes:md5,9b755f8f349b14accefb4d859f84de26"
            ],
            [
                
            ],
            [
                
            ],
            [
                
            ],
            [
                
            ],
            [
                
            ],
            [
                
            ],
            [
                "versions.yml:md5,04400316552e6253e0008f052b20d866",
                "versions.yml:md5,2ed4fadc0038a6a8f46063219d23d3ef",
                "versions.yml:md5,71252f1a221be05593361acccb99506b",
                "versions.yml:md5,80e9dd350be8cd4c11909d75c914757a"
            ]
        ],
        "meta": {
            "nf-test": "0.9.3",
            "nextflow": "25.10.2"
        },
        "timestamp": "2026-01-30T18:50:20.431490416"
    },
    "gfp = false - stub": {
        "content": [
            [
                "genome.fasta.sizes:md5,d41d8cd98f00b204e9800998ecf8427e"
            ],
            [
                "genome.fasta.fai:md5,d41d8cd98f00b204e9800998ecf8427e"
            ],
            [
                "/ngi-igenomes/testdata/nf-core/pipelines/rnaseq/3.15/reference/genome.fasta"
            ],
            [
                "genome.filtered.bed:md5,d41d8cd98f00b204e9800998ecf8427e"
            ],
            [
                "genome.filtered.gtf:md5,d41d8cd98f00b204e9800998ecf8427e"
            ],
            [
                
            ],
            [
                
            ],
            [
                
            ],
            [
                "[]"
            ],
            [
                
            ],
            [
                
            ],
            [
                "[Genome, Log.out, SA, SAindex, chrLength.txt, chrName.txt, chrNameLength.txt, chrStart.txt, exonGeTrInfo.tab, exonInfo.tab, geneInfo.tab, genomeParameters.txt, sjdbInfo.txt, sjdbList.fromGTF.out.tab, sjdbList.out.tab, transcriptInfo.tab]"
            ],
            [
                "/ngi-igenomes/testdata/nf-core/pipelines/rnaseq/3.15/reference/transcriptome.fasta"
            ],
            [
                "versions.yml:md5,1b71d037313dd6cfb54f9f1914cc3601",
                "versions.yml:md5,71252f1a221be05593361acccb99506b",
                "versions.yml:md5,80e9dd350be8cd4c11909d75c914757a",
                "versions.yml:md5,fd6b20eb9694865490d59c0ca57e04fb"
            ]
        ],
        "meta": {
            "nf-test": "0.9.3",
            "nextflow": "25.10.2"
        },
        "timestamp": "2026-01-30T19:03:46.569547842"
    },
    "gencode = false": {
        "content": [
            [
                "/ngi-igenomes/testdata/nf-core/pipelines/rnaseq/3.15/reference/transcriptome.fasta"
            ],
            [
                "[]"
            ],
            [
                "genome_gfp.fasta:md5,e23e302af63736a199985a169fdac055"
            ],
            [
                "genome_gfp.gtf:md5,c98b12c302f15731bfc36bcf297cfe28"
            ],
            [
                "genome_gfp.fasta.fai:md5,8fa54c6bd2ea6a369efbb8ab4f30156a"
            ],
            [
                "genome_gfp.bed:md5,991993ebef1def1d5823632c21177ec3"
            ],
            [
                "genome_gfp.fasta.sizes:md5,9b755f8f349b14accefb4d859f84de26"
            ],
            [
                
            ],
            [
                
            ],
            [
                "[Genome, Log.out, SA, SAindex, chrLength.txt, chrName.txt, chrNameLength.txt, chrStart.txt, exonGeTrInfo.tab, exonInfo.tab, geneInfo.tab, genomeParameters.txt, sjdbInfo.txt, sjdbList.fromGTF.out.tab, sjdbList.out.tab, transcriptInfo.tab]"
            ],
            [
                
            ],
            [
                
            ],
            [
                
            ],
            [
                "versions.yml:md5,04400316552e6253e0008f052b20d866",
                "versions.yml:md5,2ed4fadc0038a6a8f46063219d23d3ef",
                "versions.yml:md5,71252f1a221be05593361acccb99506b",
                "versions.yml:md5,80e9dd350be8cd4c11909d75c914757a",
                "versions.yml:md5,fd6b20eb9694865490d59c0ca57e04fb"
            ]
        ],
        "meta": {
            "nf-test": "0.9.3",
            "nextflow": "25.10.2"
        },
        "timestamp": "2026-01-30T18:49:34.505949446"
    },
    "default options": {
        "content": [
            [
                "/ngi-igenomes/testdata/nf-core/pipelines/rnaseq/3.15/reference/transcriptome.fasta"
            ],
            [
                "[]"
            ],
            [
                "genome_gfp.fasta:md5,e23e302af63736a199985a169fdac055"
            ],
            [
                "genome_gfp.gtf:md5,c98b12c302f15731bfc36bcf297cfe28"
            ],
            [
                "genome_gfp.fasta.fai:md5,8fa54c6bd2ea6a369efbb8ab4f30156a"
            ],
            [
                "genome_gfp.bed:md5,991993ebef1def1d5823632c21177ec3"
            ],
            [
                "genome_gfp.fasta.sizes:md5,9b755f8f349b14accefb4d859f84de26"
            ],
            [
                
            ],
            [
                
            ],
            [
                "[Genome, Log.out, SA, SAindex, chrLength.txt, chrName.txt, chrNameLength.txt, chrStart.txt, exonGeTrInfo.tab, exonInfo.tab, geneInfo.tab, genomeParameters.txt, sjdbInfo.txt, sjdbList.fromGTF.out.tab, sjdbList.out.tab, transcriptInfo.tab]"
            ],
            [
                
            ],
            [
                
            ],
            [
                
            ],
            [
                "versions.yml:md5,04400316552e6253e0008f052b20d866",
                "versions.yml:md5,2ed4fadc0038a6a8f46063219d23d3ef",
                "versions.yml:md5,71252f1a221be05593361acccb99506b",
                "versions.yml:md5,80e9dd350be8cd4c11909d75c914757a",
                "versions.yml:md5,fd6b20eb9694865490d59c0ca57e04fb"
            ]
        ],
        "meta": {
            "nf-test": "0.9.3",
            "nextflow": "25.10.2"
        },
        "timestamp": "2026-01-30T18:49:18.615199367"
    },
    "gencode = true - stub": {
        "content": [
            [
                "genome_transcriptome.fasta.sizes:md5,d41d8cd98f00b204e9800998ecf8427e"
            ],
            [
                "genome_transcriptome.fasta.fai:md5,d41d8cd98f00b204e9800998ecf8427e"
            ],
            [
                "genome_transcriptome.fasta:md5,d41d8cd98f00b204e9800998ecf8427e"
            ],
            [
                "genome_transcriptome.bed:md5,d41d8cd98f00b204e9800998ecf8427e"
            ],
            [
                "genome_transcriptome.gtf:md5,d41d8cd98f00b204e9800998ecf8427e"
            ],
            [
                
            ],
            [
                
            ],
            [
                
            ],
            [
                "[]"
            ],
            [
                
            ],
            [
                
            ],
            [
                "[Genome, Log.out, SA, SAindex, chrLength.txt, chrName.txt, chrNameLength.txt, chrStart.txt, exonGeTrInfo.tab, exonInfo.tab, geneInfo.tab, genomeParameters.txt, sjdbInfo.txt, sjdbList.fromGTF.out.tab, sjdbList.out.tab, transcriptInfo.tab]"
            ],
            [
                "transcriptome.fixed.fa:md5,d41d8cd98f00b204e9800998ecf8427e"
            ],
            [
                "versions.yml:md5,1b71d037313dd6cfb54f9f1914cc3601",
                "versions.yml:md5,71252f1a221be05593361acccb99506b",
                "versions.yml:md5,80e9dd350be8cd4c11909d75c914757a",
                "versions.yml:md5,961ab91198c4e6ec9d795b95e3f61fda",
                "versions.yml:md5,d475dace58c4e9b4911e8a60bda85041",
                "versions.yml:md5,fd6b20eb9694865490d59c0ca57e04fb"
            ]
        ],
        "meta": {
            "nf-test": "0.9.3",
            "nextflow": "25.10.2"
        },
        "timestamp": "2026-01-30T19:05:32.067643094"
    },
    "skip_alignment - stub": {
        "content": [
            [
                "genome_transcriptome.fasta.sizes:md5,d41d8cd98f00b204e9800998ecf8427e"
            ],
            [
                "genome_transcriptome.fasta.fai:md5,d41d8cd98f00b204e9800998ecf8427e"
            ],
            [
                "genome_transcriptome.fasta:md5,d41d8cd98f00b204e9800998ecf8427e"
            ],
            [
                "genome_transcriptome.bed:md5,d41d8cd98f00b204e9800998ecf8427e"
            ],
            [
                "genome_transcriptome.gtf:md5,d41d8cd98f00b204e9800998ecf8427e"
            ],
            [
                
            ],
            [
                
            ],
            [
                
            ],
            [
                "[]"
            ],
            [
                
            ],
            [
                
            ],
            [
                
            ],
            [
                "/ngi-igenomes/testdata/nf-core/pipelines/rnaseq/3.15/reference/transcriptome.fasta"
            ],
            [
                "versions.yml:md5,1b71d037313dd6cfb54f9f1914cc3601",
                "versions.yml:md5,71252f1a221be05593361acccb99506b",
                "versions.yml:md5,80e9dd350be8cd4c11909d75c914757a",
                "versions.yml:md5,d475dace58c4e9b4911e8a60bda85041"
            ]
        ],
        "meta": {
            "nf-test": "0.9.3",
            "nextflow": "25.10.2"
        },
        "timestamp": "2026-01-30T18:55:47.40571839"
    },
    "skip_bbsplit = true - stub": {
        "content": [
            {
                "0": [
                    "genome_transcriptome.fasta:md5,d41d8cd98f00b204e9800998ecf8427e"
                ],
                "1": [
                    "genome_transcriptome.gtf:md5,d41d8cd98f00b204e9800998ecf8427e"
                ],
                "10": [
                    [
                        "Genome:md5,d41d8cd98f00b204e9800998ecf8427e",
                        "Log.out:md5,d41d8cd98f00b204e9800998ecf8427e",
                        "SA:md5,d41d8cd98f00b204e9800998ecf8427e",
                        "SAindex:md5,d41d8cd98f00b204e9800998ecf8427e",
                        "chrLength.txt:md5,d41d8cd98f00b204e9800998ecf8427e",
                        "chrName.txt:md5,d41d8cd98f00b204e9800998ecf8427e",
                        "chrNameLength.txt:md5,d41d8cd98f00b204e9800998ecf8427e",
                        "chrStart.txt:md5,d41d8cd98f00b204e9800998ecf8427e",
                        "exonGeTrInfo.tab:md5,d41d8cd98f00b204e9800998ecf8427e",
                        "exonInfo.tab:md5,d41d8cd98f00b204e9800998ecf8427e",
                        "geneInfo.tab:md5,d41d8cd98f00b204e9800998ecf8427e",
                        "genomeParameters.txt:md5,d41d8cd98f00b204e9800998ecf8427e",
                        "sjdbInfo.txt:md5,d41d8cd98f00b204e9800998ecf8427e",
                        "sjdbList.fromGTF.out.tab:md5,d41d8cd98f00b204e9800998ecf8427e",
                        "sjdbList.out.tab:md5,d41d8cd98f00b204e9800998ecf8427e",
                        "transcriptInfo.tab:md5,d41d8cd98f00b204e9800998ecf8427e"
                    ]
                ],
                "11": [
                    
                ],
                "12": [
                    
                ],
                "13": [
                    "/ngi-igenomes/testdata/nf-core/pipelines/rnaseq/3.15/reference/salmon.tar.gz"
                ],
                "14": [
                    
                ],
                "15": [
                    "versions.yml:md5,1b71d037313dd6cfb54f9f1914cc3601",
                    "versions.yml:md5,71252f1a221be05593361acccb99506b",
                    "versions.yml:md5,80e9dd350be8cd4c11909d75c914757a",
                    "versions.yml:md5,d475dace58c4e9b4911e8a60bda85041",
                    "versions.yml:md5,fd6b20eb9694865490d59c0ca57e04fb"
                ],
                "2": [
                    "genome_transcriptome.fasta.fai:md5,d41d8cd98f00b204e9800998ecf8427e"
                ],
                "3": [
                    "genome_transcriptome.bed:md5,d41d8cd98f00b204e9800998ecf8427e"
                ],
                "4": [
                    "/ngi-igenomes/testdata/nf-core/pipelines/rnaseq/3.15/reference/transcriptome.fasta"
                ],
                "5": [
                    "genome_transcriptome.fasta.sizes:md5,d41d8cd98f00b204e9800998ecf8427e"
                ],
                "6": [
                    
                ],
                "7": [
                    
                ],
                "8": [
                    
                ],
                "9": [
                    
                ],
                "bbsplit_index": [
                    
                ],
                "chrom_sizes": [
                    "genome_transcriptome.fasta.sizes:md5,d41d8cd98f00b204e9800998ecf8427e"
                ],
                "fai": [
                    "genome_transcriptome.fasta.fai:md5,d41d8cd98f00b204e9800998ecf8427e"
                ],
                "fasta": [
                    "genome_transcriptome.fasta:md5,d41d8cd98f00b204e9800998ecf8427e"
                ],
                "gene_bed": [
                    "genome_transcriptome.bed:md5,d41d8cd98f00b204e9800998ecf8427e"
                ],
                "gtf": [
                    "genome_transcriptome.gtf:md5,d41d8cd98f00b204e9800998ecf8427e"
                ],
                "hisat2_index": [
                    
                ],
                "kallisto_index": [
                    
                ],
                "rrna_fastas": [
                    
                ],
                "rsem_index": [
                    
                ],
                "salmon_index": [
                    "/ngi-igenomes/testdata/nf-core/pipelines/rnaseq/3.15/reference/salmon.tar.gz"
                ],
                "sortmerna_index": [
                    
                ],
                "splicesites": [
                    
                ],
                "star_index": [
                    [
                        "Genome:md5,d41d8cd98f00b204e9800998ecf8427e",
                        "Log.out:md5,d41d8cd98f00b204e9800998ecf8427e",
                        "SA:md5,d41d8cd98f00b204e9800998ecf8427e",
                        "SAindex:md5,d41d8cd98f00b204e9800998ecf8427e",
                        "chrLength.txt:md5,d41d8cd98f00b204e9800998ecf8427e",
                        "chrName.txt:md5,d41d8cd98f00b204e9800998ecf8427e",
                        "chrNameLength.txt:md5,d41d8cd98f00b204e9800998ecf8427e",
                        "chrStart.txt:md5,d41d8cd98f00b204e9800998ecf8427e",
                        "exonGeTrInfo.tab:md5,d41d8cd98f00b204e9800998ecf8427e",
                        "exonInfo.tab:md5,d41d8cd98f00b204e9800998ecf8427e",
                        "geneInfo.tab:md5,d41d8cd98f00b204e9800998ecf8427e",
                        "genomeParameters.txt:md5,d41d8cd98f00b204e9800998ecf8427e",
                        "sjdbInfo.txt:md5,d41d8cd98f00b204e9800998ecf8427e",
                        "sjdbList.fromGTF.out.tab:md5,d41d8cd98f00b204e9800998ecf8427e",
                        "sjdbList.out.tab:md5,d41d8cd98f00b204e9800998ecf8427e",
                        "transcriptInfo.tab:md5,d41d8cd98f00b204e9800998ecf8427e"
                    ]
                ],
                "transcript_fasta": [
                    "/ngi-igenomes/testdata/nf-core/pipelines/rnaseq/3.15/reference/transcriptome.fasta"
                ],
                "versions": [
                    "versions.yml:md5,1b71d037313dd6cfb54f9f1914cc3601",
                    "versions.yml:md5,71252f1a221be05593361acccb99506b",
                    "versions.yml:md5,80e9dd350be8cd4c11909d75c914757a",
                    "versions.yml:md5,d475dace58c4e9b4911e8a60bda85041",
                    "versions.yml:md5,fd6b20eb9694865490d59c0ca57e04fb"
                ]
            }
        ],
        "meta": {
            "nf-test": "0.9.3",
            "nextflow": "25.10.2"
        },
        "timestamp": "2026-01-30T18:19:50.026921163"
    },
    "transcriptome = false": {
        "content": [
            [
                "genome.transcripts.fa:md5,b89a3e02ad30ba3fd600f98c8e2f58d4"
            ],
            [
                "[]"
            ],
            [
                "genome_gfp.fasta:md5,e23e302af63736a199985a169fdac055"
            ],
            [
                "genome_gfp.gtf:md5,c98b12c302f15731bfc36bcf297cfe28"
            ],
            [
                "genome_gfp.fasta.fai:md5,8fa54c6bd2ea6a369efbb8ab4f30156a"
            ],
            [
                "genome_gfp.bed:md5,991993ebef1def1d5823632c21177ec3"
            ],
            [
                "genome_gfp.fasta.sizes:md5,9b755f8f349b14accefb4d859f84de26"
            ],
            [
                
            ],
            [
                
            ],
            [
                "[Genome, Log.out, SA, SAindex, chrLength.txt, chrName.txt, chrNameLength.txt, chrStart.txt, exonGeTrInfo.tab, exonInfo.tab, geneInfo.tab, genomeParameters.txt, sjdbInfo.txt, sjdbList.fromGTF.out.tab, sjdbList.out.tab, transcriptInfo.tab]"
            ],
            [
                
            ],
            [
                
            ],
            [
                
            ],
            [
                "versions.yml:md5,04400316552e6253e0008f052b20d866",
                "versions.yml:md5,2ed4fadc0038a6a8f46063219d23d3ef",
                "versions.yml:md5,71252f1a221be05593361acccb99506b",
                "versions.yml:md5,80e9dd350be8cd4c11909d75c914757a",
                "versions.yml:md5,fd6b20eb9694865490d59c0ca57e04fb"
            ]
        ],
        "meta": {
            "nf-test": "0.9.3",
            "nextflow": "25.10.2"
        },
        "timestamp": "2026-01-30T18:51:38.511036411"
    },
    "skip_pseudoalignment = true": {
        "content": [
            [
                "/ngi-igenomes/testdata/nf-core/pipelines/rnaseq/3.15/reference/transcriptome.fasta"
            ],
            [
                "[]"
            ],
            [
                "genome_gfp.fasta:md5,e23e302af63736a199985a169fdac055"
            ],
            [
                "genome_gfp.gtf:md5,c98b12c302f15731bfc36bcf297cfe28"
            ],
            [
                "genome_gfp.fasta.fai:md5,8fa54c6bd2ea6a369efbb8ab4f30156a"
            ],
            [
                "genome_gfp.bed:md5,991993ebef1def1d5823632c21177ec3"
            ],
            [
                "genome_gfp.fasta.sizes:md5,9b755f8f349b14accefb4d859f84de26"
            ],
            [
                
            ],
            [
                
            ],
            [
                "[Genome, Log.out, SA, SAindex, chrLength.txt, chrName.txt, chrNameLength.txt, chrStart.txt, exonGeTrInfo.tab, exonInfo.tab, geneInfo.tab, genomeParameters.txt, sjdbInfo.txt, sjdbList.fromGTF.out.tab, sjdbList.out.tab, transcriptInfo.tab]"
            ],
            [
                
            ],
            [
                
            ],
            [
                
            ],
            [
                "versions.yml:md5,04400316552e6253e0008f052b20d866",
                "versions.yml:md5,2ed4fadc0038a6a8f46063219d23d3ef",
                "versions.yml:md5,71252f1a221be05593361acccb99506b",
                "versions.yml:md5,80e9dd350be8cd4c11909d75c914757a",
                "versions.yml:md5,fd6b20eb9694865490d59c0ca57e04fb"
            ]
        ],
        "meta": {
            "nf-test": "0.9.3",
            "nextflow": "25.10.2"
        },
        "timestamp": "2026-01-30T18:54:32.845899266"
    },
    "use_sentieon_star = true": {
        "content": [
            [
                "/ngi-igenomes/testdata/nf-core/pipelines/rnaseq/3.15/reference/transcriptome.fasta"
            ],
            [
                "/ngi-igenomes/testdata/nf-core/pipelines/rnaseq/3.15/reference/salmon.tar.gz"
            ],
            [
                "genome_gfp.fasta:md5,e23e302af63736a199985a169fdac055"
            ],
            [
                "genome_gfp.gtf:md5,c98b12c302f15731bfc36bcf297cfe28"
            ],
            [
                "genome_gfp.fasta.fai:md5,8fa54c6bd2ea6a369efbb8ab4f30156a"
            ],
            [
                "genome_gfp.bed:md5,991993ebef1def1d5823632c21177ec3"
            ],
            [
                "genome_gfp.fasta.sizes:md5,9b755f8f349b14accefb4d859f84de26"
            ],
            [
                
            ],
            [
                
            ],
            [
                [
                    "Genome:md5,6d3b4cba93e22b10b4d178002e5463a3",
                    "Log.out:md5,2f370f214980291bd53b262b97227d72",
                    "SA:md5,61d643d5e7a38ab989cd70264018454f",
                    "SAindex:md5,a8e01f8de191b20f6aaf67f43c94694a",
                    "chrLength.txt:md5,0917b3f706c28953bf878494a78c76d6",
                    "chrName.txt:md5,5253f503817d683d15aacdb80aec791d",
                    "chrNameLength.txt:md5,9b755f8f349b14accefb4d859f84de26",
                    "chrStart.txt:md5,9ea7889eda3f98a9d175105ddc92db70",
                    "exonGeTrInfo.tab:md5,4b3210d0e5c4a9f03f092cf940500f2b",
                    "exonInfo.tab:md5,db2abf392c2482be3bb162f5023e1f92",
                    "geneInfo.tab:md5,aa94560edf82ade5a566791edfcaff1a",
                    "genomeParameters.txt:md5,7936edbc0581f24391363ad129270631",
                    "sjdbInfo.txt:md5,87b7b8076800e6b09299fa01883e258f",
                    "sjdbList.fromGTF.out.tab:md5,d5e20e9dcc8279e41498137f44c3da79",
                    "sjdbList.out.tab:md5,3418aaab07192e50253eca4e31a71eb7",
                    "transcriptInfo.tab:md5,4c095f5cff49d857dee251979d27ecd5"
                ]
            ],
            [
                
            ],
            [
                
            ],
            [
                
            ],
            [
                "versions.yml:md5,04400316552e6253e0008f052b20d866",
                "versions.yml:md5,2ed4fadc0038a6a8f46063219d23d3ef",
                "versions.yml:md5,71252f1a221be05593361acccb99506b",
                "versions.yml:md5,80e9dd350be8cd4c11909d75c914757a",
                "versions.yml:md5,fd6b20eb9694865490d59c0ca57e04fb"
            ]
        ],
        "meta": {
            "nf-test": "0.9.3",
            "nextflow": "25.10.2"
        },
        "timestamp": "2026-01-30T18:15:03.004333248"
    },
    "skip_gtf_filter - stub": {
        "content": [
            [
                "genome_transcriptome.fasta.sizes:md5,d41d8cd98f00b204e9800998ecf8427e"
            ],
            [
                "genome_transcriptome.fasta.fai:md5,d41d8cd98f00b204e9800998ecf8427e"
            ],
            [
                "genome_transcriptome.fasta:md5,d41d8cd98f00b204e9800998ecf8427e"
            ],
            [
                "genome_transcriptome.bed:md5,d41d8cd98f00b204e9800998ecf8427e"
            ],
            [
                "genome_transcriptome.gtf:md5,d41d8cd98f00b204e9800998ecf8427e"
            ],
            [
                
            ],
            [
                
            ],
            [
                
            ],
            [
                "[]"
            ],
            [
                
            ],
            [
                
            ],
            [
                "[Genome, Log.out, SA, SAindex, chrLength.txt, chrName.txt, chrNameLength.txt, chrStart.txt, exonGeTrInfo.tab, exonInfo.tab, geneInfo.tab, genomeParameters.txt, sjdbInfo.txt, sjdbList.fromGTF.out.tab, sjdbList.out.tab, transcriptInfo.tab]"
            ],
            [
                "/ngi-igenomes/testdata/nf-core/pipelines/rnaseq/3.15/reference/transcriptome.fasta"
            ],
            [
                "versions.yml:md5,1b71d037313dd6cfb54f9f1914cc3601",
                "versions.yml:md5,71252f1a221be05593361acccb99506b",
                "versions.yml:md5,d475dace58c4e9b4911e8a60bda85041",
                "versions.yml:md5,fd6b20eb9694865490d59c0ca57e04fb"
            ]
        ],
        "meta": {
            "nf-test": "0.9.3",
            "nextflow": "25.10.2"
        },
        "timestamp": "2026-01-30T18:55:17.243862251"
    },
    "gencode = true": {
        "content": [
            [
                "transcriptome.fixed.fa:md5,faf3a64453ae73983bbf2743387fbdf2"
            ],
            [
                "[]"
            ],
            [
                "genome_gfp.fasta:md5,e23e302af63736a199985a169fdac055"
            ],
            [
                "genome_gfp.gtf:md5,2593a0843dd97f0b7dfb62cdd2c21ab8"
            ],
            [
                "genome_gfp.fasta.fai:md5,8fa54c6bd2ea6a369efbb8ab4f30156a"
            ],
            [
                "genome_gfp.bed:md5,991993ebef1def1d5823632c21177ec3"
            ],
            [
                "genome_gfp.fasta.sizes:md5,9b755f8f349b14accefb4d859f84de26"
            ],
            [
                
            ],
            [
                
            ],
            [
                "[Genome, Log.out, SA, SAindex, chrLength.txt, chrName.txt, chrNameLength.txt, chrStart.txt, exonGeTrInfo.tab, exonInfo.tab, geneInfo.tab, genomeParameters.txt, sjdbInfo.txt, sjdbList.fromGTF.out.tab, sjdbList.out.tab, transcriptInfo.tab]"
            ],
            [
                
            ],
            [
                
            ],
            [
                
            ],
            [
                "versions.yml:md5,04400316552e6253e0008f052b20d866",
                "versions.yml:md5,2ed4fadc0038a6a8f46063219d23d3ef",
                "versions.yml:md5,71252f1a221be05593361acccb99506b",
                "versions.yml:md5,80e9dd350be8cd4c11909d75c914757a",
                "versions.yml:md5,961ab91198c4e6ec9d795b95e3f61fda",
                "versions.yml:md5,fd6b20eb9694865490d59c0ca57e04fb"
            ]
        ],
        "meta": {
            "nf-test": "0.9.3",
            "nextflow": "25.10.2"
        },
        "timestamp": "2026-01-30T18:53:14.766486142"
    },
    "kallisto_index = false": {
        "content": [
            [
                "/ngi-igenomes/testdata/nf-core/pipelines/rnaseq/3.15/reference/transcriptome.fasta"
            ],
            [
                "[]"
            ],
            [
                "genome_gfp.fasta:md5,e23e302af63736a199985a169fdac055"
            ],
            [
                "genome_gfp.gtf:md5,c98b12c302f15731bfc36bcf297cfe28"
            ],
            [
                "genome_gfp.fasta.fai:md5,8fa54c6bd2ea6a369efbb8ab4f30156a"
            ],
            [
                "genome_gfp.bed:md5,991993ebef1def1d5823632c21177ec3"
            ],
            [
                "genome_gfp.fasta.sizes:md5,9b755f8f349b14accefb4d859f84de26"
            ],
            [
                
            ],
            [
                
            ],
            [
                "[Genome, Log.out, SA, SAindex, chrLength.txt, chrName.txt, chrNameLength.txt, chrStart.txt, exonGeTrInfo.tab, exonInfo.tab, geneInfo.tab, genomeParameters.txt, sjdbInfo.txt, sjdbList.fromGTF.out.tab, sjdbList.out.tab, transcriptInfo.tab]"
            ],
            [
                
            ],
            [
                
            ],
            [
                "[]"
            ],
            [
                "versions.yml:md5,04400316552e6253e0008f052b20d866",
                "versions.yml:md5,08efb8753ca73209f5a8e6013a54e9f6",
                "versions.yml:md5,2ed4fadc0038a6a8f46063219d23d3ef",
                "versions.yml:md5,71252f1a221be05593361acccb99506b",
                "versions.yml:md5,80e9dd350be8cd4c11909d75c914757a",
                "versions.yml:md5,fd6b20eb9694865490d59c0ca57e04fb"
            ]
        ],
        "meta": {
            "nf-test": "0.9.3",
            "nextflow": "25.10.2"
        },
        "timestamp": "2026-01-30T18:59:59.160773117"
    },
    "hisat2_index = false": {
        "content": [
            [
                "/ngi-igenomes/testdata/nf-core/pipelines/rnaseq/3.15/reference/transcriptome.fasta"
            ],
            [
                "[complete_ref_lens.bin, ctable.bin, ctg_offsets.bin, duplicate_clusters.tsv, info.json, mphf.bin, pos.bin, pre_indexing.log, rank.bin, refAccumLengths.bin, ref_indexing.log, reflengths.bin, refseq.bin, seq.bin, versionInfo.json]"
            ],
            [
                "genome_gfp.fasta:md5,e23e302af63736a199985a169fdac055"
            ],
            [
                "genome_gfp.gtf:md5,c98b12c302f15731bfc36bcf297cfe28"
            ],
            [
                "genome_gfp.fasta.fai:md5,8fa54c6bd2ea6a369efbb8ab4f30156a"
            ],
            [
                "genome_gfp.bed:md5,991993ebef1def1d5823632c21177ec3"
            ],
            [
                "genome_gfp.fasta.sizes:md5,9b755f8f349b14accefb4d859f84de26"
            ],
            [
                "genome_gfp.splice_sites.txt:md5,4e9620ff904f32dfe6e7897a9acdc15b"
            ],
            [
                
            ],
            [
                
            ],
            [
                
            ],
            [
                [
                    "genome_gfp.1.ht2:md5,e61a2436c1bf40f15d497dcac7c9d2dc",
                    "genome_gfp.2.ht2:md5,fea4937212c275a63e6ff1f42709c071",
                    "genome_gfp.3.ht2:md5,5bfaa1f09dbae5f82d8d3098cce55d76",
                    "genome_gfp.4.ht2:md5,2abb1c71d22cd4e2a29af15d236b348d",
                    "genome_gfp.5.ht2:md5,15a45a357f03950b5dbb19779bf6ce14",
                    "genome_gfp.6.ht2:md5,dba8ed84dbfe1916cb6f5d08527c5241",
                    "genome_gfp.7.ht2:md5,0545955322434f66ed83d6a86e1ec811",
                    "genome_gfp.8.ht2:md5,7ad771e1f457f500c0e1afe8e87779f6"
                ]
            ],
            [
                
            ],
            [
                "versions.yml:md5,04400316552e6253e0008f052b20d866",
                "versions.yml:md5,287ab689cbf7c313466543dafa12e0a9",
                "versions.yml:md5,2ed4fadc0038a6a8f46063219d23d3ef",
                "versions.yml:md5,71252f1a221be05593361acccb99506b",
                "versions.yml:md5,80b70172974f819687dc8e3a1bea2b9f",
                "versions.yml:md5,80e9dd350be8cd4c11909d75c914757a"
            ]
        ],
        "meta": {
            "nf-test": "0.9.3",
            "nextflow": "25.10.2"
        },
        "timestamp": "2026-01-30T18:52:42.883552957"
    },
    "rsem_index = false - stub": {
        "content": [
            [
                "genome_transcriptome.fasta.sizes:md5,d41d8cd98f00b204e9800998ecf8427e"
            ],
            [
                "genome_transcriptome.fasta.fai:md5,d41d8cd98f00b204e9800998ecf8427e"
            ],
            [
                "genome_transcriptome.fasta:md5,d41d8cd98f00b204e9800998ecf8427e"
            ],
            [
                "genome_transcriptome.bed:md5,d41d8cd98f00b204e9800998ecf8427e"
            ],
            [
                "genome_transcriptome.gtf:md5,d41d8cd98f00b204e9800998ecf8427e"
            ],
            [
                
            ],
            [
                
            ],
            [
                [
                    "genome_transcriptome.fasta:md5,d41d8cd98f00b204e9800998ecf8427e"
                ]
            ],
            [
                "[]"
            ],
            [
                
            ],
            [
                
            ],
            [
                "[Genome, Log.out, SA, SAindex, chrLength.txt, chrName.txt, chrNameLength.txt, chrStart.txt, exonGeTrInfo.tab, exonInfo.tab, geneInfo.tab, genomeParameters.txt, sjdbInfo.txt, sjdbList.fromGTF.out.tab, sjdbList.out.tab, transcriptInfo.tab]"
            ],
            [
                "/ngi-igenomes/testdata/nf-core/pipelines/rnaseq/3.15/reference/transcriptome.fasta"
            ],
            [
                "versions.yml:md5,1b71d037313dd6cfb54f9f1914cc3601",
                "versions.yml:md5,71252f1a221be05593361acccb99506b",
                "versions.yml:md5,80e9dd350be8cd4c11909d75c914757a",
                "versions.yml:md5,d475dace58c4e9b4911e8a60bda85041",
                "versions.yml:md5,fd6b20eb9694865490d59c0ca57e04fb"
            ]
        ],
        "meta": {
            "nf-test": "0.9.3",
            "nextflow": "25.10.2"
        },
        "timestamp": "2026-01-30T19:04:31.665820451"
    },
    "featurecounts_group_type = 'gene_type'": {
        "content": [
            [
                "/ngi-igenomes/testdata/nf-core/pipelines/rnaseq/3.15/reference/transcriptome.fasta"
            ],
            [
                "[]"
            ],
            [
                "genome_gfp.fasta:md5,e23e302af63736a199985a169fdac055"
            ],
            [
                "genome_gfp.gtf:md5,2593a0843dd97f0b7dfb62cdd2c21ab8"
            ],
            [
                "genome_gfp.fasta.fai:md5,8fa54c6bd2ea6a369efbb8ab4f30156a"
            ],
            [
                "genome_gfp.bed:md5,991993ebef1def1d5823632c21177ec3"
            ],
            [
                "genome_gfp.fasta.sizes:md5,9b755f8f349b14accefb4d859f84de26"
            ],
            [
                
            ],
            [
                
            ],
            [
                "[Genome, Log.out, SA, SAindex, chrLength.txt, chrName.txt, chrNameLength.txt, chrStart.txt, exonGeTrInfo.tab, exonInfo.tab, geneInfo.tab, genomeParameters.txt, sjdbInfo.txt, sjdbList.fromGTF.out.tab, sjdbList.out.tab, transcriptInfo.tab]"
            ],
            [
                
            ],
            [
                
            ],
            [
                
            ],
            [
                "versions.yml:md5,04400316552e6253e0008f052b20d866",
                "versions.yml:md5,2ed4fadc0038a6a8f46063219d23d3ef",
                "versions.yml:md5,71252f1a221be05593361acccb99506b",
                "versions.yml:md5,80e9dd350be8cd4c11909d75c914757a",
                "versions.yml:md5,fd6b20eb9694865490d59c0ca57e04fb"
            ]
        ],
        "meta": {
            "nf-test": "0.9.3",
            "nextflow": "25.10.2"
        },
        "timestamp": "2026-01-30T18:53:30.635591329"
    },
    "with bed - stub": {
        "content": [
            [
                "genome_transcriptome.fasta.sizes:md5,d41d8cd98f00b204e9800998ecf8427e"
            ],
            [
                "genome_transcriptome.fasta.fai:md5,d41d8cd98f00b204e9800998ecf8427e"
            ],
            [
                "genome_transcriptome.fasta:md5,d41d8cd98f00b204e9800998ecf8427e"
            ],
            [
                "/ngi-igenomes/testdata/nf-core/pipelines/rnaseq/3.15/reference/ngscheckmate.bed"
            ],
            [
                "genome_transcriptome.gtf:md5,d41d8cd98f00b204e9800998ecf8427e"
            ],
            [
                
            ],
            [
                
            ],
            [
                
            ],
            [
                "[]"
            ],
            [
                
            ],
            [
                
            ],
            [
                "[Genome, Log.out, SA, SAindex, chrLength.txt, chrName.txt, chrNameLength.txt, chrStart.txt, exonGeTrInfo.tab, exonInfo.tab, geneInfo.tab, genomeParameters.txt, sjdbInfo.txt, sjdbList.fromGTF.out.tab, sjdbList.out.tab, transcriptInfo.tab]"
            ],
            [
                "/ngi-igenomes/testdata/nf-core/pipelines/rnaseq/3.15/reference/transcriptome.fasta"
            ],
            [
                "versions.yml:md5,1b71d037313dd6cfb54f9f1914cc3601",
                "versions.yml:md5,80e9dd350be8cd4c11909d75c914757a",
                "versions.yml:md5,d475dace58c4e9b4911e8a60bda85041",
                "versions.yml:md5,fd6b20eb9694865490d59c0ca57e04fb"
            ]
        ],
        "meta": {
            "nf-test": "0.9.3",
            "nextflow": "25.10.2"
        },
        "timestamp": "2026-01-30T19:04:16.631215765"
    },
    "kallisto_index = false - stub": {
        "content": [
            [
                "genome_transcriptome.fasta.sizes:md5,d41d8cd98f00b204e9800998ecf8427e"
            ],
            [
                "genome_transcriptome.fasta.fai:md5,d41d8cd98f00b204e9800998ecf8427e"
            ],
            [
                "genome_transcriptome.fasta:md5,d41d8cd98f00b204e9800998ecf8427e"
            ],
            [
                "genome_transcriptome.bed:md5,d41d8cd98f00b204e9800998ecf8427e"
            ],
            [
                "genome_transcriptome.gtf:md5,d41d8cd98f00b204e9800998ecf8427e"
            ],
            [
                
            ],
            [
                "[]"
            ],
            [
                
            ],
            [
                "[]"
            ],
            [
                
            ],
            [
                
            ],
            [
                "[Genome, Log.out, SA, SAindex, chrLength.txt, chrName.txt, chrNameLength.txt, chrStart.txt, exonGeTrInfo.tab, exonInfo.tab, geneInfo.tab, genomeParameters.txt, sjdbInfo.txt, sjdbList.fromGTF.out.tab, sjdbList.out.tab, transcriptInfo.tab]"
            ],
            [
                "/ngi-igenomes/testdata/nf-core/pipelines/rnaseq/3.15/reference/transcriptome.fasta"
            ],
            [
                "versions.yml:md5,08efb8753ca73209f5a8e6013a54e9f6",
                "versions.yml:md5,1b71d037313dd6cfb54f9f1914cc3601",
                "versions.yml:md5,71252f1a221be05593361acccb99506b",
                "versions.yml:md5,80e9dd350be8cd4c11909d75c914757a",
                "versions.yml:md5,d475dace58c4e9b4911e8a60bda85041",
                "versions.yml:md5,fd6b20eb9694865490d59c0ca57e04fb"
            ]
        ],
        "meta": {
            "nf-test": "0.9.3",
            "nextflow": "25.10.2"
        },
        "timestamp": "2026-01-30T19:05:16.90203963"
    },
    "skip_pseudo_alignment": {
        "content": [
            [
                "/ngi-igenomes/testdata/nf-core/pipelines/rnaseq/3.15/reference/transcriptome.fasta"
            ],
            [
                "[]"
            ],
            [
                "genome_gfp.fasta:md5,e23e302af63736a199985a169fdac055"
            ],
            [
                "genome_gfp.gtf:md5,c98b12c302f15731bfc36bcf297cfe28"
            ],
            [
                "genome_gfp.fasta.fai:md5,8fa54c6bd2ea6a369efbb8ab4f30156a"
            ],
            [
                "genome_gfp.bed:md5,991993ebef1def1d5823632c21177ec3"
            ],
            [
                "genome_gfp.fasta.sizes:md5,9b755f8f349b14accefb4d859f84de26"
            ],
            [
                
            ],
            [
                
            ],
            [
                "[Genome, Log.out, SA, SAindex, chrLength.txt, chrName.txt, chrNameLength.txt, chrStart.txt, exonGeTrInfo.tab, exonInfo.tab, geneInfo.tab, genomeParameters.txt, sjdbInfo.txt, sjdbList.fromGTF.out.tab, sjdbList.out.tab, transcriptInfo.tab]"
            ],
            [
                
            ],
            [
                
            ],
            [
                
            ],
            [
                "versions.yml:md5,04400316552e6253e0008f052b20d866",
                "versions.yml:md5,2ed4fadc0038a6a8f46063219d23d3ef",
                "versions.yml:md5,71252f1a221be05593361acccb99506b",
                "versions.yml:md5,80e9dd350be8cd4c11909d75c914757a",
                "versions.yml:md5,fd6b20eb9694865490d59c0ca57e04fb"
            ]
        ],
        "meta": {
            "nf-test": "0.9.3",
            "nextflow": "25.10.2"
        },
        "timestamp": "2026-01-30T18:50:36.205660396"
    },
    "skip_bbsplit": {
        "content": [
            [
                "/ngi-igenomes/testdata/nf-core/pipelines/rnaseq/3.15/reference/transcriptome.fasta"
            ],
            [
                "[]"
            ],
            [
                "genome_gfp.fasta:md5,e23e302af63736a199985a169fdac055"
            ],
            [
                "genome_gfp.gtf:md5,c98b12c302f15731bfc36bcf297cfe28"
            ],
            [
                "genome_gfp.fasta.fai:md5,8fa54c6bd2ea6a369efbb8ab4f30156a"
            ],
            [
                "genome_gfp.bed:md5,991993ebef1def1d5823632c21177ec3"
            ],
            [
                "genome_gfp.fasta.sizes:md5,9b755f8f349b14accefb4d859f84de26"
            ],
            [
                
            ],
            [
                
            ],
            [
                "[Genome, Log.out, SA, SAindex, chrLength.txt, chrName.txt, chrNameLength.txt, chrStart.txt, exonGeTrInfo.tab, exonInfo.tab, geneInfo.tab, genomeParameters.txt, sjdbInfo.txt, sjdbList.fromGTF.out.tab, sjdbList.out.tab, transcriptInfo.tab]"
            ],
            [
                
            ],
            [
                
            ],
            [
                
            ],
            [
                "versions.yml:md5,04400316552e6253e0008f052b20d866",
                "versions.yml:md5,2ed4fadc0038a6a8f46063219d23d3ef",
                "versions.yml:md5,71252f1a221be05593361acccb99506b",
                "versions.yml:md5,80e9dd350be8cd4c11909d75c914757a",
                "versions.yml:md5,fd6b20eb9694865490d59c0ca57e04fb"
            ]
        ],
        "meta": {
            "nf-test": "0.9.3",
            "nextflow": "25.10.2"
        },
        "timestamp": "2026-01-30T18:50:04.73797745"
    },
    "with bed": {
        "content": [
            [
                "/ngi-igenomes/testdata/nf-core/pipelines/rnaseq/3.15/reference/transcriptome.fasta"
            ],
            [
                "[]"
            ],
            [
                "genome_gfp.fasta:md5,e23e302af63736a199985a169fdac055"
            ],
            [
                "genome_gfp.gtf:md5,c98b12c302f15731bfc36bcf297cfe28"
            ],
            [
                "genome_gfp.fasta.fai:md5,8fa54c6bd2ea6a369efbb8ab4f30156a"
            ],
            [
                "/ngi-igenomes/testdata/nf-core/pipelines/rnaseq/3.15/reference/ngscheckmate.bed"
            ],
            [
                "genome_gfp.fasta.sizes:md5,9b755f8f349b14accefb4d859f84de26"
            ],
            [
                
            ],
            [
                
            ],
            [
                "[Genome, Log.out, SA, SAindex, chrLength.txt, chrName.txt, chrNameLength.txt, chrStart.txt, exonGeTrInfo.tab, exonInfo.tab, geneInfo.tab, genomeParameters.txt, sjdbInfo.txt, sjdbList.fromGTF.out.tab, sjdbList.out.tab, transcriptInfo.tab]"
            ],
            [
                
            ],
            [
                
            ],
            [
                
            ],
            [
                "versions.yml:md5,04400316552e6253e0008f052b20d866",
                "versions.yml:md5,2ed4fadc0038a6a8f46063219d23d3ef",
                "versions.yml:md5,80e9dd350be8cd4c11909d75c914757a",
                "versions.yml:md5,fd6b20eb9694865490d59c0ca57e04fb"
            ]
        ],
        "meta": {
            "nf-test": "0.9.3",
            "nextflow": "25.10.2"
        },
        "timestamp": "2026-01-30T18:51:54.283951529"
    },
    "gtf = false - stub": {
        "content": [
            [
                "genome_transcriptome.fasta.sizes:md5,d41d8cd98f00b204e9800998ecf8427e"
            ],
            [
                "genome_transcriptome.fasta.fai:md5,d41d8cd98f00b204e9800998ecf8427e"
            ],
            [
                "genome_transcriptome.fasta:md5,d41d8cd98f00b204e9800998ecf8427e"
            ],
            [
                "genome_transcriptome.bed:md5,d41d8cd98f00b204e9800998ecf8427e"
            ],
            [
                "genome_transcriptome.gtf:md5,d41d8cd98f00b204e9800998ecf8427e"
            ],
            [
                
            ],
            [
                
            ],
            [
                
            ],
            [
                "[]"
            ],
            [
                
            ],
            [
                
            ],
            [
                "[Genome, Log.out, SA, SAindex, chrLength.txt, chrName.txt, chrNameLength.txt, chrStart.txt, exonGeTrInfo.tab, exonInfo.tab, geneInfo.tab, genomeParameters.txt, sjdbInfo.txt, sjdbList.fromGTF.out.tab, sjdbList.out.tab, transcriptInfo.tab]"
            ],
            [
                "transcriptome.fixed.fa:md5,d41d8cd98f00b204e9800998ecf8427e"
            ],
            [
                "versions.yml:md5,1b71d037313dd6cfb54f9f1914cc3601",
                "versions.yml:md5,71252f1a221be05593361acccb99506b",
                "versions.yml:md5,80e9dd350be8cd4c11909d75c914757a",
                "versions.yml:md5,961ab91198c4e6ec9d795b95e3f61fda",
                "versions.yml:md5,d475dace58c4e9b4911e8a60bda85041",
                "versions.yml:md5,fd6b20eb9694865490d59c0ca57e04fb"
            ]
        ],
        "meta": {
            "nf-test": "0.9.3",
            "nextflow": "25.10.2"
        },
        "timestamp": "2026-01-30T19:03:17.308372817"
    },
    "gff = false": {
        "content": [
            [
                "/ngi-igenomes/testdata/nf-core/pipelines/rnaseq/3.15/reference/transcriptome.fasta"
            ],
            [
                "[]"
            ],
            [
                "genome_gfp.fasta:md5,e23e302af63736a199985a169fdac055"
            ],
            [
                "genome_gfp.gtf:md5,c98b12c302f15731bfc36bcf297cfe28"
            ],
            [
                "genome_gfp.fasta.fai:md5,8fa54c6bd2ea6a369efbb8ab4f30156a"
            ],
            [
                "genome_gfp.bed:md5,991993ebef1def1d5823632c21177ec3"
            ],
            [
                "genome_gfp.fasta.sizes:md5,9b755f8f349b14accefb4d859f84de26"
            ],
            [
                
            ],
            [
                
            ],
            [
                "[Genome, Log.out, SA, SAindex, chrLength.txt, chrName.txt, chrNameLength.txt, chrStart.txt, exonGeTrInfo.tab, exonInfo.tab, geneInfo.tab, genomeParameters.txt, sjdbInfo.txt, sjdbList.fromGTF.out.tab, sjdbList.out.tab, transcriptInfo.tab]"
            ],
            [
                
            ],
            [
                
            ],
            [
                
            ],
            [
                "versions.yml:md5,04400316552e6253e0008f052b20d866",
                "versions.yml:md5,2ed4fadc0038a6a8f46063219d23d3ef",
                "versions.yml:md5,71252f1a221be05593361acccb99506b",
                "versions.yml:md5,80e9dd350be8cd4c11909d75c914757a",
                "versions.yml:md5,fd6b20eb9694865490d59c0ca57e04fb"
            ]
        ],
        "meta": {
            "nf-test": "0.9.3",
            "nextflow": "25.10.2"
        },
        "timestamp": "2026-01-30T18:51:08.296423432"
    },
    "default options - stub": {
        "content": [
            [
                "genome_transcriptome.fasta.sizes:md5,d41d8cd98f00b204e9800998ecf8427e"
            ],
            [
                "genome_transcriptome.fasta.fai:md5,d41d8cd98f00b204e9800998ecf8427e"
            ],
            [
                "genome_transcriptome.fasta:md5,d41d8cd98f00b204e9800998ecf8427e"
            ],
            [
                "genome_transcriptome.bed:md5,d41d8cd98f00b204e9800998ecf8427e"
            ],
            [
                "genome_transcriptome.gtf:md5,d41d8cd98f00b204e9800998ecf8427e"
            ],
            [
                
            ],
            [
                
            ],
            [
                
            ],
            [
                "[]"
            ],
            [
                
            ],
            [
                
            ],
            [
                "[Genome, Log.out, SA, SAindex, chrLength.txt, chrName.txt, chrNameLength.txt, chrStart.txt, exonGeTrInfo.tab, exonInfo.tab, geneInfo.tab, genomeParameters.txt, sjdbInfo.txt, sjdbList.fromGTF.out.tab, sjdbList.out.tab, transcriptInfo.tab]"
            ],
            [
                "/ngi-igenomes/testdata/nf-core/pipelines/rnaseq/3.15/reference/transcriptome.fasta"
            ],
            [
                "versions.yml:md5,1b71d037313dd6cfb54f9f1914cc3601",
                "versions.yml:md5,71252f1a221be05593361acccb99506b",
                "versions.yml:md5,80e9dd350be8cd4c11909d75c914757a",
                "versions.yml:md5,d475dace58c4e9b4911e8a60bda85041",
                "versions.yml:md5,fd6b20eb9694865490d59c0ca57e04fb"
            ]
        ],
        "meta": {
            "nf-test": "0.9.3",
            "nextflow": "25.10.2"
        },
        "timestamp": "2026-01-30T18:54:47.94773935"
    },
    "salmon_index = false": {
        "content": [
            [
                "/ngi-igenomes/testdata/nf-core/pipelines/rnaseq/3.15/reference/transcriptome.fasta"
            ],
            [
                "[complete_ref_lens.bin, ctable.bin, ctg_offsets.bin, duplicate_clusters.tsv, info.json, mphf.bin, pos.bin, pre_indexing.log, rank.bin, refAccumLengths.bin, ref_indexing.log, reflengths.bin, refseq.bin, seq.bin, versionInfo.json]"
            ],
            [
                "genome_gfp.fasta:md5,e23e302af63736a199985a169fdac055"
            ],
            [
                "genome_gfp.gtf:md5,c98b12c302f15731bfc36bcf297cfe28"
            ],
            [
                "genome_gfp.fasta.fai:md5,8fa54c6bd2ea6a369efbb8ab4f30156a"
            ],
            [
                "genome_gfp.bed:md5,991993ebef1def1d5823632c21177ec3"
            ],
            [
                "genome_gfp.fasta.sizes:md5,9b755f8f349b14accefb4d859f84de26"
            ],
            [
                
            ],
            [
                
            ],
            [
                "[Genome, Log.out, SA, SAindex, chrLength.txt, chrName.txt, chrNameLength.txt, chrStart.txt, exonGeTrInfo.tab, exonInfo.tab, geneInfo.tab, genomeParameters.txt, sjdbInfo.txt, sjdbList.fromGTF.out.tab, sjdbList.out.tab, transcriptInfo.tab]"
            ],
            [
                
            ],
            [
                
            ],
            [
                
            ],
            [
                "versions.yml:md5,04400316552e6253e0008f052b20d866",
                "versions.yml:md5,2ed4fadc0038a6a8f46063219d23d3ef",
                "versions.yml:md5,71252f1a221be05593361acccb99506b",
                "versions.yml:md5,80b70172974f819687dc8e3a1bea2b9f",
                "versions.yml:md5,80e9dd350be8cd4c11909d75c914757a",
                "versions.yml:md5,fd6b20eb9694865490d59c0ca57e04fb"
            ]
        ],
        "meta": {
            "nf-test": "0.9.3",
            "nextflow": "25.10.2"
        },
        "timestamp": "2026-01-30T18:52:26.113303831"
    },
    "rsem_index = false": {
        "content": [
            [
                "/ngi-igenomes/testdata/nf-core/pipelines/rnaseq/3.15/reference/transcriptome.fasta"
            ],
            [
                "[]"
            ],
            [
                "genome_gfp.fasta:md5,e23e302af63736a199985a169fdac055"
            ],
            [
                "genome_gfp.gtf:md5,c98b12c302f15731bfc36bcf297cfe28"
            ],
            [
                "genome_gfp.fasta.fai:md5,8fa54c6bd2ea6a369efbb8ab4f30156a"
            ],
            [
                "genome_gfp.bed:md5,991993ebef1def1d5823632c21177ec3"
            ],
            [
                "genome_gfp.fasta.sizes:md5,9b755f8f349b14accefb4d859f84de26"
            ],
            [
                
            ],
            [
                
            ],
            [
                "[Genome, Log.out, SA, SAindex, chrLength.txt, chrName.txt, chrNameLength.txt, chrStart.txt, exonGeTrInfo.tab, exonInfo.tab, geneInfo.tab, genomeParameters.txt, sjdbInfo.txt, sjdbList.fromGTF.out.tab, sjdbList.out.tab, transcriptInfo.tab]"
            ],
            [
                [
                    "Genome:md5,6d3b4cba93e22b10b4d178002e5463a3",
                    "Log.out:md5,0ce89687a67012ed138e3348d85a436b",
                    "SA:md5,61d643d5e7a38ab989cd70264018454f",
                    "SAindex:md5,d9d9eb55ccd15f53d57fb5be7020bade",
                    "chrLength.txt:md5,0917b3f706c28953bf878494a78c76d6",
                    "chrName.txt:md5,5253f503817d683d15aacdb80aec791d",
                    "chrNameLength.txt:md5,9b755f8f349b14accefb4d859f84de26",
                    "chrStart.txt:md5,9ea7889eda3f98a9d175105ddc92db70",
                    "exonGeTrInfo.tab:md5,4b3210d0e5c4a9f03f092cf940500f2b",
                    "exonInfo.tab:md5,db2abf392c2482be3bb162f5023e1f92",
                    "geneInfo.tab:md5,aa94560edf82ade5a566791edfcaff1a",
                    "genome.chrlist:md5,ca52459cff6ea0ee0ae3cba274276e1f",
                    "genome.grp:md5,1ccc9617a44114eb20094903798f55cd",
                    "genome.idx.fa:md5,b89a3e02ad30ba3fd600f98c8e2f58d4",
                    "genome.n2g.idx.fa:md5,b89a3e02ad30ba3fd600f98c8e2f58d4",
                    "genome.seq:md5,491a20998bc118c057de95873b348e7e",
                    "genome.ti:md5,9de99969a520bfdcab7306bd56a56ba0",
                    "genome.transcripts.fa:md5,b89a3e02ad30ba3fd600f98c8e2f58d4",
                    "genomeParameters.txt:md5,8f5c2c86defe799999612e54a86dfecb",
                    "genome_gfp.fasta:md5,e23e302af63736a199985a169fdac055",
                    "sjdbInfo.txt:md5,87b7b8076800e6b09299fa01883e258f",
                    "sjdbList.fromGTF.out.tab:md5,d5e20e9dcc8279e41498137f44c3da79",
                    "sjdbList.out.tab:md5,3418aaab07192e50253eca4e31a71eb7",
                    "transcriptInfo.tab:md5,4c095f5cff49d857dee251979d27ecd5"
                ]
            ],
            [
                
            ],
            [
                
            ],
            [
                "versions.yml:md5,04400316552e6253e0008f052b20d866",
                "versions.yml:md5,2ed4fadc0038a6a8f46063219d23d3ef",
                "versions.yml:md5,71252f1a221be05593361acccb99506b",
                "versions.yml:md5,80e9dd350be8cd4c11909d75c914757a",
                "versions.yml:md5,fd6b20eb9694865490d59c0ca57e04fb"
            ]
        ],
        "meta": {
            "nf-test": "0.9.3",
            "nextflow": "25.10.2"
        },
        "timestamp": "2026-01-30T18:59:10.793990232"
    },
    "skip_alignment = true - stub": {
        "content": [
            [
                "genome_transcriptome.fasta.sizes:md5,d41d8cd98f00b204e9800998ecf8427e"
            ],
            [
                "genome_transcriptome.fasta.fai:md5,d41d8cd98f00b204e9800998ecf8427e"
            ],
            [
                "genome_transcriptome.fasta:md5,d41d8cd98f00b204e9800998ecf8427e"
            ],
            [
                "genome_transcriptome.bed:md5,d41d8cd98f00b204e9800998ecf8427e"
            ],
            [
                "genome_transcriptome.gtf:md5,d41d8cd98f00b204e9800998ecf8427e"
            ],
            [
                
            ],
            [
                
            ],
            [
                
            ],
            [
                "[]"
            ],
            [
                
            ],
            [
                
            ],
            [
                
            ],
            [
                "/ngi-igenomes/testdata/nf-core/pipelines/rnaseq/3.15/reference/transcriptome.fasta"
            ],
            [
                "versions.yml:md5,1b71d037313dd6cfb54f9f1914cc3601",
                "versions.yml:md5,71252f1a221be05593361acccb99506b",
                "versions.yml:md5,80e9dd350be8cd4c11909d75c914757a",
                "versions.yml:md5,d475dace58c4e9b4911e8a60bda85041"
            ]
        ],
        "meta": {
            "nf-test": "0.9.3",
            "nextflow": "25.10.2"
        },
        "timestamp": "2026-01-30T19:06:31.431742313"
    },
    "use_sentieon_star - stub": {
        "content": [
            [
                "genome_transcriptome.fasta.sizes:md5,d41d8cd98f00b204e9800998ecf8427e"
            ],
            [
                "genome_transcriptome.fasta.fai:md5,d41d8cd98f00b204e9800998ecf8427e"
            ],
            [
                "genome_transcriptome.fasta:md5,d41d8cd98f00b204e9800998ecf8427e"
            ],
            [
                "genome_transcriptome.bed:md5,d41d8cd98f00b204e9800998ecf8427e"
            ],
            [
                "genome_transcriptome.gtf:md5,d41d8cd98f00b204e9800998ecf8427e"
            ],
            [
                
            ],
            [
                
            ],
            [
                
            ],
            [
                "/ngi-igenomes/testdata/nf-core/pipelines/rnaseq/3.15/reference/salmon.tar.gz"
            ],
            [
                
            ],
            [
                
            ],
            [
                [
                    "Genome:md5,d41d8cd98f00b204e9800998ecf8427e",
                    "Log.out:md5,d41d8cd98f00b204e9800998ecf8427e",
                    "SA:md5,d41d8cd98f00b204e9800998ecf8427e",
                    "SAindex:md5,d41d8cd98f00b204e9800998ecf8427e",
                    "chrLength.txt:md5,d41d8cd98f00b204e9800998ecf8427e",
                    "chrName.txt:md5,d41d8cd98f00b204e9800998ecf8427e",
                    "chrNameLength.txt:md5,d41d8cd98f00b204e9800998ecf8427e",
                    "chrStart.txt:md5,d41d8cd98f00b204e9800998ecf8427e",
                    "exonGeTrInfo.tab:md5,d41d8cd98f00b204e9800998ecf8427e",
                    "exonInfo.tab:md5,d41d8cd98f00b204e9800998ecf8427e",
                    "geneInfo.tab:md5,d41d8cd98f00b204e9800998ecf8427e",
                    "genomeParameters.txt:md5,d41d8cd98f00b204e9800998ecf8427e",
                    "sjdbInfo.txt:md5,d41d8cd98f00b204e9800998ecf8427e",
                    "sjdbList.fromGTF.out.tab:md5,d41d8cd98f00b204e9800998ecf8427e",
                    "sjdbList.out.tab:md5,d41d8cd98f00b204e9800998ecf8427e",
                    "transcriptInfo.tab:md5,d41d8cd98f00b204e9800998ecf8427e"
                ]
            ],
            [
                "/ngi-igenomes/testdata/nf-core/pipelines/rnaseq/3.15/reference/transcriptome.fasta"
            ],
            [
                "versions.yml:md5,1b71d037313dd6cfb54f9f1914cc3601",
                "versions.yml:md5,71252f1a221be05593361acccb99506b",
                "versions.yml:md5,80e9dd350be8cd4c11909d75c914757a",
                "versions.yml:md5,d475dace58c4e9b4911e8a60bda85041",
                "versions.yml:md5,fd6b20eb9694865490d59c0ca57e04fb"
            ]
        ],
        "meta": {
            "nf-test": "0.9.3",
            "nextflow": "25.10.2"
        },
        "timestamp": "2026-01-30T18:20:36.42723266"
    },
    "transcriptome = false - stub": {
        "content": [
            [
                "genome_transcriptome.fasta.sizes:md5,d41d8cd98f00b204e9800998ecf8427e"
            ],
            [
                "genome_transcriptome.fasta.fai:md5,d41d8cd98f00b204e9800998ecf8427e"
            ],
            [
                "genome_transcriptome.fasta:md5,d41d8cd98f00b204e9800998ecf8427e"
            ],
            [
                "genome_transcriptome.bed:md5,d41d8cd98f00b204e9800998ecf8427e"
            ],
            [
                "genome_transcriptome.gtf:md5,d41d8cd98f00b204e9800998ecf8427e"
            ],
            [
                
            ],
            [
                
            ],
            [
                
            ],
            [
                "[]"
            ],
            [
                
            ],
            [
                
            ],
            [
                "[Genome, Log.out, SA, SAindex, chrLength.txt, chrName.txt, chrNameLength.txt, chrStart.txt, exonGeTrInfo.tab, exonInfo.tab, geneInfo.tab, genomeParameters.txt, sjdbInfo.txt, sjdbList.fromGTF.out.tab, sjdbList.out.tab, transcriptInfo.tab]"
            ],
            [
                "genome.transcripts.fa:md5,d41d8cd98f00b204e9800998ecf8427e"
            ],
            [
                "versions.yml:md5,1b71d037313dd6cfb54f9f1914cc3601",
                "versions.yml:md5,71252f1a221be05593361acccb99506b",
                "versions.yml:md5,80e9dd350be8cd4c11909d75c914757a",
                "versions.yml:md5,d475dace58c4e9b4911e8a60bda85041",
                "versions.yml:md5,fd6b20eb9694865490d59c0ca57e04fb"
            ]
        ],
        "meta": {
            "nf-test": "0.9.3",
            "nextflow": "25.10.2"
        },
        "timestamp": "2026-01-30T19:04:01.510640354"
    },
    "skip_alignment = true": {
        "content": [
            [
                "/ngi-igenomes/testdata/nf-core/pipelines/rnaseq/3.15/reference/transcriptome.fasta"
            ],
            [
                "[]"
            ],
            [
                "genome_gfp.fasta:md5,e23e302af63736a199985a169fdac055"
            ],
            [
                "genome_gfp.gtf:md5,c98b12c302f15731bfc36bcf297cfe28"
            ],
            [
                "genome_gfp.fasta.fai:md5,8fa54c6bd2ea6a369efbb8ab4f30156a"
            ],
            [
                "genome_gfp.bed:md5,991993ebef1def1d5823632c21177ec3"
            ],
            [
                "genome_gfp.fasta.sizes:md5,9b755f8f349b14accefb4d859f84de26"
            ],
            [
                
            ],
            [
                
            ],
            [
                
            ],
            [
                
            ],
            [
                
            ],
            [
                
            ],
            [
                "versions.yml:md5,04400316552e6253e0008f052b20d866",
                "versions.yml:md5,2ed4fadc0038a6a8f46063219d23d3ef",
                "versions.yml:md5,71252f1a221be05593361acccb99506b",
                "versions.yml:md5,80e9dd350be8cd4c11909d75c914757a"
            ]
        ],
        "meta": {
            "nf-test": "0.9.3",
            "nextflow": "25.10.2"
        },
        "timestamp": "2026-01-30T18:54:16.965809669"
    },
    "skip_gtf_filter = true": {
        "content": [
            [
                "/ngi-igenomes/testdata/nf-core/pipelines/rnaseq/3.15/reference/transcriptome.fasta"
            ],
            [
                "[]"
            ],
            [
                "genome_gfp.fasta:md5,e23e302af63736a199985a169fdac055"
            ],
            [
                "genome_gfp.gtf:md5,5e63cda3dcafc0d6ad0a738133af9d54"
            ],
            [
                "genome_gfp.fasta.fai:md5,8fa54c6bd2ea6a369efbb8ab4f30156a"
            ],
            [
                "genome_gfp.bed:md5,991993ebef1def1d5823632c21177ec3"
            ],
            [
                "genome_gfp.fasta.sizes:md5,9b755f8f349b14accefb4d859f84de26"
            ],
            [
                
            ],
            [
                
            ],
            [
                "[Genome, Log.out, SA, SAindex, chrLength.txt, chrName.txt, chrNameLength.txt, chrStart.txt, exonGeTrInfo.tab, exonInfo.tab, geneInfo.tab, genomeParameters.txt, sjdbInfo.txt, sjdbList.fromGTF.out.tab, sjdbList.out.tab, transcriptInfo.tab]"
            ],
            [
                
            ],
            [
                
            ],
            [
                
            ],
            [
                "versions.yml:md5,04400316552e6253e0008f052b20d866",
                "versions.yml:md5,2ed4fadc0038a6a8f46063219d23d3ef",
                "versions.yml:md5,71252f1a221be05593361acccb99506b",
                "versions.yml:md5,fd6b20eb9694865490d59c0ca57e04fb"
            ]
        ],
        "meta": {
            "nf-test": "0.9.3",
            "nextflow": "25.10.2"
        },
        "timestamp": "2026-01-30T18:53:45.896392648"
    },
    "hisat2_index = false - stub": {
        "content": [
            [
                "genome_transcriptome.fasta.sizes:md5,d41d8cd98f00b204e9800998ecf8427e"
            ],
            [
                "genome_transcriptome.fasta.fai:md5,d41d8cd98f00b204e9800998ecf8427e"
            ],
            [
                "genome_transcriptome.fasta:md5,d41d8cd98f00b204e9800998ecf8427e"
            ],
            [
                "genome_transcriptome.bed:md5,d41d8cd98f00b204e9800998ecf8427e"
            ],
            [
                "genome_transcriptome.gtf:md5,d41d8cd98f00b204e9800998ecf8427e"
            ],
            [
                [
                    
                ]
            ],
            [
                
            ],
            [
                
            ],
            [
                "[complete_ref_lens.bin, ctable.bin, ctg_offsets.bin, duplicate_clusters.tsv, info.json, mphf.bin, pos.bin, pre_indexing.log, rank.bin, refAccumLengths.bin, ref_indexing.log, reflengths.bin, refseq.bin, seq.bin, versionInfo.json]"
            ],
            [
                
            ],
            [
                "genome_transcriptome.splice_sites.txt:md5,d41d8cd98f00b204e9800998ecf8427e"
            ],
            [
                
            ],
            [
                "/ngi-igenomes/testdata/nf-core/pipelines/rnaseq/3.15/reference/transcriptome.fasta"
            ],
            [
                "versions.yml:md5,1b71d037313dd6cfb54f9f1914cc3601",
                "versions.yml:md5,287ab689cbf7c313466543dafa12e0a9",
                "versions.yml:md5,71252f1a221be05593361acccb99506b",
                "versions.yml:md5,80b70172974f819687dc8e3a1bea2b9f",
                "versions.yml:md5,80e9dd350be8cd4c11909d75c914757a",
                "versions.yml:md5,d475dace58c4e9b4911e8a60bda85041"
            ]
        ],
        "meta": {
            "nf-test": "0.9.3",
            "nextflow": "25.10.2"
        },
        "timestamp": "2026-01-30T19:05:01.66257314"
    },
    "skip_bbsplit - stub": {
        "content": [
            {
                "0": [
                    "genome_transcriptome.fasta:md5,d41d8cd98f00b204e9800998ecf8427e"
                ],
                "1": [
                    "genome_transcriptome.gtf:md5,d41d8cd98f00b204e9800998ecf8427e"
                ],
                "10": [
                    [
                        "Genome:md5,d41d8cd98f00b204e9800998ecf8427e",
                        "Log.out:md5,d41d8cd98f00b204e9800998ecf8427e",
                        "SA:md5,d41d8cd98f00b204e9800998ecf8427e",
                        "SAindex:md5,d41d8cd98f00b204e9800998ecf8427e",
                        "chrLength.txt:md5,d41d8cd98f00b204e9800998ecf8427e",
                        "chrName.txt:md5,d41d8cd98f00b204e9800998ecf8427e",
                        "chrNameLength.txt:md5,d41d8cd98f00b204e9800998ecf8427e",
                        "chrStart.txt:md5,d41d8cd98f00b204e9800998ecf8427e",
                        "exonGeTrInfo.tab:md5,d41d8cd98f00b204e9800998ecf8427e",
                        "exonInfo.tab:md5,d41d8cd98f00b204e9800998ecf8427e",
                        "geneInfo.tab:md5,d41d8cd98f00b204e9800998ecf8427e",
                        "genomeParameters.txt:md5,d41d8cd98f00b204e9800998ecf8427e",
                        "sjdbInfo.txt:md5,d41d8cd98f00b204e9800998ecf8427e",
                        "sjdbList.fromGTF.out.tab:md5,d41d8cd98f00b204e9800998ecf8427e",
                        "sjdbList.out.tab:md5,d41d8cd98f00b204e9800998ecf8427e",
                        "transcriptInfo.tab:md5,d41d8cd98f00b204e9800998ecf8427e"
                    ]
                ],
                "11": [
                    
                ],
                "12": [
                    
                ],
                "13": [
                    "/ngi-igenomes/testdata/nf-core/pipelines/rnaseq/3.15/reference/salmon.tar.gz"
                ],
                "14": [
                    
                ],
                "15": [
                    "versions.yml:md5,1b71d037313dd6cfb54f9f1914cc3601",
                    "versions.yml:md5,71252f1a221be05593361acccb99506b",
                    "versions.yml:md5,80e9dd350be8cd4c11909d75c914757a",
                    "versions.yml:md5,d475dace58c4e9b4911e8a60bda85041",
                    "versions.yml:md5,fd6b20eb9694865490d59c0ca57e04fb"
                ],
                "2": [
                    "genome_transcriptome.fasta.fai:md5,d41d8cd98f00b204e9800998ecf8427e"
                ],
                "3": [
                    "genome_transcriptome.bed:md5,d41d8cd98f00b204e9800998ecf8427e"
                ],
                "4": [
                    "/ngi-igenomes/testdata/nf-core/pipelines/rnaseq/3.15/reference/transcriptome.fasta"
                ],
                "5": [
                    "genome_transcriptome.fasta.sizes:md5,d41d8cd98f00b204e9800998ecf8427e"
                ],
                "6": [
                    
                ],
                "7": [
                    
                ],
                "8": [
                    
                ],
                "9": [
                    
                ],
                "bbsplit_index": [
                    
                ],
                "chrom_sizes": [
                    "genome_transcriptome.fasta.sizes:md5,d41d8cd98f00b204e9800998ecf8427e"
                ],
                "fai": [
                    "genome_transcriptome.fasta.fai:md5,d41d8cd98f00b204e9800998ecf8427e"
                ],
                "fasta": [
                    "genome_transcriptome.fasta:md5,d41d8cd98f00b204e9800998ecf8427e"
                ],
                "gene_bed": [
                    "genome_transcriptome.bed:md5,d41d8cd98f00b204e9800998ecf8427e"
                ],
                "gtf": [
                    "genome_transcriptome.gtf:md5,d41d8cd98f00b204e9800998ecf8427e"
                ],
                "hisat2_index": [
                    
                ],
                "kallisto_index": [
                    
                ],
                "rrna_fastas": [
                    
                ],
                "rsem_index": [
                    
                ],
                "salmon_index": [
                    "/ngi-igenomes/testdata/nf-core/pipelines/rnaseq/3.15/reference/salmon.tar.gz"
                ],
                "sortmerna_index": [
                    
                ],
                "splicesites": [
                    
                ],
                "star_index": [
                    [
                        "Genome:md5,d41d8cd98f00b204e9800998ecf8427e",
                        "Log.out:md5,d41d8cd98f00b204e9800998ecf8427e",
                        "SA:md5,d41d8cd98f00b204e9800998ecf8427e",
                        "SAindex:md5,d41d8cd98f00b204e9800998ecf8427e",
                        "chrLength.txt:md5,d41d8cd98f00b204e9800998ecf8427e",
                        "chrName.txt:md5,d41d8cd98f00b204e9800998ecf8427e",
                        "chrNameLength.txt:md5,d41d8cd98f00b204e9800998ecf8427e",
                        "chrStart.txt:md5,d41d8cd98f00b204e9800998ecf8427e",
                        "exonGeTrInfo.tab:md5,d41d8cd98f00b204e9800998ecf8427e",
                        "exonInfo.tab:md5,d41d8cd98f00b204e9800998ecf8427e",
                        "geneInfo.tab:md5,d41d8cd98f00b204e9800998ecf8427e",
                        "genomeParameters.txt:md5,d41d8cd98f00b204e9800998ecf8427e",
                        "sjdbInfo.txt:md5,d41d8cd98f00b204e9800998ecf8427e",
                        "sjdbList.fromGTF.out.tab:md5,d41d8cd98f00b204e9800998ecf8427e",
                        "sjdbList.out.tab:md5,d41d8cd98f00b204e9800998ecf8427e",
                        "transcriptInfo.tab:md5,d41d8cd98f00b204e9800998ecf8427e"
                    ]
                ],
                "transcript_fasta": [
                    "/ngi-igenomes/testdata/nf-core/pipelines/rnaseq/3.15/reference/transcriptome.fasta"
                ],
                "versions": [
                    "versions.yml:md5,1b71d037313dd6cfb54f9f1914cc3601",
                    "versions.yml:md5,71252f1a221be05593361acccb99506b",
                    "versions.yml:md5,80e9dd350be8cd4c11909d75c914757a",
                    "versions.yml:md5,d475dace58c4e9b4911e8a60bda85041",
                    "versions.yml:md5,fd6b20eb9694865490d59c0ca57e04fb"
                ]
            }
        ],
        "meta": {
            "nf-test": "0.9.3",
            "nextflow": "25.10.2"
        },
        "timestamp": "2026-01-30T18:04:34.566445987"
    }
}