{
    "forward_counts": {
        "content": [
            [
                [
                    {
                        "id": "test",
                        "single_end": true,
                        "strandedness": "forward"
                    },
                    "test.featureCounts.txt:md5,0012df4c0a0e47eec1440017ab34f75f"
                ]
            ]
        ],
        "timestamp": "2023-11-23T15:50:10.685863663"
    },
    "unstranded_counts": {
        "content": [
            [
                [
                    {
                        "id": "test",
                        "single_end": true,
                        "strandedness": "unstranded"
                    },
                    "test.featureCounts.txt:md5,3307d31b44a5d6bb3389786bb8f4e91f"
                ]
            ]
        ],
        "timestamp": "2023-11-23T15:50:38.67903701"
    },
    "reverse_summary": {
        "content": [
            [
                [
                    {
                        "id": "test",
                        "single_end": true,
                        "strandedness": "reverse"
                    },
                    "test.featureCounts.txt.summary:md5,7cfa30ad678b9bc1bc63afbb0281547b"
                ]
            ]
        ],
        "timestamp": "2023-11-23T15:50:25.168206514"
    },
    "reverse_counts": {
        "content": [
            [
                [
                    {
                        "id": "test",
                        "single_end": true,
                        "strandedness": "reverse"
                    },
                    "test.featureCounts.txt:md5,8175816b8260ed444d59232bd7e7120b"
                ]
            ]
        ],
        "timestamp": "2023-11-23T15:50:25.160010804"
    },
    "forward_summary": {
        "content": [
            [
                [
                    {
                        "id": "test",
                        "single_end": true,
                        "strandedness": "forward"
                    },
                    "test.featureCounts.txt.summary:md5,8f602ff9a8ef467af43294e80b367cdf"
                ]
            ]
        ],
        "timestamp": "2023-11-23T15:50:10.699024934"
    },
    "forward_versions": {
        "content": [
            [
                "versions.yml:md5,c2c0903b93c93d9afd2667052b9ee726"
            ]
        ],
        "timestamp": "2023-11-23T15:50:10.704797013"
    },
    "unstranded_summary": {
        "content": [
            [
                [
                    {
                        "id": "test",
                        "single_end": true,
                        "strandedness": "unstranded"
                    },
                    "test.featureCounts.txt.summary:md5,23164b79f9f23f11c82820db61a35560"
                ]
            ]
        ],
        "timestamp": "2023-11-23T15:50:38.68776235"
    },
    "reverse_versions": {
        "content": [
            [
                "versions.yml:md5,c2c0903b93c93d9afd2667052b9ee726"
            ]
        ],
        "timestamp": "2023-11-23T15:50:25.175265594"
    },
    "unstranded_versions": {
        "content": [
            [
                "versions.yml:md5,c2c0903b93c93d9afd2667052b9ee726"
            ]
        ],
        "timestamp": "2023-11-23T15:50:38.69390501"
    }
}