{
    "ribodetector - rnaseq PE input": {
        "content": [
            {
                "versions_ribodetector": [
                    [
                        "RIBODETECTOR",
                        "ribodetector",
                        "0.3.3"
                    ]
                ]
            }
        ],
        "meta": {
            "nf-test": "0.9.3",
            "nextflow": "25.10.3"
        },
        "timestamp": "2026-04-08T08:49:28.027509457"
    },
    "ribodetector - stub rnaseq PE input": {
        "content": [
            {
                "0": [
                    [
                        {
                            "id": "test",
                            "single_end": false
                        },
                        [
                            "test.nonrna.1.fastq.gz:md5,68b329da9893e34099c7d8ad5cb9c940",
                            "test.nonrna.2.fastq.gz:md5,68b329da9893e34099c7d8ad5cb9c940"
                        ]
                    ]
                ],
                "1": [
                    [
                        {
                            "id": "test",
                            "single_end": false
                        },
                        "test.log:md5,d41d8cd98f00b204e9800998ecf8427e"
                    ]
                ],
                "2": [
                    [
                        "RIBODETECTOR",
                        "ribodetector",
                        "0.3.3"
                    ]
                ],
                "fastq": [
                    [
                        {
                            "id": "test",
                            "single_end": false
                        },
                        [
                            "test.nonrna.1.fastq.gz:md5,68b329da9893e34099c7d8ad5cb9c940",
                            "test.nonrna.2.fastq.gz:md5,68b329da9893e34099c7d8ad5cb9c940"
                        ]
                    ]
                ],
                "log": [
                    [
                        {
                            "id": "test",
                            "single_end": false
                        },
                        "test.log:md5,d41d8cd98f00b204e9800998ecf8427e"
                    ]
                ],
                "versions_ribodetector": [
                    [
                        "RIBODETECTOR",
                        "ribodetector",
                        "0.3.3"
                    ]
                ]
            }
        ],
        "meta": {
            "nf-test": "0.9.3",
            "nextflow": "25.10.3"
        },
        "timestamp": "2026-04-08T08:49:35.087539868"
    }
}