{
    "test_bam_sort_stats_samtools_paired_end_flagstats": {
        "content": [
            [
                [
                    {
                        "id": "test",
                        "single_end": false
                    },
                    "test.flagstat:md5,4f7ffd1e6a5e85524d443209ac97d783"
                ]
            ]
        ],
        "meta": {
            "nf-test": "0.8.4",
            "nextflow": "24.01.0"
        },
        "timestamp": "2023-10-22T20:25:03.687121177"
    },
    "test_bam_sort_stats_samtools_paired_end_idxstats": {
        "content": [
            [
                [
                    {
                        "id": "test",
                        "single_end": false
                    },
                    "test.idxstats:md5,df60a8c8d6621100d05178c93fb053a2"
                ]
            ]
        ],
        "meta": {
            "nf-test": "0.8.4",
            "nextflow": "24.01.0"
        },
        "timestamp": "2023-10-22T20:25:03.709648916"
    },
    "test_bam_sort_stats_samtools_single_end_stats": {
        "content": [
            [
                [
                    {
                        "id": "test",
                        "single_end": false
                    },
                    "test.stats:md5,cb0bf2b79de52fdf0c61e80efcdb0bb4"
                ]
            ]
        ],
        "meta": {
            "nf-test": "0.8.4",
            "nextflow": "24.01.0"
        },
        "timestamp": "2024-02-13T16:44:38.553256801"
    },
    "test_bam_sort_stats_samtools_paired_end_stats": {
        "content": [
            [
                [
                    {
                        "id": "test",
                        "single_end": false
                    },
                    "test.stats:md5,d7796222a087b9bb97f631f1c21b9c95"
                ]
            ]
        ],
        "meta": {
            "nf-test": "0.8.4",
            "nextflow": "24.01.0"
        },
        "timestamp": "2024-02-13T16:44:48.355870518"
    },
    "test_bam_sort_stats_samtools_single_end_idxstats": {
        "content": [
            [
                [
                    {
                        "id": "test",
                        "single_end": false
                    },
                    "test.idxstats:md5,613e048487662c694aa4a2f73ca96a20"
                ]
            ]
        ],
        "meta": {
            "nf-test": "0.8.4",
            "nextflow": "24.01.0"
        },
        "timestamp": "2024-01-18T17:10:02.84631"
    },
    "test_bam_sort_stats_samtools_single_end_flagstats": {
        "content": [
            [
                [
                    {
                        "id": "test",
                        "single_end": false
                    },
                    "test.flagstat:md5,2191911d72575a2358b08b1df64ccb53"
                ]
            ]
        ],
        "meta": {
            "nf-test": "0.8.4",
            "nextflow": "24.01.0"
        },
        "timestamp": "2024-01-18T17:10:02.829756"
    }
}