{
    "sarscov2 illumina single end [fastq]": {
        "content": [
            "test.kraken2.report.txt:md5,4227755fe40478b8d7dc8634b489761e"
        ],
        "timestamp": "2026-09-29T16:35:01.182009251",
        "meta": {
            "nf-test": "0.9.5",
            "nextflow": "26.09.1"
        }
    },
    "paired_end - stub": {
        "content": [
            "test.kraken2.report.txt:md5,d41d8cd98f00b204e9800998ecf8427e"
        ],
        "timestamp": "2026-09-29T16:35:41.429420482",
        "meta": {
            "nf-test": "0.9.5",
            "nextflow": "26.09.1"
        }
    },
    "sarscov2 illumina paired end [fastq]": {
        "content": [
            "test.kraken2.report.txt:md5,4227755fe40478b8d7dc8634b489761e"
        ],
        "timestamp": "2026-09-29T16:35:11.865743537",
        "meta": {
            "nf-test": "0.9.5",
            "nextflow": "26.09.1"
        }
    },
    "sarscov2 illumina single end [fastq] + save_reads_assignment": {
        "content": [
            "test.kraken2.report.txt:md5,4227755fe40478b8d7dc8634b489761e",
            "test.kraken2.classifiedreads.txt:md5,e7a90531f0d8d777316515c36fe4cae0"
        ],
        "timestamp": "2026-09-29T16:35:22.242417524",
        "meta": {
            "nf-test": "0.9.5",
            "nextflow": "26.09.1"
        }
    },
    "single_end - stub": {
        "content": [
            "test.kraken2.report.txt:md5,d41d8cd98f00b204e9800998ecf8427e"
        ],
        "timestamp": "2026-09-29T16:35:31.870991305",
        "meta": {
            "nf-test": "0.9.5",
            "nextflow": "26.09.1"
        }
    }
}