{
    "test_samtools_sort": {
        "content": [
            {
                "0": [
                    [
                        {
                            "id": "test",
                            "single_end": false
                        },
                        "test.sorted.bam:md5,ea6a0fef94eb534e901f107a05a33a06"
                    ]
                ],
                "1": [
                    
                ],
                "2": [
                    "versions.yml:md5,33b6a403dc19a0d28e4219ccab0a1d80"
                ],
                "bam": [
                    [
                        {
                            "id": "test",
                            "single_end": false
                        },
                        "test.sorted.bam:md5,ea6a0fef94eb534e901f107a05a33a06"
                    ]
                ],
                "csi": [
                    
                ],
                "versions": [
                    "versions.yml:md5,33b6a403dc19a0d28e4219ccab0a1d80"
                ]
            }
        ],
        "timestamp": "2023-12-04T11:11:22.005628301"
    },
    "test_samtools_sort_stub": {
        "content": [
            "test.sorted.bam",
            [
                "versions.yml:md5,33b6a403dc19a0d28e4219ccab0a1d80"
            ]
        ],
        "timestamp": "2023-12-04T17:47:22.314445935"
    }
}