{
    "sarscov2 - single-end - fastq": {
        "content": [
            {
                "0": [
                    [
                        {
                            "id": "test",
                            "single_end": true
                        },
                        "test.tsv:md5,4a21ae14ff8a0311d55f139af5247838"
                    ]
                ],
                "1": [
                    [
                        {
                            "id": "test",
                            "single_end": true
                        },
                        "test.kraken2.report_bracken.txt:md5,ca0fbeedc4353b5fdd081688823a33df"
                    ]
                ],
                "2": [
                    "versions.yml:md5,599fbbf4c1cd5851022a98788f2afdba"
                ],
                "reports": [
                    [
                        {
                            "id": "test",
                            "single_end": true
                        },
                        "test.tsv:md5,4a21ae14ff8a0311d55f139af5247838"
                    ]
                ],
                "txt": [
                    [
                        {
                            "id": "test",
                            "single_end": true
                        },
                        "test.kraken2.report_bracken.txt:md5,ca0fbeedc4353b5fdd081688823a33df"
                    ]
                ],
                "versions": [
                    "versions.yml:md5,599fbbf4c1cd5851022a98788f2afdba"
                ]
            }
        ],
        "meta": {
            "nf-test": "0.9.0",
            "nextflow": "24.04.4"
        },
        "timestamp": "2024-08-06T11:35:03.995620397"
    },
    "sarscov2 - paired-end - fastq - genus config": {
        "content": [
            {
                "0": [
                    [
                        {
                            "id": "test",
                            "single_end": false
                        },
                        "test.tsv:md5,f609b09d6edb5ebc1ea1435d1dd46cde"
                    ]
                ],
                "1": [
                    [
                        {
                            "id": "test",
                            "single_end": false
                        },
                        "test.kraken2.report_bracken.txt:md5,2ce58814420a3690da1f08e10e8d3a30"
                    ]
                ],
                "2": [
                    "versions.yml:md5,599fbbf4c1cd5851022a98788f2afdba"
                ],
                "reports": [
                    [
                        {
                            "id": "test",
                            "single_end": false
                        },
                        "test.tsv:md5,f609b09d6edb5ebc1ea1435d1dd46cde"
                    ]
                ],
                "txt": [
                    [
                        {
                            "id": "test",
                            "single_end": false
                        },
                        "test.kraken2.report_bracken.txt:md5,2ce58814420a3690da1f08e10e8d3a30"
                    ]
                ],
                "versions": [
                    "versions.yml:md5,599fbbf4c1cd5851022a98788f2afdba"
                ]
            }
        ],
        "meta": {
            "nf-test": "0.9.0",
            "nextflow": "24.04.4"
        },
        "timestamp": "2024-08-06T12:13:33.399680181"
    },
    "sarscov2 - paired-end - fastq": {
        "content": [
            {
                "0": [
                    [
                        {
                            "id": "test",
                            "single_end": false
                        },
                        "test.tsv:md5,4a21ae14ff8a0311d55f139af5247838"
                    ]
                ],
                "1": [
                    [
                        {
                            "id": "test",
                            "single_end": false
                        },
                        "test.kraken2.report_bracken.txt:md5,ca0fbeedc4353b5fdd081688823a33df"
                    ]
                ],
                "2": [
                    "versions.yml:md5,599fbbf4c1cd5851022a98788f2afdba"
                ],
                "reports": [
                    [
                        {
                            "id": "test",
                            "single_end": false
                        },
                        "test.tsv:md5,4a21ae14ff8a0311d55f139af5247838"
                    ]
                ],
                "txt": [
                    [
                        {
                            "id": "test",
                            "single_end": false
                        },
                        "test.kraken2.report_bracken.txt:md5,ca0fbeedc4353b5fdd081688823a33df"
                    ]
                ],
                "versions": [
                    "versions.yml:md5,599fbbf4c1cd5851022a98788f2afdba"
                ]
            }
        ],
        "meta": {
            "nf-test": "0.9.0",
            "nextflow": "24.04.4"
        },
        "timestamp": "2024-08-06T12:09:15.465609745"
    },
    "sarscov2 - stub - fastq": {
        "content": [
            {
                "0": [
                    [
                        {
                            "id": "test"
                        },
                        "test.tsv:md5,d41d8cd98f00b204e9800998ecf8427e"
                    ]
                ],
                "1": [
                    [
                        {
                            "id": "test"
                        },
                        "test.kraken2.report_bracken.txt:md5,d41d8cd98f00b204e9800998ecf8427e"
                    ]
                ],
                "2": [
                    "versions.yml:md5,599fbbf4c1cd5851022a98788f2afdba"
                ],
                "reports": [
                    [
                        {
                            "id": "test"
                        },
                        "test.tsv:md5,d41d8cd98f00b204e9800998ecf8427e"
                    ]
                ],
                "txt": [
                    [
                        {
                            "id": "test"
                        },
                        "test.kraken2.report_bracken.txt:md5,d41d8cd98f00b204e9800998ecf8427e"
                    ]
                ],
                "versions": [
                    "versions.yml:md5,599fbbf4c1cd5851022a98788f2afdba"
                ]
            }
        ],
        "meta": {
            "nf-test": "0.9.0",
            "nextflow": "24.04.4"
        },
        "timestamp": "2024-08-06T11:35:42.965471207"
    }
}