{
    "test_trimgalore_single_end": {
        "content": [
            [
                "versions.yml:md5,47d966cbb31c80eb8f7fe860d55659b7"
            ]
        ],
        "meta": {
            "nf-test": "0.8.4",
            "nextflow": "24.01.0"
        },
        "timestamp": "2024-02-29T16:33:20.401347"
    },
    "test_trimgalore_single_end - stub": {
        "content": [
            {
                "0": [
                    [
                        {
                            "id": "test",
                            "single_end": true
                        },
                        "test_trimmed.fq.gz:md5,68b329da9893e34099c7d8ad5cb9c940"
                    ]
                ],
                "1": [
                    [
                        {
                            "id": "test",
                            "single_end": true
                        },
                        "test.fastq.gz_trimming_report.txt:md5,d41d8cd98f00b204e9800998ecf8427e"
                    ]
                ],
                "2": [
                    
                ],
                "3": [
                    
                ],
                "4": [
                    
                ],
                "5": [
                    "versions.yml:md5,47d966cbb31c80eb8f7fe860d55659b7"
                ],
                "html": [
                    
                ],
                "log": [
                    [
                        {
                            "id": "test",
                            "single_end": true
                        },
                        "test.fastq.gz_trimming_report.txt:md5,d41d8cd98f00b204e9800998ecf8427e"
                    ]
                ],
                "reads": [
                    [
                        {
                            "id": "test",
                            "single_end": true
                        },
                        "test_trimmed.fq.gz:md5,68b329da9893e34099c7d8ad5cb9c940"
                    ]
                ],
                "unpaired": [
                    
                ],
                "versions": [
                    "versions.yml:md5,47d966cbb31c80eb8f7fe860d55659b7"
                ],
                "zip": [
                    
                ]
            }
        ],
        "meta": {
            "nf-test": "0.8.4",
            "nextflow": "24.04.2"
        },
        "timestamp": "2024-06-21T10:27:44.964166"
    },
    "test_trimgalore_paired_end - stub": {
        "content": [
            {
                "0": [
                    [
                        {
                            "id": "test",
                            "single_end": false
                        },
                        [
                            "test_1_trimmed.fq.gz:md5,68b329da9893e34099c7d8ad5cb9c940",
                            "test_2_trimmed.fq.gz:md5,68b329da9893e34099c7d8ad5cb9c940"
                        ]
                    ]
                ],
                "1": [
                    [
                        {
                            "id": "test",
                            "single_end": false
                        },
                        [
                            "test_1.fastq.gz_trimming_report.txt:md5,d41d8cd98f00b204e9800998ecf8427e",
                            "test_2.fastq.gz_trimming_report.txt:md5,d41d8cd98f00b204e9800998ecf8427e"
                        ]
                    ]
                ],
                "2": [
                    
                ],
                "3": [
                    
                ],
                "4": [
                    
                ],
                "5": [
                    "versions.yml:md5,47d966cbb31c80eb8f7fe860d55659b7"
                ],
                "html": [
                    
                ],
                "log": [
                    [
                        {
                            "id": "test",
                            "single_end": false
                        },
                        [
                            "test_1.fastq.gz_trimming_report.txt:md5,d41d8cd98f00b204e9800998ecf8427e",
                            "test_2.fastq.gz_trimming_report.txt:md5,d41d8cd98f00b204e9800998ecf8427e"
                        ]
                    ]
                ],
                "reads": [
                    [
                        {
                            "id": "test",
                            "single_end": false
                        },
                        [
                            "test_1_trimmed.fq.gz:md5,68b329da9893e34099c7d8ad5cb9c940",
                            "test_2_trimmed.fq.gz:md5,68b329da9893e34099c7d8ad5cb9c940"
                        ]
                    ]
                ],
                "unpaired": [
                    
                ],
                "versions": [
                    "versions.yml:md5,47d966cbb31c80eb8f7fe860d55659b7"
                ],
                "zip": [
                    
                ]
            }
        ],
        "meta": {
            "nf-test": "0.8.4",
            "nextflow": "24.04.2"
        },
        "timestamp": "2024-06-21T10:28:07.611496"
    },
    "test_trimgalore_paired_end": {
        "content": [
            [
                "versions.yml:md5,47d966cbb31c80eb8f7fe860d55659b7"
            ]
        ],
        "meta": {
            "nf-test": "0.8.4",
            "nextflow": "24.01.0"
        },
        "timestamp": "2024-02-29T16:33:28.960497"
    }
}