{
    "bam_interlinterleave_eaved": {
        "content": [
            [
                "@ERR5069949.2151832/1",
                "TCATAAACCAAAGCACTCACAGTGTCAACAATTTCAGCAGGACAACGCCGACAAGTTCCGAGGAACATGTCTGGACCTATAGTTTTCATAAGTCTACACACTGAATTGAAATATTCTGGTTCTAGTGTGCCCTTAGTTAGCAATGTGCGT",
                "+",
                "AAAAAAEEEEEEEEEEEEEEEEEEEEEEEEEEEEEEEEEEEEEEEEEAAEEEEAEEEEEEEEEEEEEEEEEEEEEEEEEEEEEEEEEEEEEEEEEEEEEEEEEEEEEAAEEEEE<EEAAAEEEEEEEEEAAAAEAEEEAEEEEEE<AAAA",
                "@ERR5069949.2151832/2",
                "ATGTGTACATTGGCGACCCTGCTCAATTACCTGCACCACGCACATTGCTAACTAAGGGCACACTAGAACCAGAATATTTCAATTCAGTGTGTAGACTTATGAAAACTATAGGTCCAGACATGTTCCTCGGAACTTGTCGGCGTTGTCCTG",
                "+"
            ]
        ],
        "meta": {
            "nf-test": "0.8.4",
            "nextflow": "23.04.3"
        },
        "timestamp": "2024-02-12T18:18:30.865895"
    },
    "bam_other": {
        "content": [
            "test_other.fastq.gz"
        ],
        "meta": {
            "nf-test": "0.8.4",
            "nextflow": "23.04.3"
        },
        "timestamp": "2024-02-12T18:18:23.988269"
    },
    "bam - stub": {
        "content": [
            {
                "0": [
                    [
                        {
                            "id": "test",
                            "single_end": false
                        },
                        [
                            "test_1.fastq.gz:md5,68b329da9893e34099c7d8ad5cb9c940",
                            "test_2.fastq.gz:md5,68b329da9893e34099c7d8ad5cb9c940"
                        ]
                    ]
                ],
                "1": [
                    
                ],
                "2": [
                    [
                        {
                            "id": "test",
                            "single_end": false
                        },
                        "test_singleton.fastq.gz:md5,68b329da9893e34099c7d8ad5cb9c940"
                    ]
                ],
                "3": [
                    [
                        {
                            "id": "test",
                            "single_end": false
                        },
                        "test_other.fastq.gz:md5,68b329da9893e34099c7d8ad5cb9c940"
                    ]
                ],
                "4": [
                    "versions.yml:md5,391b9e4150ae63ea50d15781b61712c7"
                ],
                "fastq": [
                    [
                        {
                            "id": "test",
                            "single_end": false
                        },
                        [
                            "test_1.fastq.gz:md5,68b329da9893e34099c7d8ad5cb9c940",
                            "test_2.fastq.gz:md5,68b329da9893e34099c7d8ad5cb9c940"
                        ]
                    ]
                ],
                "interleaved": [
                    
                ],
                "other": [
                    [
                        {
                            "id": "test",
                            "single_end": false
                        },
                        "test_other.fastq.gz:md5,68b329da9893e34099c7d8ad5cb9c940"
                    ]
                ],
                "singleton": [
                    [
                        {
                            "id": "test",
                            "single_end": false
                        },
                        "test_singleton.fastq.gz:md5,68b329da9893e34099c7d8ad5cb9c940"
                    ]
                ],
                "versions": [
                    "versions.yml:md5,391b9e4150ae63ea50d15781b61712c7"
                ]
            }
        ],
        "meta": {
            "nf-test": "0.9.2",
            "nextflow": "25.04.6"
        },
        "timestamp": "2025-09-10T13:18:13.675438"
    },
    "bam_fastq": {
        "content": [
            [
                [
                    "@ERR5069949.2151832",
                    "TCATAAACCAAAGCACTCACAGTGTCAACAATTTCAGCAGGACAACGCCGACAAGTTCCGAGGAACATGTCTGGACCTATAGTTTTCATAAGTCTACACACTGAATTGAAATATTCTGGTTCTAGTGTGCCCTTAGTTAGCAATGTGCGT",
                    "+",
                    "AAAAAAEEEEEEEEEEEEEEEEEEEEEEEEEEEEEEEEEEEEEEEEEAAEEEEAEEEEEEEEEEEEEEEEEEEEEEEEEEEEEEEEEEEEEEEEEEEEEEEEEEEEEAAEEEEE<EEAAAEEEEEEEEEAAAAEAEEEAEEEEEE<AAAA",
                    "@ERR5069949.576388",
                    "ACTGTTTTCTTTGTAGAAAACATCCGTAATAGGACCTTTGTATTCTGAGGACTTTGTAAGTAAAGCACCGTCTATGC",
                    "+"
                ],
                [
                    "@ERR5069949.2151832",
                    "ATGTGTACATTGGCGACCCTGCTCAATTACCTGCACCACGCACATTGCTAACTAAGGGCACACTAGAACCAGAATATTTCAATTCAGTGTGTAGACTTATGAAAACTATAGGTCCAGACATGTTCCTCGGAACTTGTCGGCGTTGTCCTG",
                    "+",
                    "AAAAAEEEEEEEEEE/EEEEEEEEEEEEEEEEEEEEEEEEEEEEEEEEAEEEEEEEEEE/EEEEEEEEEEEEEEEEEEEEEEEEEEEEEEEEEEEEEEAAEEEEEEEAEEEEEAAEEEEEEEEEAAEAAA<<EAAEEEEEEEAAA<<<AE",
                    "@ERR5069949.576388",
                    "GCATAGACGGTGCTTTACTTACAAAGTCCTCAGAATACAAAGGTCCTATTACGGATGTTTTCTACAAAGAAAACAGT",
                    "+"
                ]
            ]
        ],
        "meta": {
            "nf-test": "0.8.4",
            "nextflow": "23.04.3"
        },
        "timestamp": "2024-02-12T18:18:23.976154"
    },
    "bam_interleave_other": {
        "content": [
            "test_other.fastq.gz"
        ],
        "meta": {
            "nf-test": "0.8.4",
            "nextflow": "23.04.3"
        },
        "timestamp": "2024-02-12T18:18:30.87243"
    },
    "bam_interleaved": {
        "content": [
            [
                
            ]
        ],
        "meta": {
            "nf-test": "0.8.4",
            "nextflow": "23.04.3"
        },
        "timestamp": "2024-02-12T18:18:23.980431"
    },
    "bam_singinterleave_leton": {
        "content": [
            [
                
            ]
        ],
        "meta": {
            "nf-test": "0.8.4",
            "nextflow": "23.04.3"
        },
        "timestamp": "2024-02-12T18:18:30.869149"
    },
    "bam_versions": {
        "content": [
            [
                "versions.yml:md5,391b9e4150ae63ea50d15781b61712c7"
            ]
        ],
        "meta": {
            "nf-test": "0.9.2",
            "nextflow": "25.04.6"
        },
        "timestamp": "2025-09-10T13:18:05.023407"
    },
    "bam_verinterleave_sions": {
        "content": [
            [
                "versions.yml:md5,391b9e4150ae63ea50d15781b61712c7"
            ]
        ],
        "meta": {
            "nf-test": "0.9.2",
            "nextflow": "25.04.6"
        },
        "timestamp": "2025-09-10T13:18:09.490066"
    },
    "bam_singleton": {
        "content": [
            "test_singleton.fastq.gz"
        ],
        "meta": {
            "nf-test": "0.8.4",
            "nextflow": "23.04.3"
        },
        "timestamp": "2024-02-12T18:18:23.985165"
    },
    "bam_interleave_fastq": {
        "content": [
            [
                
            ]
        ],
        "meta": {
            "nf-test": "0.8.4",
            "nextflow": "23.04.3"
        },
        "timestamp": "2024-02-12T18:18:30.859468"
    },
    "bam_interleave - stub": {
        "content": [
            {
                "0": [
                    
                ],
                "1": [
                    [
                        {
                            "id": "test",
                            "single_end": false
                        },
                        "test_interleaved.fastq:md5,d41d8cd98f00b204e9800998ecf8427e"
                    ]
                ],
                "2": [
                    
                ],
                "3": [
                    [
                        {
                            "id": "test",
                            "single_end": false
                        },
                        "test_other.fastq.gz:md5,68b329da9893e34099c7d8ad5cb9c940"
                    ]
                ],
                "4": [
                    "versions.yml:md5,391b9e4150ae63ea50d15781b61712c7"
                ],
                "fastq": [
                    
                ],
                "interleaved": [
                    [
                        {
                            "id": "test",
                            "single_end": false
                        },
                        "test_interleaved.fastq:md5,d41d8cd98f00b204e9800998ecf8427e"
                    ]
                ],
                "other": [
                    [
                        {
                            "id": "test",
                            "single_end": false
                        },
                        "test_other.fastq.gz:md5,68b329da9893e34099c7d8ad5cb9c940"
                    ]
                ],
                "singleton": [
                    
                ],
                "versions": [
                    "versions.yml:md5,391b9e4150ae63ea50d15781b61712c7"
                ]
            }
        ],
        "meta": {
            "nf-test": "0.9.2",
            "nextflow": "25.04.6"
        },
        "timestamp": "2025-09-10T13:18:17.613509"
    }
}