{
    "sarscov2 paired-end": {
        "content": [
            "abundance.tsv:md5,f0a9a2543f8fc0c8442be0a939d70f66",
            [
                [
                    {
                        "id": "test",
                        "single_end": false
                    },
                    "test.log:md5,cb46ef02463f63fec5aac31a4adcac94"
                ]
            ],
            {
                "versions_kallisto": [
                    [
                        "KALLISTO_QUANT",
                        "kallisto",
                        "0.51.1"
                    ]
                ]
            }
        ],
        "meta": {
            "nf-test": "0.9.3",
            "nextflow": "25.10.3"
        },
        "timestamp": "2026-02-02T17:41:02.882228634"
    },
    "sarscov2 paired-end - stub": {
        "content": [
            [
                [
                    {
                        "id": "test",
                        "single_end": false
                    },
                    [
                        
                    ]
                ]
            ],
            [
                [
                    {
                        "id": "test",
                        "single_end": false
                    },
                    "test.run_info.json:md5,d41d8cd98f00b204e9800998ecf8427e"
                ]
            ],
            [
                [
                    {
                        "id": "test",
                        "single_end": false
                    },
                    "test.log:md5,d41d8cd98f00b204e9800998ecf8427e"
                ]
            ],
            {
                "versions_kallisto": [
                    [
                        "KALLISTO_QUANT",
                        "kallisto",
                        "0.51.1"
                    ]
                ]
            }
        ],
        "meta": {
            "nf-test": "0.9.3",
            "nextflow": "25.10.2"
        },
        "timestamp": "2026-02-02T17:04:52.776183"
    },
    "sarscov2 single-end - stub": {
        "content": [
            [
                [
                    {
                        "id": "test",
                        "single_end": true
                    },
                    [
                        
                    ]
                ]
            ],
            [
                [
                    {
                        "id": "test",
                        "single_end": true
                    },
                    "test.run_info.json:md5,d41d8cd98f00b204e9800998ecf8427e"
                ]
            ],
            [
                [
                    {
                        "id": "test",
                        "single_end": true
                    },
                    "test.log:md5,d41d8cd98f00b204e9800998ecf8427e"
                ]
            ],
            {
                "versions_kallisto": [
                    [
                        "KALLISTO_QUANT",
                        "kallisto",
                        "0.51.1"
                    ]
                ]
            }
        ],
        "meta": {
            "nf-test": "0.9.3",
            "nextflow": "25.10.2"
        },
        "timestamp": "2026-02-02T17:04:38.704914"
    },
    "sarscov2 single-end": {
        "content": [
            "abundance.tsv:md5,8a4afe91e6a75b4e619daaf664eb7d9b",
            [
                [
                    {
                        "id": "test",
                        "single_end": true
                    },
                    "test.log:md5,0cad96e4108b2ea1c152ad063198b21f"
                ]
            ],
            {
                "versions_kallisto": [
                    [
                        "KALLISTO_QUANT",
                        "kallisto",
                        "0.51.1"
                    ]
                ]
            }
        ],
        "meta": {
            "nf-test": "0.9.3",
            "nextflow": "25.10.3"
        },
        "timestamp": "2026-02-02T17:40:56.333394652"
    }
}