{
    "sarscov2 illumina paired-end [fastq_gz]": {
        "content": [
            "Sample_file\tGenome_file\tTaxonomic_abundance\tSequence_abundance\tAdjusted_ANI\tTrue_cov\tANI_5-95_percentile\tEff_lambda\tLambda_5-95_percentile\tMedian_cov\tMean_cov_geq1\tContainment_ind\tNaive_ANI\tkmers_reassigned\tContig_name"
        ],
        "timestamp": "2026-09-29T17:41:02.639415269",
        "meta": {
            "nf-test": "0.9.5",
            "nextflow": "26.09.1"
        }
    },
    "sarscov2 illumina single-end [fastq_gz]": {
        "content": [
            "Sample_file\tGenome_file\tTaxonomic_abundance\tSequence_abundance\tAdjusted_ANI\tTrue_cov\tANI_5-95_percentile\tEff_lambda\tLambda_5-95_percentile\tMedian_cov\tMean_cov_geq1\tContainment_ind\tNaive_ANI\tkmers_reassigned\tContig_name"
        ],
        "timestamp": "2026-09-29T17:40:43.448328167",
        "meta": {
            "nf-test": "0.9.5",
            "nextflow": "26.09.1"
        }
    },
    "sarscov2 illumina paired-end [fastq_gz]-stub": {
        "content": [
            [
                {
                    "id": "test",
                    "meta": {
                        "id": "test"
                    },
                    "profile_out": "test.tsv:md5,d41d8cd98f00b204e9800998ecf8427e"
                }
            ]
        ],
        "timestamp": "2026-09-30T18:19:03.373440274",
        "meta": {
            "nf-test": "0.9.5",
            "nextflow": "26.09.1"
        }
    }
}