{
    "stub sarscov2 illumina single-end [fastq_gz]": {
        "content": [
            [
                {
                    "id": "test",
                    "meta": {
                        "id": "test"
                    },
                    "taxprof_output": "test.sylphmpa:md5,d41d8cd98f00b204e9800998ecf8427e"
                }
            ]
        ],
        "timestamp": "2026-09-30T18:18:38.856049721",
        "meta": {
            "nf-test": "0.9.5",
            "nextflow": "26.09.1"
        }
    },
    "sarscov2 illumina single-end [fastq_gz]": {
        "content": [
            [
                {
                    "id": "test",
                    "meta": {
                        "id": "test",
                        "single_end": true
                    },
                    "taxprof_output": "test.sylphmpa:md5,f2ad47a68ccab63d5ecc6841f47b195e"
                }
            ]
        ],
        "timestamp": "2026-09-30T18:19:03.498494425",
        "meta": {
            "nf-test": "0.9.5",
            "nextflow": "26.09.1"
        }
    }
}